Component: Arm Compiler for Embedded 6.24 Tool: armlink [5f371500]

==============================================================================

Section Cross References

    startup_stm32f401xc.o(STACK) refers (Special) to heapauxi.o(.text) for __use_two_region_memory
    startup_stm32f401xc.o(HEAP) refers (Special) to heapauxi.o(.text) for __use_two_region_memory
    startup_stm32f401xc.o(RESET) refers (Special) to heapauxi.o(.text) for __use_two_region_memory
    startup_stm32f401xc.o(RESET) refers to startup_stm32f401xc.o(STACK) for __initial_sp
    startup_stm32f401xc.o(RESET) refers to startup_stm32f401xc.o(.text) for Reset_Handler
    startup_stm32f401xc.o(RESET) refers to stm32f4xx_it.o(.text.NMI_Handler) for NMI_Handler
    startup_stm32f401xc.o(RESET) refers to stm32f4xx_it.o(.text.HardFault_Handler) for HardFault_Handler
    startup_stm32f401xc.o(RESET) refers to stm32f4xx_it.o(.text.MemManage_Handler) for MemManage_Handler
    startup_stm32f401xc.o(RESET) refers to stm32f4xx_it.o(.text.BusFault_Handler) for BusFault_Handler
    startup_stm32f401xc.o(RESET) refers to stm32f4xx_it.o(.text.UsageFault_Handler) for UsageFault_Handler
    startup_stm32f401xc.o(RESET) refers to stm32f4xx_it.o(.text.SVC_Handler) for SVC_Handler
    startup_stm32f401xc.o(RESET) refers to stm32f4xx_it.o(.text.DebugMon_Handler) for DebugMon_Handler
    startup_stm32f401xc.o(RESET) refers to stm32f4xx_it.o(.text.PendSV_Handler) for PendSV_Handler
    startup_stm32f401xc.o(RESET) refers to stm32f4xx_it.o(.text.SysTick_Handler) for SysTick_Handler
    startup_stm32f401xc.o(RESET) refers to main.o(.text.USART2_IRQHandler) for USART2_IRQHandler
    startup_stm32f401xc.o(.text) refers (Special) to heapauxi.o(.text) for __use_two_region_memory
    startup_stm32f401xc.o(.text) refers to system_stm32f4xx.o(.text.SystemInit) for SystemInit
    startup_stm32f401xc.o(.text) refers to __main.o(!!!main) for __main
    startup_stm32f401xc.o(.text) refers to startup_stm32f401xc.o(HEAP) for Heap_Mem
    startup_stm32f401xc.o(.text) refers to startup_stm32f401xc.o(STACK) for Stack_Mem
    main.o(.text.main) refers to main.o(.text.LL_APB2_GRP1_EnableClock) for LL_APB2_GRP1_EnableClock
    main.o(.text.main) refers to main.o(.text.LL_APB1_GRP1_EnableClock) for LL_APB1_GRP1_EnableClock
    main.o(.text.main) refers to main.o(.text.__NVIC_SetPriorityGrouping) for __NVIC_SetPriorityGrouping
    main.o(.text.main) refers to main.o(.text.__NVIC_GetPriorityGrouping) for __NVIC_GetPriorityGrouping
    main.o(.text.main) refers to main.o(.text.NVIC_EncodePriority) for NVIC_EncodePriority
    main.o(.text.main) refers to main.o(.text.__NVIC_SetPriority) for __NVIC_SetPriority
    main.o(.text.main) refers to main.o(.text.SystemClock_Config) for SystemClock_Config
    main.o(.text.main) refers to hw_gpio.o(.text.GPIO_SPI1_Init) for GPIO_SPI1_Init
    main.o(.text.main) refers to hw_spi.o(.text.SPI_init) for SPI_init
    main.o(.text.main) refers to st7735.o(.text.ST7735_Init) for ST7735_Init
    main.o(.text.main) refers to st7735.o(.text.ST7735_FillScreen) for ST7735_FillScreen
    main.o(.text.main) refers to hw_dma.o(.bss.rx_buf) for rx_buf
    main.o(.text.main) refers to f2d.o(x$fpl$f2d) for __aeabi_f2d
    main.o(.text.main) refers to main.o(.rodata.str1.1) for .L.str
    main.o(.text.main) refers to sprintf.o(.text) for sprintf
    main.o(.text.main) refers to st7735.o(.text.ST7735_DrawString) for ST7735_DrawString
    main.o(.text.main) refers to stm32f4xx_ll_utils.o(.text.LL_mDelay) for LL_mDelay
    main.o(.ARM.exidx.text.main) refers to main.o(.text.main) for [Anonymous Symbol]
    main.o(.ARM.exidx.text.LL_APB2_GRP1_EnableClock) refers to main.o(.text.LL_APB2_GRP1_EnableClock) for [Anonymous Symbol]
    main.o(.ARM.exidx.text.LL_APB1_GRP1_EnableClock) refers to main.o(.text.LL_APB1_GRP1_EnableClock) for [Anonymous Symbol]
    main.o(.ARM.exidx.text.__NVIC_SetPriorityGrouping) refers to main.o(.text.__NVIC_SetPriorityGrouping) for [Anonymous Symbol]
    main.o(.ARM.exidx.text.__NVIC_SetPriority) refers to main.o(.text.__NVIC_SetPriority) for [Anonymous Symbol]
    main.o(.ARM.exidx.text.NVIC_EncodePriority) refers to main.o(.text.NVIC_EncodePriority) for [Anonymous Symbol]
    main.o(.ARM.exidx.text.__NVIC_GetPriorityGrouping) refers to main.o(.text.__NVIC_GetPriorityGrouping) for [Anonymous Symbol]
    main.o(.text.SystemClock_Config) refers to main.o(.text.LL_FLASH_SetLatency) for LL_FLASH_SetLatency
    main.o(.text.SystemClock_Config) refers to main.o(.text.LL_FLASH_GetLatency) for LL_FLASH_GetLatency
    main.o(.text.SystemClock_Config) refers to main.o(.text.LL_PWR_SetRegulVoltageScaling) for LL_PWR_SetRegulVoltageScaling
    main.o(.text.SystemClock_Config) refers to main.o(.text.LL_RCC_HSI_SetCalibTrimming) for LL_RCC_HSI_SetCalibTrimming
    main.o(.text.SystemClock_Config) refers to main.o(.text.LL_RCC_HSI_Enable) for LL_RCC_HSI_Enable
[...]
    .ARM.Collect$$libshutdown$$00000007      0x080002ea   Section        0  libshutdown2.o(.ARM.Collect$$libshutdown$$00000007)
    .ARM.Collect$$libshutdown$$0000000A      0x080002ea   Section        0  libshutdown2.o(.ARM.Collect$$libshutdown$$0000000A)
    .ARM.Collect$$libshutdown$$0000000C      0x080002ea   Section        0  libshutdown2.o(.ARM.Collect$$libshutdown$$0000000C)
    .ARM.Collect$$libshutdown$$0000000F      0x080002ea   Section        0  libshutdown2.o(.ARM.Collect$$libshutdown$$0000000F)
    .ARM.Collect$$libshutdown$$00000010      0x080002ea   Section        2  libshutdown2.o(.ARM.Collect$$libshutdown$$00000010)
    .ARM.Collect$$rtentry$$00000000          0x080002ec   Section        0  __rtentry.o(.ARM.Collect$$rtentry$$00000000)
    .ARM.Collect$$rtentry$$00000002          0x080002ec   Section        0  __rtentry2.o(.ARM.Collect$$rtentry$$00000002)
    .ARM.Collect$$rtentry$$00000004          0x080002ec   Section        6  __rtentry4.o(.ARM.Collect$$rtentry$$00000004)
    .ARM.Collect$$rtentry$$00000009          0x080002f2   Section        0  __rtentry2.o(.ARM.Collect$$rtentry$$00000009)
    .ARM.Collect$$rtentry$$0000000A          0x080002f2   Section        4  __rtentry2.o(.ARM.Collect$$rtentry$$0000000A)
    .ARM.Collect$$rtentry$$0000000C          0x080002f6   Section        0  __rtentry2.o(.ARM.Collect$$rtentry$$0000000C)
    .ARM.Collect$$rtentry$$0000000D          0x080002f6   Section        8  __rtentry2.o(.ARM.Collect$$rtentry$$0000000D)
    .ARM.Collect$$rtexit$$00000000           0x080002fe   Section        2  rtexit.o(.ARM.Collect$$rtexit$$00000000)
    .ARM.Collect$$rtexit$$00000002           0x08000300   Section        0  rtexit2.o(.ARM.Collect$$rtexit$$00000002)
    .ARM.Collect$$rtexit$$00000003           0x08000300   Section        4  rtexit2.o(.ARM.Collect$$rtexit$$00000003)
    .ARM.Collect$$rtexit$$00000004           0x08000304   Section        6  rtexit2.o(.ARM.Collect$$rtexit$$00000004)
    $v0                                      0x0800030c   Number         0  startup_stm32f401xc.o(.text)
    .text                                    0x0800030c   Section       64  startup_stm32f401xc.o(.text)
    .text                                    0x0800034c   Section        0  sprintf.o(.text)
    .text                                    0x08000378   Section       78  rt_memclr_w.o(.text)
    .text                                    0x080003c6   Section        0  heapauxi.o(.text)
    .text                                    0x080003cc   Section        0  _printf_pad.o(.text)
    .text                                    0x0800041a   Section        0  _printf_truncate.o(.text)
    .text                                    0x0800043e   Section        0  _printf_str.o(.text)
    .text                                    0x08000490   Section        0  _printf_dec.o(.text)
    .text                                    0x08000508   Section        0  _printf_charcount.o(.text)
    _printf_input_char                       0x08000531   Thumb Code    10  _printf_char_common.o(.text)
    .text                                    0x08000530   Section        0  _printf_char_common.o(.text)
    .text                                    0x08000560   Section        0  _sputc.o(.text)
    .text                                    0x0800056c   Section        0  _printf_wctomb.o(.text)
    .text                                    0x08000628   Section        0  _printf_longlong_dec.o(.text)
    _printf_longlong_oct_internal            0x080006a5   Thumb Code     0  _printf_oct_int_ll.o(.text)
    .text                                    0x080006a4   Section        0  _printf_oct_int_ll.o(.text)
    _printf_hex_common                       0x08000715   Thumb Code     0  _printf_hex_int_ll_ptr.o(.text)
    .text                                    0x08000714   Section        0  _printf_hex_int_ll_ptr.o(.text)
    .text                                    0x080007a8   Section        0  __printf_flags_ss_wp.o(.text)
    .text                                    0x08000930   Section      138  lludiv10.o(.text)
    .text                                    0x080009ba   Section        0  _printf_intcommon.o(.text)
    _fp_digits                               0x08000a6d   Thumb Code   432  _printf_fp_dec.o(.text)
    .text                                    0x08000a6c   Section        0  _printf_fp_dec.o(.text)
    .text                                    0x08000e88   Section        0  _printf_fp_hex.o(.text)
    .text                                    0x08001184   Section        0  _printf_char.o(.text)
    .text                                    0x080011b0   Section        0  _printf_wchar.o(.text)
    .text                                    0x080011dc   Section        0  _c16rtomb.o(.text)
    .text                                    0x08001224   Section       74  sys_stackheap_outer.o(.text)
    .text                                    0x08001270   Section       16  rt_ctype_table.o(.text)
    .text                                    0x08001280   Section        8  rt_locale_intlibspace.o(.text)
    .text                                    0x08001288   Section        0  _printf_fp_infnan.o(.text)
    .text                                    0x08001308   Section        0  bigflt0.o(.text)
    .text                                    0x080013ec   Section        0  exit.o(.text)
    .text                                    0x08001400   Section        8  libspace.o(.text)
    .text                                    0x08001408   Section      124  strcmpv7em.o(.text)
    .text                                    0x08001484   Section        0  sys_exit.o(.text)
    .text                                    0x08001490   Section        2  use_no_semi.o(.text)
    .text                                    0x08001492   Section        0  indicate_semi.o(.text)
    [Anonymous Symbol]                       0x08001494   Section        0  stm32f4xx_it.o(.text.BusFault_Handler)
    [Anonymous Symbol]                       0x08001498   Section        0  stm32f4xx_it.o(.text.DebugMon_Handler)
    [Anonymous Symbol]                       0x0800149c   Section        0  hw_gpio.o(.text.GPIO_SPI1_Init)
    [Anonymous Symbol]                       0x0800154c   Section        0  stm32f4xx_it.o(.text.HardFault_Handler)
    LL_AHB1_GRP1_EnableClock                 0x08001551   Thumb Code    34  hw_gpio.o(.text.LL_AHB1_GRP1_EnableClock)
    [Anonymous Symbol]                       0x08001550   Section        0  hw_gpio.o(.text.LL_AHB1_GRP1_EnableClock)
    LL_APB1_GRP1_EnableClock                 0x08001575   Thumb Code    34  main.o(.text.LL_APB1_GRP1_EnableClock)
    [Anonymous Symbol]                       0x08001574   Section        0  main.o(.text.LL_APB1_GRP1_EnableClock)
    LL_APB2_GRP1_EnableClock                 0x08001599   Thumb Code    34  main.o(.text.LL_APB2_GRP1_EnableClock)
    [Anonymous Symbol]                       0x08001598   Section        0  main.o(.text.LL_APB2_GRP1_EnableClock)
    LL_APB2_GRP1_EnableClock                 0x080015bd   Thumb Code    34  hw_spi.o(.text.LL_APB2_GRP1_EnableClock)
    [Anonymous Symbol]                       0x080015bc   Section        0  hw_spi.o(.text.LL_APB2_GRP1_EnableClock)
    LL_DMA_ClearFlag_TC6                     0x080015e1   Thumb Code    16  main.o(.text.LL_DMA_ClearFlag_TC6)
    [Anonymous Symbol]                       0x080015e0   Section        0  main.o(.text.LL_DMA_ClearFlag_TC6)
    LL_DMA_DisableStream                     0x080015f1   Thumb Code    32  main.o(.text.LL_DMA_DisableStream)
    [Anonymous Symbol]                       0x080015f0   Section        0  main.o(.text.LL_DMA_DisableStream)
    LL_DMA_EnableStream                      0x08001611   Thumb Code    32  main.o(.text.LL_DMA_EnableStream)
    [Anonymous Symbol]                       0x08001610   Section        0  main.o(.text.LL_DMA_EnableStream)
    LL_DMA_GetDataLength                     0x08001631   Thumb Code    30  main.o(.text.LL_DMA_GetDataLength)
    [Anonymous Symbol]                       0x08001630   Section        0  main.o(.text.LL_DMA_GetDataLength)
    LL_DMA_IsActiveFlag_TC6                  0x08001651   Thumb Code    16  main.o(.text.LL_DMA_IsActiveFlag_TC6)
    [Anonymous Symbol]                       0x08001650   Section        0  main.o(.text.LL_DMA_IsActiveFlag_TC6)
    LL_DMA_SetDataLength                     0x08001661   Thumb Code    50  main.o(.text.LL_DMA_SetDataLength)
    [Anonymous Symbol]                       0x08001660   Section        0  main.o(.text.LL_DMA_SetDataLength)
    LL_DMA_SetMemoryAddress                  0x08001695   Thumb Code    32  main.o(.text.LL_DMA_SetMemoryAddress)
    [Anonymous Symbol]                       0x08001694   Section        0  main.o(.text.LL_DMA_SetMemoryAddress)
    LL_FLASH_GetLatency                      0x080016b5   Thumb Code    16  main.o(.text.LL_FLASH_GetLatency)
    [Anonymous Symbol]                       0x080016b4   Section        0  main.o(.text.LL_FLASH_GetLatency)
    LL_FLASH_SetLatency                      0x080016c5   Thumb Code    28  main.o(.text.LL_FLASH_SetLatency)
    [Anonymous Symbol]                       0x080016c4   Section        0  main.o(.text.LL_FLASH_SetLatency)
    [Anonymous Symbol]                       0x080016e0   Section        0  stm32f4xx_ll_gpio.o(.text.LL_GPIO_Init)
    LL_GPIO_ResetOutputPin                   0x080017e9   Thumb Code    18  st7735.o(.text.LL_GPIO_ResetOutputPin)
    [Anonymous Symbol]                       0x080017e8   Section        0  st7735.o(.text.LL_GPIO_ResetOutputPin)
    LL_GPIO_SetAFPin_0_7                     0x080017fd   Thumb Code   124  stm32f4xx_ll_gpio.o(.text.LL_GPIO_SetAFPin_0_7)
    [Anonymous Symbol]                       0x080017fc   Section        0  stm32f4xx_ll_gpio.o(.text.LL_GPIO_SetAFPin_0_7)
    LL_GPIO_SetAFPin_8_15                    0x08001879   Thumb Code   128  stm32f4xx_ll_gpio.o(.text.LL_GPIO_SetAFPin_8_15)
    [Anonymous Symbol]                       0x08001878   Section        0  stm32f4xx_ll_gpio.o(.text.LL_GPIO_SetAFPin_8_15)
    LL_GPIO_SetOutputPin                     0x080018f9   Thumb Code    16  hw_gpio.o(.text.LL_GPIO_SetOutputPin)
    [Anonymous Symbol]                       0x080018f8   Section        0  hw_gpio.o(.text.LL_GPIO_SetOutputPin)
    LL_GPIO_SetOutputPin                     0x08001909   Thumb Code    16  st7735.o(.text.LL_GPIO_SetOutputPin)
    [Anonymous Symbol]                       0x08001908   Section        0  st7735.o(.text.LL_GPIO_SetOutputPin)
    LL_GPIO_SetPinMode                       0x08001919   Thumb Code   124  stm32f4xx_ll_gpio.o(.text.LL_GPIO_SetPinMode)
    [Anonymous Symbol]                       0x08001918   Section        0  stm32f4xx_ll_gpio.o(.text.LL_GPIO_SetPinMode)
    LL_GPIO_SetPinMode                       0x08001995   Thumb Code   124  hw_gpio.o(.text.LL_GPIO_SetPinMode)
    [Anonymous Symbol]                       0x08001994   Section        0  hw_gpio.o(.text.LL_GPIO_SetPinMode)
    LL_GPIO_SetPinOutputType                 0x08001a11   Thumb Code    30  stm32f4xx_ll_gpio.o(.text.LL_GPIO_SetPinOutputType)
    [Anonymous Symbol]                       0x08001a10   Section        0  stm32f4xx_ll_gpio.o(.text.LL_GPIO_SetPinOutputType)
    LL_GPIO_SetPinPull                       0x08001a31   Thumb Code   124  stm32f4xx_ll_gpio.o(.text.LL_GPIO_SetPinPull)
    [Anonymous Symbol]                       0x08001a30   Section        0  stm32f4xx_ll_gpio.o(.text.LL_GPIO_SetPinPull)
    LL_GPIO_SetPinSpeed                      0x08001aad   Thumb Code   124  stm32f4xx_ll_gpio.o(.text.LL_GPIO_SetPinSpeed)
    [Anonymous Symbol]                       0x08001aac   Section        0  stm32f4xx_ll_gpio.o(.text.LL_GPIO_SetPinSpeed)
    [Anonymous Symbol]                       0x08001b28   Section        0  stm32f4xx_ll_utils.o(.text.LL_Init1msTick)
    LL_InitTick                              0x08001b3d   Thumb Code    54  stm32f4xx_ll_utils.o(.text.LL_InitTick)
    [Anonymous Symbol]                       0x08001b3c   Section        0  stm32f4xx_ll_utils.o(.text.LL_InitTick)
    LL_PWR_SetRegulVoltageScaling            0x08001b75   Thumb Code    28  main.o(.text.LL_PWR_SetRegulVoltageScaling)
    [Anonymous Symbol]                       0x08001b74   Section        0  main.o(.text.LL_PWR_SetRegulVoltageScaling)
    LL_RCC_GetSysClkSource                   0x08001b91   Thumb Code    16  main.o(.text.LL_RCC_GetSysClkSource)
    [Anonymous Symbol]                       0x08001b90   Section        0  main.o(.text.LL_RCC_GetSysClkSource)
    LL_RCC_HSI_Enable                        0x08001ba1   Thumb Code    18  main.o(.text.LL_RCC_HSI_Enable)
    [Anonymous Symbol]                       0x08001ba0   Section        0  main.o(.text.LL_RCC_HSI_Enable)
    LL_RCC_HSI_IsReady                       0x08001bb5   Thumb Code    16  main.o(.text.LL_RCC_HSI_IsReady)
    [Anonymous Symbol]                       0x08001bb4   Section        0  main.o(.text.LL_RCC_HSI_IsReady)
    LL_RCC_HSI_SetCalibTrimming              0x08001bc5   Thumb Code    30  main.o(.text.LL_RCC_HSI_SetCalibTrimming)
    [Anonymous Symbol]                       0x08001bc4   Section        0  main.o(.text.LL_RCC_HSI_SetCalibTrimming)
    LL_RCC_SetAHBPrescaler                   0x08001be5   Thumb Code    28  main.o(.text.LL_RCC_SetAHBPrescaler)
    [Anonymous Symbol]                       0x08001be4   Section        0  main.o(.text.LL_RCC_SetAHBPrescaler)
    LL_RCC_SetAPB1Prescaler                  0x08001c01   Thumb Code    28  main.o(.text.LL_RCC_SetAPB1Prescaler)
    [Anonymous Symbol]                       0x08001c00   Section        0  main.o(.text.LL_RCC_SetAPB1Prescaler)
    LL_RCC_SetAPB2Prescaler                  0x08001c1d   Thumb Code    28  main.o(.text.LL_RCC_SetAPB2Prescaler)
    [Anonymous Symbol]                       0x08001c1c   Section        0  main.o(.text.LL_RCC_SetAPB2Prescaler)
    LL_RCC_SetSysClkSource                   0x08001c39   Thumb Code    28  main.o(.text.LL_RCC_SetSysClkSource)
    [Anonymous Symbol]                       0x08001c38   Section        0  main.o(.text.LL_RCC_SetSysClkSource)
    LL_RCC_SetTIMPrescaler                   0x08001c55   Thumb Code    28  main.o(.text.LL_RCC_SetTIMPrescaler)
    [Anonymous Symbol]                       0x08001c54   Section        0  main.o(.text.LL_RCC_SetTIMPrescaler)
    LL_SPI_Enable                            0x08001c71   Thumb Code    18  hw_spi.o(.text.LL_SPI_Enable)
    [Anonymous Symbol]                       0x08001c70   Section        0  hw_spi.o(.text.LL_SPI_Enable)
    [Anonymous Symbol]                       0x08001c84   Section        0  stm32f4xx_ll_spi.o(.text.LL_SPI_Init)
    LL_SPI_IsActiveFlag_BSY                  0x08001d21   Thumb Code    16  st7735.o(.text.LL_SPI_IsActiveFlag_BSY)
    [Anonymous Symbol]                       0x08001d20   Section        0  st7735.o(.text.LL_SPI_IsActiveFlag_BSY)
    LL_SPI_IsActiveFlag_TXE                  0x08001d31   Thumb Code    16  st7735.o(.text.LL_SPI_IsActiveFlag_TXE)
    [Anonymous Symbol]                       0x08001d30   Section        0  st7735.o(.text.LL_SPI_IsActiveFlag_TXE)
    LL_SPI_IsEnabled                         0x08001d41   Thumb Code    16  stm32f4xx_ll_spi.o(.text.LL_SPI_IsEnabled)
    [Anonymous Symbol]                       0x08001d40   Section        0  stm32f4xx_ll_spi.o(.text.LL_SPI_IsEnabled)
    LL_SPI_SetCRCPolynomial                  0x08001d51   Thumb Code    18  stm32f4xx_ll_spi.o(.text.LL_SPI_SetCRCPolynomial)
    [Anonymous Symbol]                       0x08001d50   Section        0  stm32f4xx_ll_spi.o(.text.LL_SPI_SetCRCPolynomial)
    LL_SPI_SetStandard                       0x08001d65   Thumb Code    26  hw_spi.o(.text.LL_SPI_SetStandard)
    [Anonymous Symbol]                       0x08001d64   Section        0  hw_spi.o(.text.LL_SPI_SetStandard)
    LL_SPI_TransmitData8                     0x08001d81   Thumb Code    26  st7735.o(.text.LL_SPI_TransmitData8)
    [Anonymous Symbol]                       0x08001d80   Section        0  st7735.o(.text.LL_SPI_TransmitData8)
    [Anonymous Symbol]                       0x08001d9c   Section        0  stm32f4xx_ll_utils.o(.text.LL_SetSystemCoreClock)
    LL_USART_ClearFlag_IDLE                  0x08001db1   Thumb Code    24  main.o(.text.LL_USART_ClearFlag_IDLE)
    [Anonymous Symbol]                       0x08001db0   Section        0  main.o(.text.LL_USART_ClearFlag_IDLE)
    LL_USART_IsActiveFlag_IDLE               0x08001dc9   Thumb Code    16  main.o(.text.LL_USART_IsActiveFlag_IDLE)
    [Anonymous Symbol]                       0x08001dc8   Section        0  main.o(.text.LL_USART_IsActiveFlag_IDLE)
    LL_USART_IsActiveFlag_TC                 0x08001dd9   Thumb Code    16  main.o(.text.LL_USART_IsActiveFlag_TC)
    [Anonymous Symbol]                       0x08001dd8   Section        0  main.o(.text.LL_USART_IsActiveFlag_TC)
    [Anonymous Symbol]                       0x08001de8   Section        0  stm32f4xx_ll_utils.o(.text.LL_mDelay)
    [Anonymous Symbol]                       0x08001e34   Section        0  stm32f4xx_it.o(.text.MemManage_Handler)
    [Anonymous Symbol]                       0x08001e38   Section        0  stm32f4xx_it.o(.text.NMI_Handler)
    NVIC_EncodePriority                      0x08001e3d   Thumb Code   108  main.o(.text.NVIC_EncodePriority)
    [Anonymous Symbol]                       0x08001e3c   Section        0  main.o(.text.NVIC_EncodePriority)
    [Anonymous Symbol]                       0x08001ea8   Section        0  stm32f4xx_it.o(.text.PendSV_Handler)
    [Anonymous Symbol]                       0x08001eac   Section        0  hw_spi.o(.text.SPI_init)
    [Anonymous Symbol]                       0x08001f08   Section        0  st7735.o(.text.ST7735_DrawChar)
    [Anonymous Symbol]                       0x08001fec   Section        0  st7735.o(.text.ST7735_DrawPixel)
    [Anonymous Symbol]                       0x0800209c   Section        0  st7735.o(.text.ST7735_DrawString)
    [Anonymous Symbol]                       0x080020e4   Section        0  st7735.o(.text.ST7735_FillScreen)
    [Anonymous Symbol]                       0x0800218c   Section        0  st7735.o(.text.ST7735_Init)
    ST7735_Reset                             0x080021e9   Thumb Code    48  st7735.o(.text.ST7735_Reset)
    [Anonymous Symbol]                       0x080021e8   Section        0  st7735.o(.text.ST7735_Reset)
    ST7735_Select                            0x08002219   Thumb Code    16  st7735.o(.text.ST7735_Select)
    [Anonymous Symbol]                       0x08002218   Section        0  st7735.o(.text.ST7735_Select)
    ST7735_SetAddressWindow                  0x08002229   Thumb Code   100  st7735.o(.text.ST7735_SetAddressWindow)
    [Anonymous Symbol]                       0x08002228   Section        0  st7735.o(.text.ST7735_SetAddressWindow)
    ST7735_Unselect                          0x0800228d   Thumb Code    16  st7735.o(.text.ST7735_Unselect)
    [Anonymous Symbol]                       0x0800228c   Section        0  st7735.o(.text.ST7735_Unselect)
    ST7735_WriteCommand                      0x0800229d   Thumb Code    90  st7735.o(.text.ST7735_WriteCommand)
    [Anonymous Symbol]                       0x0800229c   Section        0  st7735.o(.text.ST7735_WriteCommand)
    ST7735_WriteData                         0x080022f9   Thumb Code    90  st7735.o(.text.ST7735_WriteData)
    [Anonymous Symbol]                       0x080022f8   Section        0  st7735.o(.text.ST7735_WriteData)
    [Anonymous Symbol]                       0x08002354   Section        0  stm32f4xx_it.o(.text.SVC_Handler)
    [Anonymous Symbol]                       0x08002358   Section        0  stm32f4xx_it.o(.text.SysTick_Handler)
    [Anonymous Symbol]                       0x0800235c   Section        0  main.o(.text.SystemClock_Config)
    [Anonymous Symbol]                       0x080023d8   Section        0  system_stm32f4xx.o(.text.SystemInit)
    [Anonymous Symbol]                       0x080023ec   Section        0  main.o(.text.USART2_IRQHandler)
    [Anonymous Symbol]                       0x08002568   Section        0  stm32f4xx_it.o(.text.UsageFault_Handler)
    __NVIC_GetPriorityGrouping               0x0800256d   Thumb Code    16  main.o(.text.__NVIC_GetPriorityGrouping)
    [Anonymous Symbol]                       0x0800256c   Section        0  main.o(.text.__NVIC_GetPriorityGrouping)
    __NVIC_SetPriority                       0x0800257d   Thumb Code    66  main.o(.text.__NVIC_SetPriority)
    [Anonymous Symbol]                       0x0800257c   Section        0  main.o(.text.__NVIC_SetPriority)
    __NVIC_SetPriorityGrouping               0x080025c1   Thumb Code    60  main.o(.text.__NVIC_SetPriorityGrouping)
    [Anonymous Symbol]                       0x080025c0   Section        0  main.o(.text.__NVIC_SetPriorityGrouping)
    [Anonymous Symbol]                       0x080025fc   Section        0  main.o(.text.main)
    CL$$btod_d2e                             0x080026cc   Section       62  btod.o(CL$$btod_d2e)
    CL$$btod_d2e_denorm_low                  0x0800270a   Section       70  btod.o(CL$$btod_d2e_denorm_low)
    CL$$btod_d2e_norm_op1                    0x08002750   Section       96  btod.o(CL$$btod_d2e_norm_op1)
    CL$$btod_div_common                      0x080027b0   Section      824  btod.o(CL$$btod_div_common)
    CL$$btod_e2e                             0x08002ae8   Section      220  btod.o(CL$$btod_e2e)
    CL$$btod_ediv                            0x08002bc4   Section       42  btod.o(CL$$btod_ediv)
    CL$$btod_emul                            0x08002bee   Section       42  btod.o(CL$$btod_emul)
    CL$$btod_mult_common                     0x08002c18   Section      580  btod.o(CL$$btod_mult_common)
    i.__ARM_fpclassify                       0x08002e5c   Section        0  fpclassify.o(i.__ARM_fpclassify)
    i._is_digit                              0x08002e8c   Section        0  __printf_wp.o(i._is_digit)
    locale$$code                             0x08002e9c   Section       44  lc_numeric_c.o(locale$$code)
    locale$$code                             0x08002ec8   Section       44  lc_ctype_c.o(locale$$code)
    $v0                                      0x08002ef4   Number         0  dretinf.o(x$fpl$dretinf)
    x$fpl$dretinf                            0x08002ef4   Section       12  dretinf.o(x$fpl$dretinf)
    $v0                                      0x08002f00   Number         0  f2d.o(x$fpl$f2d)
    x$fpl$f2d                                0x08002f00   Section       86  f2d.o(x$fpl$f2d)
    $v0                                      0x08002f56   Number         0  fnaninf.o(x$fpl$fnaninf)
    x$fpl$fnaninf                            0x08002f56   Section      140  fnaninf.o(x$fpl$fnaninf)
    $v0                                      0x08002fe2   Number         0  fpinit.o(x$fpl$fpinit)
    x$fpl$fpinit                             0x08002fe2   Section       26  fpinit.o(x$fpl$fpinit)
    $v0                                      0x08002ffc   Number         0  printf1.o(x$fpl$printf1)
    x$fpl$printf1                            0x08002ffc   Section        4  printf1.o(x$fpl$printf1)
    $v0                                      0x08003000   Number         0  printf2.o(x$fpl$printf2)
    x$fpl$printf2                            0x08003000   Section        4  printf2.o(x$fpl$printf2)
    initial_mbstate                          0x08003004   Data           8  _printf_wctomb.o(.constdata)
    .constdata                               0x08003004   Section        8  _printf_wctomb.o(.constdata)
    x$fpl$usenofp                            0x08003004   Section        0  usenofp.o(x$fpl$usenofp)
    uc_hextab                                0x0800300c   Data          20  _printf_hex_int_ll_ptr.o(.constdata)
    .constdata                               0x0800300c   Section       40  _printf_hex_int_ll_ptr.o(.constdata)
    lc_hextab                                0x08003020   Data          20  _printf_hex_int_ll_ptr.o(.constdata)
    maptable                                 0x08003034   Data          17  __printf_flags_ss_wp.o(.constdata)
    .constdata                               0x08003034   Section       17  __printf_flags_ss_wp.o(.constdata)
    lc_hextab                                0x08003045   Data          19  _printf_fp_hex.o(.constdata)
    .constdata                               0x08003045   Section       38  _printf_fp_hex.o(.constdata)
    uc_hextab                                0x08003058   Data          19  _printf_fp_hex.o(.constdata)
    tenpwrs_x                                0x0800306c   Data          60  bigflt0.o(.constdata)
    .constdata                               0x0800306c   Section      148  bigflt0.o(.constdata)
    tenpwrs_i                                0x080030a8   Data          64  bigflt0.o(.constdata)
    STREAM_OFFSET_TAB                        0x080032db   Data           8  main.o(.rodata.STREAM_OFFSET_TAB)
    [Anonymous Symbol]                       0x080032db   Section        0  main.o(.rodata.STREAM_OFFSET_TAB)
    .L.str                                   0x080032e3   Data          14  main.o(.rodata.str1.1)
    [Anonymous Symbol]                       0x080032e3   Section        0  main.o(.rodata.str1.1)
    locale$$data                             0x08003314   Section       28  lc_numeric_c.o(locale$$data)
    __lcnum_c_name                           0x08003318   Data           2  lc_numeric_c.o(locale$$data)
    __lcnum_c_start                          0x08003320   Data           0  lc_numeric_c.o(locale$$data)
    __lcnum_c_point                          0x0800332c   Data           0  lc_numeric_c.o(locale$$data)
    __lcnum_c_thousands                      0x0800332e   Data           0  lc_numeric_c.o(locale$$data)
    __lcnum_c_grouping                       0x0800332f   Data           0  lc_numeric_c.o(locale$$data)
    __lcnum_c_end                            0x08003330   Data           0  lc_numeric_c.o(locale$$data)
    locale$$data                             0x08003330   Section      272  lc_ctype_c.o(locale$$data)
    __lcctype_c_name                         0x08003334   Data           2  lc_ctype_c.o(locale$$data)
    __lcctype_c_start                        0x0800333c   Data           0  lc_ctype_c.o(locale$$data)
    __lcctype_c_end                          0x08003440   Data           0  lc_ctype_c.o(locale$$data)
    .bss                                     0x20000018   Section       96  libspace.o(.bss)
    Heap_Mem                                 0x200000b8   Data         512  startup_stm32f401xc.o(HEAP)
    HEAP                                     0x200000b8   Section      512  startup_stm32f401xc.o(HEAP)
    Stack_Mem                                0x200002b8   Data        1024  startup_stm32f401xc.o(STACK)
    STACK                                    0x200002b8   Section     1024  startup_stm32f401xc.o(STACK)
    __initial_sp                             0x200006b8   Data           0  startup_stm32f401xc.o(STACK)

    Global Symbols

    Symbol Name                              Value     Ov Type        Size  Object(Section)

    BuildAttributes$$THM_ISAv4$E$P$D$K$B$S$7EM$VFPi3$EXTD16$VFPS$VFMA$PE$A:L22UL41UL21$X:L11$S22US41US21$IEEE1$IW$~IW$USESV6$~STKCKD$USESV7$~SHL$OTIME$ROPI$IEEEJ$EBA8$UX$STANDARDLIB$REQ8$PRES8$EABIv2 0x00000000   Number         0  anon$$obj.o ABSOLUTE
    _printf_flags                            0x00000000   Number         0  printf_stubs.o ABSOLUTE
    _printf_return_value                     0x00000000   Number         0  printf_stubs.o ABSOLUTE
    _printf_sizespec                         0x00000000   Number         0  printf_stubs.o ABSOLUTE
    _printf_widthprec                        0x00000000   Number         0  printf_stubs.o ABSOLUTE
    __ARM_exceptions_init                     - Undefined Weak Reference
    __alloca_initialize                       - Undefined Weak Reference
    __arm_preinit_                            - Undefined Weak Reference
    __arm_relocate_pie_                       - Undefined Weak Reference
    __cpp_initialize__aeabi_                  - Undefined Weak Reference
    __cxa_finalize                            - Undefined Weak Reference
    __sigvec_lookup                           - Undefined Weak Reference
    _atexit_init                              - Undefined Weak Reference
    _call_atexit_fns                          - Undefined Weak Reference
    _clock_init                               - Undefined Weak Reference
    _fp_trap_init                             - Undefined Weak Reference
    _fp_trap_shutdown                         - Undefined Weak Reference
    _get_lc_collate                           - Undefined Weak Reference
    _get_lc_monetary                          - Undefined Weak Reference
    _get_lc_time                              - Undefined Weak Reference
    _getenv_init                              - Undefined Weak Reference
    _handle_redirection                       - Undefined Weak Reference
    _init_alloc                               - Undefined Weak Reference
    _init_user_alloc                          - Undefined Weak Reference
    _initio                                   - Undefined Weak Reference
    _printf_mbtowc                            - Undefined Weak Reference
    _printf_wc                                - Undefined Weak Reference
    _rand_init                                - Undefined Weak Reference
    _signal_finish                            - Undefined Weak Reference
    _signal_init                              - Undefined Weak Reference
    _terminate_alloc                          - Undefined Weak Reference
    _terminate_user_alloc                     - Undefined Weak Reference
    _terminateio                              - Undefined Weak Reference
    __Vectors_Size                           0x00000194   Number         0  startup_stm32f401xc.o ABSOLUTE
    __Vectors                                0x08000000   Data           4  startup_stm32f401xc.o(RESET)
    __Vectors_End                            0x08000194   Data           0  startup_stm32f401xc.o(RESET)
    __main                                   0x08000195   Thumb Code     8  __main.o(!!!main)
    __scatterload                            0x0800019d   Thumb Code     0  __scatter.o(!!!scatter)
    __scatterload_rt2                        0x0800019d   Thumb Code    84  __scatter.o(!!!scatter)
    __scatterload_rt2_thumb_only             0x0800019d   Thumb Code     0  __scatter.o(!!!scatter)
    __scatterload_loop                       0x080001a7   Thumb Code     0  __scatter.o(!!!scatter)
    __scatterload_copy                       0x080001f9   Thumb Code    26  __scatter_copy.o(!!handler_copy)
    __scatterload_null                       0x08000215   Thumb Code     2  __scatter.o(!!handler_null)
    __scatterload_zeroinit                   0x08000219   Thumb Code    28  __scatter_zi.o(!!handler_zi)
    _printf_n                                0x08000235   Thumb Code     0  _printf_n.o(.ARM.Collect$$_printf_percent$$00000001)
    _printf_percent                          0x08000235   Thumb Code     0  _printf_percent.o(.ARM.Collect$$_printf_percent$$00000000)
    _printf_p                                0x0800023b   Thumb Code     0  _printf_p.o(.ARM.Collect$$_printf_percent$$00000002)
    _printf_f                                0x08000241   Thumb Code     0  _printf_f.o(.ARM.Collect$$_printf_percent$$00000003)
    _printf_e                                0x08000247   Thumb Code     0  _printf_e.o(.ARM.Collect$$_printf_percent$$00000004)
    _printf_g                                0x0800024d   Thumb Code     0  _printf_g.o(.ARM.Collect$$_printf_percent$$00000005)
    _printf_a                                0x08000253   Thumb Code     0  _printf_a.o(.ARM.Collect$$_printf_percent$$00000006)
    _printf_ll                               0x08000259   Thumb Code     0  _printf_ll.o(.ARM.Collect$$_printf_percent$$00000007)
    _printf_i                                0x08000263   Thumb Code     0  _printf_i.o(.ARM.Collect$$_printf_percent$$00000008)
    _printf_d                                0x08000269   Thumb Code     0  _printf_d.o(.ARM.Collect$$_printf_percent$$00000009)
    _printf_u                                0x0800026f   Thumb Code     0  _printf_u.o(.ARM.Collect$$_printf_percent$$0000000A)
    _printf_o                                0x08000275   Thumb Code     0  _printf_o.o(.ARM.Collect$$_printf_percent$$0000000B)
    _printf_x                                0x0800027b   Thumb Code     0  _printf_x.o(.ARM.Collect$$_printf_percent$$0000000C)
    _printf_lli                              0x08000281   Thumb Code     0  _printf_lli.o(.ARM.Collect$$_printf_percent$$0000000D)
    _printf_lld                              0x08000287   Thumb Code     0  _printf_lld.o(.ARM.Collect$$_printf_percent$$0000000E)
    _printf_llu                              0x0800028d   Thumb Code     0  _printf_llu.o(.ARM.Collect$$_printf_percent$$0000000F)
    _printf_llo                              0x08000293   Thumb Code     0  _printf_llo.o(.ARM.Collect$$_printf_percent$$00000010)
    _printf_llx                              0x08000299   Thumb Code     0  _printf_llx.o(.ARM.Collect$$_printf_percent$$00000011)
    _printf_l                                0x0800029f   Thumb Code     0  _printf_l.o(.ARM.Collect$$_printf_percent$$00000012)
    _printf_c                                0x080002a9   Thumb Code     0  _printf_c.o(.ARM.Collect$$_printf_percent$$00000013)
    _printf_s                                0x080002af   Thumb Code     0  _printf_s.o(.ARM.Collect$$_printf_percent$$00000014)
    _printf_lc                               0x080002b5   Thumb Code     0  _printf_lc.o(.ARM.Collect$$_printf_percent$$00000015)
    _printf_ls                               0x080002bb   Thumb Code     0  _printf_ls.o(.ARM.Collect$$_printf_percent$$00000016)
    _printf_percent_end                      0x080002c1   Thumb Code     0  _printf_percent_end.o(.ARM.Collect$$_printf_percent$$00000017)
    __rt_lib_init                            0x080002c5   Thumb Code     0  libinit.o(.ARM.Collect$$libinit$$00000000)
    __rt_lib_init_fp_1                       0x080002c7   Thumb Code     0  libinit2.o(.ARM.Collect$$libinit$$00000001)
    __rt_lib_init_heap_1                     0x080002cb   Thumb Code     0  libinit2.o(.ARM.Collect$$libinit$$0000000C)
    __rt_lib_init_lc_common                  0x080002cb   Thumb Code     0  libinit2.o(.ARM.Collect$$libinit$$00000011)
    __rt_lib_init_preinit_1                  0x080002cb   Thumb Code     0  libinit2.o(.ARM.Collect$$libinit$$00000006)
    __rt_lib_init_rand_1                     0x080002cb   Thumb Code     0  libinit2.o(.ARM.Collect$$libinit$$00000010)
    __rt_lib_init_relocate_pie_1             0x080002cb   Thumb Code     0  libinit2.o(.ARM.Collect$$libinit$$00000004)
    __rt_lib_init_user_alloc_1               0x080002cb   Thumb Code     0  libinit2.o(.ARM.Collect$$libinit$$0000000E)
    __rt_lib_init_lc_collate_1               0x080002d1   Thumb Code     0  libinit2.o(.ARM.Collect$$libinit$$00000013)
    __rt_lib_init_lc_ctype_2                 0x080002d1   Thumb Code     0  libinit2.o(.ARM.Collect$$libinit$$00000014)
    __rt_lib_init_lc_ctype_1                 0x080002dd   Thumb Code     0  libinit2.o(.ARM.Collect$$libinit$$00000015)
    __rt_lib_init_lc_monetary_1              0x080002dd   Thumb Code     0  libinit2.o(.ARM.Collect$$libinit$$00000017)
    __rt_lib_init_lc_numeric_2               0x080002dd   Thumb Code     0  libinit2.o(.ARM.Collect$$libinit$$00000018)
    __rt_lib_init_alloca_1                   0x080002e7   Thumb Code     0  libinit2.o(.ARM.Collect$$libinit$$00000030)
    __rt_lib_init_argv_1                     0x080002e7   Thumb Code     0  libinit2.o(.ARM.Collect$$libinit$$0000002E)
    __rt_lib_init_atexit_1                   0x080002e7   Thumb Code     0  libinit2.o(.ARM.Collect$$libinit$$0000001D)
    __rt_lib_init_clock_1                    0x080002e7   Thumb Code     0  libinit2.o(.ARM.Collect$$libinit$$00000023)
    __rt_lib_init_cpp_1                      0x080002e7   Thumb Code     0  libinit2.o(.ARM.Collect$$libinit$$00000034)
    __rt_lib_init_exceptions_1               0x080002e7   Thumb Code     0  libinit2.o(.ARM.Collect$$libinit$$00000032)
    __rt_lib_init_fp_trap_1                  0x080002e7   Thumb Code     0  libinit2.o(.ARM.Collect$$libinit$$00000021)
    __rt_lib_init_getenv_1                   0x080002e7   Thumb Code     0  libinit2.o(.ARM.Collect$$libinit$$00000025)
    __rt_lib_init_lc_numeric_1               0x080002e7   Thumb Code     0  libinit2.o(.ARM.Collect$$libinit$$00000019)
    __rt_lib_init_lc_time_1                  0x080002e7   Thumb Code     0  libinit2.o(.ARM.Collect$$libinit$$0000001B)
    __rt_lib_init_return                     0x080002e7   Thumb Code     0  libinit2.o(.ARM.Collect$$libinit$$00000035)
    __rt_lib_init_signal_1                   0x080002e7   Thumb Code     0  libinit2.o(.ARM.Collect$$libinit$$0000001F)
    __rt_lib_init_stdio_1                    0x080002e7   Thumb Code     0  libinit2.o(.ARM.Collect$$libinit$$00000027)
    __rt_lib_shutdown                        0x080002e9   Thumb Code     0  libshutdown.o(.ARM.Collect$$libshutdown$$00000000)
    __rt_lib_shutdown_cpp_1                  0x080002eb   Thumb Code     0  libshutdown2.o(.ARM.Collect$$libshutdown$$00000002)
    __rt_lib_shutdown_fp_trap_1              0x080002eb   Thumb Code     0  libshutdown2.o(.ARM.Collect$$libshutdown$$00000007)
    __rt_lib_shutdown_heap_1                 0x080002eb   Thumb Code     0  libshutdown2.o(.ARM.Collect$$libshutdown$$0000000F)
    __rt_lib_shutdown_return                 0x080002eb   Thumb Code     0  libshutdown2.o(.ARM.Collect$$libshutdown$$00000010)
    __rt_lib_shutdown_signal_1               0x080002eb   Thumb Code     0  libshutdown2.o(.ARM.Collect$$libshutdown$$0000000A)
    __rt_lib_shutdown_stdio_1                0x080002eb   Thumb Code     0  libshutdown2.o(.ARM.Collect$$libshutdown$$00000004)
    __rt_lib_shutdown_user_alloc_1           0x080002eb   Thumb Code     0  libshutdown2.o(.ARM.Collect$$libshutdown$$0000000C)
    __rt_entry                               0x080002ed   Thumb Code     0  __rtentry.o(.ARM.Collect$$rtentry$$00000000)
    __rt_entry_presh_1                       0x080002ed   Thumb Code     0  __rtentry2.o(.ARM.Collect$$rtentry$$00000002)
    __rt_entry_sh                            0x080002ed   Thumb Code     0  __rtentry4.o(.ARM.Collect$$rtentry$$00000004)
    __rt_entry_li                            0x080002f3   Thumb Code     0  __rtentry2.o(.ARM.Collect$$rtentry$$0000000A)
    __rt_entry_postsh_1                      0x080002f3   Thumb Code     0  __rtentry2.o(.ARM.Collect$$rtentry$$00000009)
    __rt_entry_main                          0x080002f7   Thumb Code     0  __rtentry2.o(.ARM.Collect$$rtentry$$0000000D)
    __rt_entry_postli_1                      0x080002f7   Thumb Code     0  __rtentry2.o(.ARM.Collect$$rtentry$$0000000C)
    __rt_exit                                0x080002ff   Thumb Code     0  rtexit.o(.ARM.Collect$$rtexit$$00000000)
    __rt_exit_ls                             0x08000301   Thumb Code     0  rtexit2.o(.ARM.Collect$$rtexit$$00000003)
    __rt_exit_prels_1                        0x08000301   Thumb Code     0  rtexit2.o(.ARM.Collect$$rtexit$$00000002)
    __rt_exit_exit                           0x08000305   Thumb Code     0  rtexit2.o(.ARM.Collect$$rtexit$$00000004)
    Reset_Handler                            0x0800030d   Thumb Code     8  startup_stm32f401xc.o(.text)
    ADC_IRQHandler                           0x08000327   Thumb Code     0  startup_stm32f401xc.o(.text)
    DMA1_Stream0_IRQHandler                  0x08000327   Thumb Code     0  startup_stm32f401xc.o(.text)
    DMA1_Stream1_IRQHandler                  0x08000327   Thumb Code     0  startup_stm32f401xc.o(.text)
    DMA1_Stream2_IRQHandler                  0x08000327   Thumb Code     0  startup_stm32f401xc.o(.text)
    DMA1_Stream3_IRQHandler                  0x08000327   Thumb Code     0  startup_stm32f401xc.o(.text)
    DMA1_Stream4_IRQHandler                  0x08000327   Thumb Code     0  startup_stm32f401xc.o(.text)
    DMA1_Stream5_IRQHandler                  0x08000327   Thumb Code     0  startup_stm32f401xc.o(.text)
    DMA1_Stream6_IRQHandler                  0x08000327   Thumb Code     0  startup_stm32f401xc.o(.text)
    DMA1_Stream7_IRQHandler                  0x08000327   Thumb Code     0  startup_stm32f401xc.o(.text)
    DMA2_Stream0_IRQHandler                  0x08000327   Thumb Code     0  startup_stm32f401xc.o(.text)
    DMA2_Stream1_IRQHandler                  0x08000327   Thumb Code     0  startup_stm32f401xc.o(.text)
    DMA2_Stream2_IRQHandler                  0x08000327   Thumb Code     0  startup_stm32f401xc.o(.text)
    DMA2_Stream3_IRQHandler                  0x08000327   Thumb Code     0  startup_stm32f401xc.o(.text)
    DMA2_Stream4_IRQHandler                  0x08000327   Thumb Code     0  startup_stm32f401xc.o(.text)
    DMA2_Stream5_IRQHandler                  0x08000327   Thumb Code     0  startup_stm32f401xc.o(.text)
    DMA2_Stream6_IRQHandler                  0x08000327   Thumb Code     0  startup_stm32f401xc.o(.text)
    DMA2_Stream7_IRQHandler                  0x08000327   Thumb Code     0  startup_stm32f401xc.o(.text)
    EXTI0_IRQHandler                         0x08000327   Thumb Code     0  startup_stm32f401xc.o(.text)
    EXTI15_10_IRQHandler                     0x08000327   Thumb Code     0  startup_stm32f401xc.o(.text)
    EXTI1_IRQHandler                         0x08000327   Thumb Code     0  startup_stm32f401xc.o(.text)
    EXTI2_IRQHandler                         0x08000327   Thumb Code     0  startup_stm32f401xc.o(.text)
    EXTI3_IRQHandler                         0x08000327   Thumb Code     0  startup_stm32f401xc.o(.text)
    EXTI4_IRQHandler                         0x08000327   Thumb Code     0  startup_stm32f401xc.o(.text)
    EXTI9_5_IRQHandler                       0x08000327   Thumb Code     0  startup_stm32f401xc.o(.text)
    FLASH_IRQHandler                         0x08000327   Thumb Code     0  startup_stm32f401xc.o(.text)
    FPU_IRQHandler                           0x08000327   Thumb Code     0  startup_stm32f401xc.o(.text)
    I2C1_ER_IRQHandler                       0x08000327   Thumb Code     0  startup_stm32f401xc.o(.text)
    I2C1_EV_IRQHandler                       0x08000327   Thumb Code     0  startup_stm32f401xc.o(.text)
    I2C2_ER_IRQHandler                       0x08000327   Thumb Code     0  startup_stm32f401xc.o(.text)
    I2C2_EV_IRQHandler                       0x08000327   Thumb Code     0  startup_stm32f401xc.o(.text)
    I2C3_ER_IRQHandler                       0x08000327   Thumb Code     0  startup_stm32f401xc.o(.text)
    I2C3_EV_IRQHandler                       0x08000327   Thumb Code     0  startup_stm32f401xc.o(.text)
    OTG_FS_IRQHandler                        0x08000327   Thumb Code     0  startup_stm32f401xc.o(.text)
    OTG_FS_WKUP_IRQHandler                   0x08000327   Thumb Code     0  startup_stm32f401xc.o(.text)
    PVD_IRQHandler                           0x08000327   Thumb Code     0  startup_stm32f401xc.o(.text)
    RCC_IRQHandler                           0x08000327   Thumb Code     0  startup_stm32f401xc.o(.text)
    RTC_Alarm_IRQHandler                     0x08000327   Thumb Code     0  startup_stm32f401xc.o(.text)
    RTC_WKUP_IRQHandler                      0x08000327   Thumb Code     0  startup_stm32f401xc.o(.text)
    SDIO_IRQHandler                          0x08000327   Thumb Code     0  startup_stm32f401xc.o(.text)
    SPI1_IRQHandler                          0x08000327   Thumb Code     0  startup_stm32f401xc.o(.text)
    SPI2_IRQHandler                          0x08000327   Thumb Code     0  startup_stm32f401xc.o(.text)
    SPI3_IRQHandler                          0x08000327   Thumb Code     0  startup_stm32f401xc.o(.text)
    SPI4_IRQHandler                          0x08000327   Thumb Code     0  startup_stm32f401xc.o(.text)
    TAMP_STAMP_IRQHandler                    0x08000327   Thumb Code     0  startup_stm32f401xc.o(.text)
    TIM1_BRK_TIM9_IRQHandler                 0x08000327   Thumb Code     0  startup_stm32f401xc.o(.text)
    TIM1_CC_IRQHandler                       0x08000327   Thumb Code     0  startup_stm32f401xc.o(.text)
    TIM1_TRG_COM_TIM11_IRQHandler            0x08000327   Thumb Code     0  startup_stm32f401xc.o(.text)
    TIM1_UP_TIM10_IRQHandler                 0x08000327   Thumb Code     0  startup_stm32f401xc.o(.text)
    TIM2_IRQHandler                          0x08000327   Thumb Code     0  startup_stm32f401xc.o(.text)
    TIM3_IRQHandler                          0x08000327   Thumb Code     0  startup_stm32f401xc.o(.text)
    TIM4_IRQHandler                          0x08000327   Thumb Code     0  startup_stm32f401xc.o(.text)
    TIM5_IRQHandler                          0x08000327   Thumb Code     0  startup_stm32f401xc.o(.text)
    USART1_IRQHandler                        0x08000327   Thumb Code     0  startup_stm32f401xc.o(.text)
    USART6_IRQHandler                        0x08000327   Thumb Code     0  startup_stm32f401xc.o(.text)
    WWDG_IRQHandler                          0x08000327   Thumb Code     0  startup_stm32f401xc.o(.text)
    __user_initial_stackheap                 0x08000329   Thumb Code     0  startup_stm32f401xc.o(.text)
    sprintf                                  0x0800034d   Thumb Code    38  sprintf.o(.text)
    __aeabi_memclr4                          0x08000379   Thumb Code     0  rt_memclr_w.o(.text)
    __aeabi_memclr8                          0x08000379   Thumb Code     0  rt_memclr_w.o(.text)
    __rt_memclr_w                            0x08000379   Thumb Code     0  rt_memclr_w.o(.text)
    _memset_w                                0x0800037d   Thumb Code    74  rt_memclr_w.o(.text)
    __use_two_region_memory                  0x080003c7   Thumb Code     2  heapauxi.o(.text)
    __rt_heap_escrow$2region                 0x080003c9   Thumb Code     2  heapauxi.o(.text)
    __rt_heap_expand$2region                 0x080003cb   Thumb Code     2  heapauxi.o(.text)
    _printf_pre_padding                      0x080003cd   Thumb Code    44  _printf_pad.o(.text)
    _printf_post_padding                     0x080003f9   Thumb Code    34  _printf_pad.o(.text)
    _printf_truncate_signed                  0x0800041b   Thumb Code    18  _printf_truncate.o(.text)
    _printf_truncate_unsigned                0x0800042d   Thumb Code    18  _printf_truncate.o(.text)
    _printf_str                              0x0800043f   Thumb Code    82  _printf_str.o(.text)
    _printf_int_dec                          0x08000491   Thumb Code   104  _printf_dec.o(.text)
    _printf_charcount                        0x08000509   Thumb Code    40  _printf_charcount.o(.text)
    _printf_char_common                      0x0800053b   Thumb Code    32  _printf_char_common.o(.text)
    _sputc                                   0x08000561   Thumb Code    10  _sputc.o(.text)
    _printf_wctomb                           0x0800056d   Thumb Code   182  _printf_wctomb.o(.text)
    _printf_longlong_dec                     0x08000629   Thumb Code   108  _printf_longlong_dec.o(.text)
    _printf_longlong_oct                     0x080006a5   Thumb Code    68  _printf_oct_int_ll.o(.text)
    _printf_int_oct                          0x080006e9   Thumb Code    24  _printf_oct_int_ll.o(.text)
    _printf_ll_oct                           0x08000701   Thumb Code    12  _printf_oct_int_ll.o(.text)
    _printf_longlong_hex                     0x08000715   Thumb Code    86  _printf_hex_int_ll_ptr.o(.text)
    _printf_int_hex                          0x0800076b   Thumb Code    28  _printf_hex_int_ll_ptr.o(.text)
    _printf_ll_hex                           0x08000787   Thumb Code    12  _printf_hex_int_ll_ptr.o(.text)
    _printf_hex_ptr                          0x08000793   Thumb Code    18  _printf_hex_int_ll_ptr.o(.text)
    __printf                                 0x080007a9   Thumb Code   388  __printf_flags_ss_wp.o(.text)
    _ll_udiv10                               0x08000931   Thumb Code   138  lludiv10.o(.text)
    _printf_int_common                       0x080009bb   Thumb Code   178  _printf_intcommon.o(.text)
    _printf_fp_dec_real                      0x08000c1d   Thumb Code   620  _printf_fp_dec.o(.text)
    _printf_fp_hex_real                      0x08000e89   Thumb Code   756  _printf_fp_hex.o(.text)
    _printf_cs_common                        0x08001185   Thumb Code    20  _printf_char.o(.text)
    _printf_char                             0x08001199   Thumb Code    16  _printf_char.o(.text)
    _printf_string                           0x080011a9   Thumb Code     8  _printf_char.o(.text)
    _printf_lcs_common                       0x080011b1   Thumb Code    20  _printf_wchar.o(.text)
    _printf_wchar                            0x080011c5   Thumb Code    16  _printf_wchar.o(.text)
    _printf_wstring                          0x080011d5   Thumb Code     8  _printf_wchar.o(.text)
    _c16rtomb                                0x080011dd   Thumb Code    72  _c16rtomb.o(.text)
    _wcrtomb                                 0x080011dd   Thumb Code     0  _c16rtomb.o(.text)
    __user_setup_stackheap                   0x08001225   Thumb Code    74  sys_stackheap_outer.o(.text)
    __rt_ctype_table                         0x08001271   Thumb Code    16  rt_ctype_table.o(.text)
    __rt_locale                              0x08001281   Thumb Code     8  rt_locale_intlibspace.o(.text)
    _printf_fp_infnan                        0x08001289   Thumb Code   112  _printf_fp_infnan.o(.text)
    _btod_etento                             0x08001309   Thumb Code   224  bigflt0.o(.text)
    exit                                     0x080013ed   Thumb Code    18  exit.o(.text)
    __user_libspace                          0x08001401   Thumb Code     8  libspace.o(.text)
    __user_perproc_libspace                  0x08001401   Thumb Code     0  libspace.o(.text)
    __user_perthread_libspace                0x08001401   Thumb Code     0  libspace.o(.text)
    strcmp                                   0x08001409   Thumb Code   124  strcmpv7em.o(.text)
    _sys_exit                                0x08001485   Thumb Code     8  sys_exit.o(.text)
    __I$use$semihosting                      0x08001491   Thumb Code     0  use_no_semi.o(.text)
    __use_no_semihosting_swi                 0x08001491   Thumb Code     2  use_no_semi.o(.text)
    __semihosting_library_function           0x08001493   Thumb Code     0  indicate_semi.o(.text)
    BusFault_Handler                         0x08001495   Thumb Code     4  stm32f4xx_it.o(.text.BusFault_Handler)
    DebugMon_Handler                         0x08001499   Thumb Code     2  stm32f4xx_it.o(.text.DebugMon_Handler)
    GPIO_SPI1_Init                           0x0800149d   Thumb Code   174  hw_gpio.o(.text.GPIO_SPI1_Init)
    HardFault_Handler                        0x0800154d   Thumb Code     4  stm32f4xx_it.o(.text.HardFault_Handler)
    LL_GPIO_Init                             0x080016e1   Thumb Code   264  stm32f4xx_ll_gpio.o(.text.LL_GPIO_Init)
    LL_Init1msTick                           0x08001b29   Thumb Code    20  stm32f4xx_ll_utils.o(.text.LL_Init1msTick)
    LL_SPI_Init                              0x08001c85   Thumb Code   154  stm32f4xx_ll_spi.o(.text.LL_SPI_Init)
    LL_SetSystemCoreClock                    0x08001d9d   Thumb Code    20  stm32f4xx_ll_utils.o(.text.LL_SetSystemCoreClock)
    LL_mDelay                                0x08001de9   Thumb Code    74  stm32f4xx_ll_utils.o(.text.LL_mDelay)
    MemManage_Handler                        0x08001e35   Thumb Code     4  stm32f4xx_it.o(.text.MemManage_Handler)
    NMI_Handler                              0x08001e39   Thumb Code     4  stm32f4xx_it.o(.text.NMI_Handler)
    PendSV_Handler                           0x08001ea9   Thumb Code     2  stm32f4xx_it.o(.text.PendSV_Handler)
    SPI_init                                 0x08001ead   Thumb Code    92  hw_spi.o(.text.SPI_init)
    ST7735_DrawChar                          0x08001f09   Thumb Code   228  st7735.o(.text.ST7735_DrawChar)
    ST7735_DrawPixel                         0x08001fed   Thumb Code   174  st7735.o(.text.ST7735_DrawPixel)
    ST7735_DrawString                        0x0800209d   Thumb Code    70  st7735.o(.text.ST7735_DrawString)
    ST7735_FillScreen                        0x080020e5   Thumb Code   168  st7735.o(.text.ST7735_FillScreen)
    ST7735_Init                              0x0800218d   Thumb Code    92  st7735.o(.text.ST7735_Init)
    SVC_Handler                              0x08002355   Thumb Code     2  stm32f4xx_it.o(.text.SVC_Handler)
    SysTick_Handler                          0x08002359   Thumb Code     2  stm32f4xx_it.o(.text.SysTick_Handler)
    SystemClock_Config                       0x0800235d   Thumb Code   122  main.o(.text.SystemClock_Config)
    SystemInit                               0x080023d9   Thumb Code    18  system_stm32f4xx.o(.text.SystemInit)
    USART2_IRQHandler                        0x080023ed   Thumb Code   378  main.o(.text.USART2_IRQHandler)
    UsageFault_Handler                       0x08002569   Thumb Code     4  stm32f4xx_it.o(.text.UsageFault_Handler)
    main                                     0x080025fd   Thumb Code   208  main.o(.text.main)
    _btod_d2e                                0x080026cd   Thumb Code    62  btod.o(CL$$btod_d2e)
    _d2e_denorm_low                          0x0800270b   Thumb Code    70  btod.o(CL$$btod_d2e_denorm_low)
    _d2e_norm_op1                            0x08002751   Thumb Code    96  btod.o(CL$$btod_d2e_norm_op1)
    __btod_div_common                        0x080027b1   Thumb Code   696  btod.o(CL$$btod_div_common)
    _e2e                                     0x08002ae9   Thumb Code   220  btod.o(CL$$btod_e2e)
    _btod_ediv                               0x08002bc5   Thumb Code    42  btod.o(CL$$btod_ediv)
    _btod_emul                               0x08002bef   Thumb Code    42  btod.o(CL$$btod_emul)
    __btod_mult_common                       0x08002c19   Thumb Code   580  btod.o(CL$$btod_mult_common)
    __ARM_fpclassify                         0x08002e5d   Thumb Code    48  fpclassify.o(i.__ARM_fpclassify)
    _is_digit                                0x08002e8d   Thumb Code    14  __printf_wp.o(i._is_digit)
    _get_lc_numeric                          0x08002e9d   Thumb Code    44  lc_numeric_c.o(locale$$code)
    _get_lc_ctype                            0x08002ec9   Thumb Code    44  lc_ctype_c.o(locale$$code)
    __fpl_dretinf                            0x08002ef5   Thumb Code    12  dretinf.o(x$fpl$dretinf)
    __aeabi_f2d                              0x08002f01   Thumb Code     0  f2d.o(x$fpl$f2d)
    _f2d                                     0x08002f01   Thumb Code    86  f2d.o(x$fpl$f2d)
    __fpl_fnaninf                            0x08002f57   Thumb Code   140  fnaninf.o(x$fpl$fnaninf)
    _fp_init                                 0x08002fe3   Thumb Code    26  fpinit.o(x$fpl$fpinit)
    __fplib_config_fpu_vfp                   0x08002ffb   Thumb Code     0  fpinit.o(x$fpl$fpinit)
    __fplib_config_pureend_doubles           0x08002ffb   Thumb Code     0  fpinit.o(x$fpl$fpinit)
    _printf_fp_dec                           0x08002ffd   Thumb Code     4  printf1.o(x$fpl$printf1)
    _printf_fp_hex                           0x08003001   Thumb Code     4  printf2.o(x$fpl$printf2)
    __I$use$fp                               0x08003004   Number         0  usenofp.o(x$fpl$usenofp)
    Font5x7                                  0x08003100   Data         475  font5x7.o(.rodata.Font5x7)
    Region$$Table$$Base                      0x080032f4   Number         0  anon$$obj.o(Region$$Table)
    Region$$Table$$Limit                     0x08003314   Number         0  anon$$obj.o(Region$$Table)
    __ctype                                  0x0800333d   Data           0  lc_ctype_c.o(locale$$data)
    SystemCoreClock                          0x20000000   Data           4  system_stm32f4xx.o(.data.SystemCoreClock)
    tx_bye                                   0x20000004   Data           6  main.o(.data.tx_bye)
    tx_hello                                 0x2000000a   Data           8  main.o(.data.tx_hello)
    __libspace_start                         0x20000018   Data          96  libspace.o(.bss)
    __temporary_stack_top$libspace           0x20000078   Data           0  libspace.o(.bss)
    rx_buf                                   0x20000078   Data          64  hw_dma.o(.bss.rx_buf)



==============================================================================

Memory Map of the image

  Image Entry point : 0x08000195

  Load Region LR_IROM1 (Base: 0x08000000, Size: 0x00003458, Max: 0x00040000, ABSOLUTE)

    Execution Region ER_IROM1 (Exec base: 0x08000000, Load base: 0x08000000, Size: 0x00003440, Max: 0x00040000, ABSOLUTE)

    Exec Addr    Load Addr    Size         Type   Attr      Idx    E Section Name        Object

    0x08000000   0x08000000   0x00000194   Data   RO            3    RESET               startup_stm32f401xc.o
    0x08000194   0x08000194   0x00000008   Code   RO          585  * !!!main             c_w.l(__main.o)
    0x0800019c   0x0800019c   0x0000005c   Code   RO          938    !!!scatter          c_w.l(__scatter.o)
    0x080001f8   0x080001f8   0x0000001a   Code   RO          942    !!handler_copy      c_w.l(__scatter_copy.o)
    0x08000212   0x08000212   0x00000002   PAD
    0x08000214   0x08000214   0x00000002   Code   RO          939    !!handler_null      c_w.l(__scatter.o)
    0x08000216   0x08000216   0x00000002   PAD
    0x08000218   0x08000218   0x0000001c   Code   RO          944    !!handler_zi        c_w.l(__scatter_zi.o)
    0x08000234   0x08000234   0x00000000   Code   RO          675    .ARM.Collect$$_printf_percent$$00000000  c_w.l(_printf_percent.o)
    0x08000234   0x08000234   0x00000006   Code   RO          664    .ARM.Collect$$_printf_percent$$00000001  c_w.l(_printf_n.o)
    0x0800023a   0x0800023a   0x00000006   Code   RO          666    .ARM.Collect$$_printf_percent$$00000002  c_w.l(_printf_p.o)
    0x08000240   0x08000240   0x00000006   Code   RO          671    .ARM.Collect$$_printf_percent$$00000003  c_w.l(_printf_f.o)
    0x08000246   0x08000246   0x00000006   Code   RO          672    .ARM.Collect$$_printf_percent$$00000004  c_w.l(_printf_e.o)
    0x0800024c   0x0800024c   0x00000006   Code   RO          673    .ARM.Collect$$_printf_percent$$00000005  c_w.l(_printf_g.o)
    0x08000252   0x08000252   0x00000006   Code   RO          674    .ARM.Collect$$_printf_percent$$00000006  c_w.l(_printf_a.o)
    0x08000258   0x08000258   0x0000000a   Code   RO          679    .ARM.Collect$$_printf_percent$$00000007  c_w.l(_printf_ll.o)
    0x08000262   0x08000262   0x00000006   Code   RO          668    .ARM.Collect$$_printf_percent$$00000008  c_w.l(_printf_i.o)
    0x08000268   0x08000268   0x00000006   Code   RO          669    .ARM.Collect$$_printf_percent$$00000009  c_w.l(_printf_d.o)
    0x0800026e   0x0800026e   0x00000006   Code   RO          670    .ARM.Collect$$_printf_percent$$0000000A  c_w.l(_printf_u.o)
    0x08000274   0x08000274   0x00000006   Code   RO          667    .ARM.Collect$$_printf_percent$$0000000B  c_w.l(_printf_o.o)
    0x0800027a   0x0800027a   0x00000006   Code   RO          665    .ARM.Collect$$_printf_percent$$0000000C  c_w.l(_printf_x.o)
    0x08000280   0x08000280   0x00000006   Code   RO          676    .ARM.Collect$$_printf_percent$$0000000D  c_w.l(_printf_lli.o)
    0x08000286   0x08000286   0x00000006   Code   RO          677    .ARM.Collect$$_printf_percent$$0000000E  c_w.l(_printf_lld.o)
    0x0800028c   0x0800028c   0x00000006   Code   RO          678    .ARM.Collect$$_printf_percent$$0000000F  c_w.l(_printf_llu.o)
    0x08000292   0x08000292   0x00000006   Code   RO          683    .ARM.Collect$$_printf_percent$$00000010  c_w.l(_printf_llo.o)
    0x08000298   0x08000298   0x00000006   Code   RO          684    .ARM.Collect$$_printf_percent$$00000011  c_w.l(_printf_llx.o)
    0x0800029e   0x0800029e   0x0000000a   Code   RO          680    .ARM.Collect$$_printf_percent$$00000012  c_w.l(_printf_l.o)
    0x080002a8   0x080002a8   0x00000006   Code   RO          662    .ARM.Collect$$_printf_percent$$00000013  c_w.l(_printf_c.o)
    0x080002ae   0x080002ae   0x00000006   Code   RO          663    .ARM.Collect$$_printf_percent$$00000014  c_w.l(_printf_s.o)
    0x080002b4   0x080002b4   0x00000006   Code   RO          681    .ARM.Collect$$_printf_percent$$00000015  c_w.l(_printf_lc.o)
    0x080002ba   0x080002ba   0x00000006   Code   RO          682    .ARM.Collect$$_printf_percent$$00000016  c_w.l(_printf_ls.o)
    0x080002c0   0x080002c0   0x00000004   Code   RO          732    .ARM.Collect$$_printf_percent$$00000017  c_w.l(_printf_percent_end.o)
    0x080002c4   0x080002c4   0x00000002   Code   RO          787    .ARM.Collect$$libinit$$00000000  c_w.l(libinit.o)
    0x080002c6   0x080002c6   0x00000004   Code   RO          810    .ARM.Collect$$libinit$$00000001  c_w.l(libinit2.o)
    0x080002ca   0x080002ca   0x00000000   Code   RO          813    .ARM.Collect$$libinit$$00000004  c_w.l(libinit2.o)
    0x080002ca   0x080002ca   0x00000000   Code   RO          815    .ARM.Collect$$libinit$$00000006  c_w.l(libinit2.o)
    0x080002ca   0x080002ca   0x00000000   Code   RO          818    .ARM.Collect$$libinit$$0000000C  c_w.l(libinit2.o)
    0x080002ca   0x080002ca   0x00000000   Code   RO          820    .ARM.Collect$$libinit$$0000000E  c_w.l(libinit2.o)
    0x080002ca   0x080002ca   0x00000000   Code   RO          822    .ARM.Collect$$libinit$$00000010  c_w.l(libinit2.o)
    0x080002ca   0x080002ca   0x00000006   Code   RO          823    .ARM.Collect$$libinit$$00000011  c_w.l(libinit2.o)
    0x080002d0   0x080002d0   0x00000000   Code   RO          825    .ARM.Collect$$libinit$$00000013  c_w.l(libinit2.o)
    0x080002d0   0x080002d0   0x0000000c   Code   RO          826    .ARM.Collect$$libinit$$00000014  c_w.l(libinit2.o)
    0x080002dc   0x080002dc   0x00000000   Code   RO          827    .ARM.Collect$$libinit$$00000015  c_w.l(libinit2.o)
    0x080002dc   0x080002dc   0x00000000   Code   RO          829    .ARM.Collect$$libinit$$00000017  c_w.l(libinit2.o)
    0x080002dc   0x080002dc   0x0000000a   Code   RO          830    .ARM.Collect$$libinit$$00000018  c_w.l(libinit2.o)
    0x080002e6   0x080002e6   0x00000000   Code   RO          831    .ARM.Collect$$libinit$$00000019  c_w.l(libinit2.o)
    0x080002e6   0x080002e6   0x00000000   Code   RO          833    .ARM.Collect$$libinit$$0000001B  c_w.l(libinit2.o)
    0x080002e6   0x080002e6   0x00000000   Code   RO          835    .ARM.Collect$$libinit$$0000001D  c_w.l(libinit2.o)
    0x080002e6   0x080002e6   0x00000000   Code   RO          837    .ARM.Collect$$libinit$$0000001F  c_w.l(libinit2.o)
    0x080002e6   0x080002e6   0x00000000   Code   RO          839    .ARM.Collect$$libinit$$00000021  c_w.l(libinit2.o)
    0x080002e6   0x080002e6   0x00000000   Code   RO          841    .ARM.Collect$$libinit$$00000023  c_w.l(libinit2.o)
    0x080002e6   0x080002e6   0x00000000   Code   RO          843    .ARM.Collect$$libinit$$00000025  c_w.l(libinit2.o)
    0x080002e6   0x080002e6   0x00000000   Code   RO          845    .ARM.Collect$$libinit$$00000027  c_w.l(libinit2.o)
    0x080002e6   0x080002e6   0x00000000   Code   RO          849    .ARM.Collect$$libinit$$0000002E  c_w.l(libinit2.o)
    0x080002e6   0x080002e6   0x00000000   Code   RO          851    .ARM.Collect$$libinit$$00000030  c_w.l(libinit2.o)
    0x080002e6   0x080002e6   0x00000000   Code   RO          853    .ARM.Collect$$libinit$$00000032  c_w.l(libinit2.o)
    0x080002e6   0x080002e6   0x00000000   Code   RO          855    .ARM.Collect$$libinit$$00000034  c_w.l(libinit2.o)
    0x080002e6   0x080002e6   0x00000002   Code   RO          856    .ARM.Collect$$libinit$$00000035  c_w.l(libinit2.o)
    0x080002e8   0x080002e8   0x00000002   Code   RO          893    .ARM.Collect$$libshutdown$$00000000  c_w.l(libshutdown.o)
    0x080002ea   0x080002ea   0x00000000   Code   RO          921    .ARM.Collect$$libshutdown$$00000002  c_w.l(libshutdown2.o)
    0x080002ea   0x080002ea   0x00000000   Code   RO          923    .ARM.Collect$$libshutdown$$00000004  c_w.l(libshutdown2.o)
    0x080002ea   0x080002ea   0x00000000   Code   RO          926    .ARM.Collect$$libshutdown$$00000007  c_w.l(libshutdown2.o)
    0x080002ea   0x080002ea   0x00000000   Code   RO          929    .ARM.Collect$$libshutdown$$0000000A  c_w.l(libshutdown2.o)
    0x080002ea   0x080002ea   0x00000000   Code   RO          931    .ARM.Collect$$libshutdown$$0000000C  c_w.l(libshutdown2.o)
    0x080002ea   0x080002ea   0x00000000   Code   RO          934    .ARM.Collect$$libshutdown$$0000000F  c_w.l(libshutdown2.o)
    0x080002ea   0x080002ea   0x00000002   Code   RO          935    .ARM.Collect$$libshutdown$$00000010  c_w.l(libshutdown2.o)
    0x080002ec   0x080002ec   0x00000000   Code   RO          589    .ARM.Collect$$rtentry$$00000000  c_w.l(__rtentry.o)
    0x080002ec   0x080002ec   0x00000000   Code   RO          699    .ARM.Collect$$rtentry$$00000002  c_w.l(__rtentry2.o)
    0x080002ec   0x080002ec   0x00000006   Code   RO          711    .ARM.Collect$$rtentry$$00000004  c_w.l(__rtentry4.o)
    0x080002f2   0x080002f2   0x00000000   Code   RO          701    .ARM.Collect$$rtentry$$00000009  c_w.l(__rtentry2.o)
    0x080002f2   0x080002f2   0x00000004   Code   RO          702    .ARM.Collect$$rtentry$$0000000A  c_w.l(__rtentry2.o)
    0x080002f6   0x080002f6   0x00000000   Code   RO          704    .ARM.Collect$$rtentry$$0000000C  c_w.l(__rtentry2.o)
    0x080002f6   0x080002f6   0x00000008   Code   RO          705    .ARM.Collect$$rtentry$$0000000D  c_w.l(__rtentry2.o)
    0x080002fe   0x080002fe   0x00000002   Code   RO          795    .ARM.Collect$$rtexit$$00000000  c_w.l(rtexit.o)
    0x08000300   0x08000300   0x00000000   Code   RO          862    .ARM.Collect$$rtexit$$00000002  c_w.l(rtexit2.o)
    0x08000300   0x08000300   0x00000004   Code   RO          863    .ARM.Collect$$rtexit$$00000003  c_w.l(rtexit2.o)
    0x08000304   0x08000304   0x00000006   Code   RO          864    .ARM.Collect$$rtexit$$00000004  c_w.l(rtexit2.o)
    0x0800030a   0x0800030a   0x00000002   PAD
    0x0800030c   0x0800030c   0x00000040   Code   RO            4    .text               startup_stm32f401xc.o
    0x0800034c   0x0800034c   0x0000002c   Code   RO          579    .text               c_w.l(sprintf.o)
    0x08000378   0x08000378   0x0000004e   Code   RO          581    .text               c_w.l(rt_memclr_w.o)
    0x080003c6   0x080003c6   0x00000006   Code   RO          583    .text               c_w.l(heapauxi.o)
    0x080003cc   0x080003cc   0x0000004e   Code   RO          596    .text               c_w.l(_printf_pad.o)
    0x0800041a   0x0800041a   0x00000024   Code   RO          598    .text               c_w.l(_printf_truncate.o)
    0x0800043e   0x0800043e   0x00000052   Code   RO          600    .text               c_w.l(_printf_str.o)
    0x08000490   0x08000490   0x00000078   Code   RO          602    .text               c_w.l(_printf_dec.o)
    0x08000508   0x08000508   0x00000028   Code   RO          604    .text               c_w.l(_printf_charcount.o)
    0x08000530   0x08000530   0x00000030   Code   RO          606    .text               c_w.l(_printf_char_common.o)
    0x08000560   0x08000560   0x0000000a   Code   RO          608    .text               c_w.l(_sputc.o)
    0x0800056a   0x0800056a   0x00000002   PAD
    0x0800056c   0x0800056c   0x000000bc   Code   RO          610    .text               c_w.l(_printf_wctomb.o)
    0x08000628   0x08000628   0x0000007c   Code   RO          613    .text               c_w.l(_printf_longlong_dec.o)
    0x080006a4   0x080006a4   0x00000070   Code   RO          619    .text               c_w.l(_printf_oct_int_ll.o)
    0x08000714   0x08000714   0x00000094   Code   RO          639    .text               c_w.l(_printf_hex_int_ll_ptr.o)
    0x080007a8   0x080007a8   0x00000188   Code   RO          659    .text               c_w.l(__printf_flags_ss_wp.o)
    0x08000930   0x08000930   0x0000008a   Code   RO          715    .text               c_w.l(lludiv10.o)
    0x080009ba   0x080009ba   0x000000b2   Code   RO          717    .text               c_w.l(_printf_intcommon.o)
    0x08000a6c   0x08000a6c   0x0000041c   Code   RO          719    .text               c_w.l(_printf_fp_dec.o)
    0x08000e88   0x08000e88   0x000002fc   Code   RO          723    .text               c_w.l(_printf_fp_hex.o)
    0x08001184   0x08001184   0x0000002c   Code   RO          728    .text               c_w.l(_printf_char.o)
    0x080011b0   0x080011b0   0x0000002c   Code   RO          730    .text               c_w.l(_printf_wchar.o)
    0x080011dc   0x080011dc   0x00000048   Code   RO          733    .text               c_w.l(_c16rtomb.o)
    0x08001224   0x08001224   0x0000004a   Code   RO          735    .text               c_w.l(sys_stackheap_outer.o)
    0x0800126e   0x0800126e   0x00000002   PAD
    0x08001270   0x08001270   0x00000010   Code   RO          737    .text               c_w.l(rt_ctype_table.o)
    0x08001280   0x08001280   0x00000008   Code   RO          742    .text               c_w.l(rt_locale_intlibspace.o)
    0x08001288   0x08001288   0x00000080   Code   RO          744    .text               c_w.l(_printf_fp_infnan.o)
    0x08001308   0x08001308   0x000000e4   Code   RO          746    .text               c_w.l(bigflt0.o)
    0x080013ec   0x080013ec   0x00000012   Code   RO          776    .text               c_w.l(exit.o)
    0x080013fe   0x080013fe   0x00000002   PAD
    0x08001400   0x08001400   0x00000008   Code   RO          792    .text               c_w.l(libspace.o)
    0x08001408   0x08001408   0x0000007c   Code   RO          808    .text               c_w.l(strcmpv7em.o)
    0x08001484   0x08001484   0x0000000c   Code   RO          857    .text               c_w.l(sys_exit.o)
    0x08001490   0x08001490   0x00000002   Code   RO          882    .text               c_w.l(use_no_semi.o)
    0x08001492   0x08001492   0x00000000   Code   RO          884    .text               c_w.l(indicate_semi.o)
    0x08001492   0x08001492   0x00000002   PAD
    0x08001494   0x08001494   0x00000004   Code   RO           93    .text.BusFault_Handler  stm32f4xx_it.o
    0x08001498   0x08001498   0x00000002   Code   RO           99    .text.DebugMon_Handler  stm32f4xx_it.o
    0x0800149a   0x0800149a   0x00000002   PAD
    0x0800149c   0x0800149c   0x000000ae   Code   RO          459    .text.GPIO_SPI1_Init  hw_gpio.o
    0x0800154a   0x0800154a   0x00000002   PAD
    0x0800154c   0x0800154c   0x00000004   Code   RO           89    .text.HardFault_Handler  stm32f4xx_it.o
    0x08001550   0x08001550   0x00000022   Code   RO          457    .text.LL_AHB1_GRP1_EnableClock  hw_gpio.o
    0x08001572   0x08001572   0x00000002   PAD
    0x08001574   0x08001574   0x00000022   Code   RO           15    .text.LL_APB1_GRP1_EnableClock  main.o
    0x08001596   0x08001596   0x00000002   PAD
    0x08001598   0x08001598   0x00000022   Code   RO           13    .text.LL_APB2_GRP1_EnableClock  main.o
    0x080015ba   0x080015ba   0x00000002   PAD
    0x080015bc   0x080015bc   0x00000022   Code   RO          518    .text.LL_APB2_GRP1_EnableClock  hw_spi.o
    0x080015de   0x080015de   0x00000002   PAD
    0x080015e0   0x080015e0   0x00000010   Code   RO           69    .text.LL_DMA_ClearFlag_TC6  main.o
    0x080015f0   0x080015f0   0x00000020   Code   RO           59    .text.LL_DMA_DisableStream  main.o
    0x08001610   0x08001610   0x00000020   Code   RO           65    .text.LL_DMA_EnableStream  main.o
    0x08001630   0x08001630   0x0000001e   Code   RO           57    .text.LL_DMA_GetDataLength  main.o
    0x0800164e   0x0800164e   0x00000002   PAD
    0x08001650   0x08001650   0x00000010   Code   RO           67    .text.LL_DMA_IsActiveFlag_TC6  main.o
    0x08001660   0x08001660   0x00000032   Code   RO           63    .text.LL_DMA_SetDataLength  main.o
    0x08001692   0x08001692   0x00000002   PAD
    0x08001694   0x08001694   0x00000020   Code   RO           61    .text.LL_DMA_SetMemoryAddress  main.o
    0x080016b4   0x080016b4   0x00000010   Code   RO           29    .text.LL_FLASH_GetLatency  main.o
    0x080016c4   0x080016c4   0x0000001c   Code   RO           27    .text.LL_FLASH_SetLatency  main.o
    0x080016e0   0x080016e0   0x00000108   Code   RO          118    .text.LL_GPIO_Init  stm32f4xx_ll_gpio.o
    0x080017e8   0x080017e8   0x00000012   Code   RO          567    .text.LL_GPIO_ResetOutputPin  st7735.o
    0x080017fa   0x080017fa   0x00000002   PAD
    0x080017fc   0x080017fc   0x0000007c   Code   RO          126    .text.LL_GPIO_SetAFPin_0_7  stm32f4xx_ll_gpio.o
    0x08001878   0x08001878   0x00000080   Code   RO          128    .text.LL_GPIO_SetAFPin_8_15  stm32f4xx_ll_gpio.o
    0x080018f8   0x080018f8   0x00000010   Code   RO          461    .text.LL_GPIO_SetOutputPin  hw_gpio.o
    0x08001908   0x08001908   0x00000010   Code   RO          551    .text.LL_GPIO_SetOutputPin  st7735.o
    0x08001918   0x08001918   0x0000007c   Code   RO          130    .text.LL_GPIO_SetPinMode  stm32f4xx_ll_gpio.o
    0x08001994   0x08001994   0x0000007c   Code   RO          463    .text.LL_GPIO_SetPinMode  hw_gpio.o
    0x08001a10   0x08001a10   0x0000001e   Code   RO          122    .text.LL_GPIO_SetPinOutputType  stm32f4xx_ll_gpio.o
    0x08001a2e   0x08001a2e   0x00000002   PAD
    0x08001a30   0x08001a30   0x0000007c   Code   RO          124    .text.LL_GPIO_SetPinPull  stm32f4xx_ll_gpio.o
    0x08001aac   0x08001aac   0x0000007c   Code   RO          120    .text.LL_GPIO_SetPinSpeed  stm32f4xx_ll_gpio.o
    0x08001b28   0x08001b28   0x00000014   Code   RO          277    .text.LL_Init1msTick  stm32f4xx_ll_utils.o
    0x08001b3c   0x08001b3c   0x00000036   Code   RO          279    .text.LL_InitTick   stm32f4xx_ll_utils.o
    0x08001b72   0x08001b72   0x00000002   PAD
    0x08001b74   0x08001b74   0x0000001c   Code   RO           31    .text.LL_PWR_SetRegulVoltageScaling  main.o
    0x08001b90   0x08001b90   0x00000010   Code   RO           47    .text.LL_RCC_GetSysClkSource  main.o
    0x08001ba0   0x08001ba0   0x00000012   Code   RO           35    .text.LL_RCC_HSI_Enable  main.o
    0x08001bb2   0x08001bb2   0x00000002   PAD
    0x08001bb4   0x08001bb4   0x00000010   Code   RO           37    .text.LL_RCC_HSI_IsReady  main.o
    0x08001bc4   0x08001bc4   0x0000001e   Code   RO           33    .text.LL_RCC_HSI_SetCalibTrimming  main.o
    0x08001be2   0x08001be2   0x00000002   PAD
    0x08001be4   0x08001be4   0x0000001c   Code   RO           39    .text.LL_RCC_SetAHBPrescaler  main.o
    0x08001c00   0x08001c00   0x0000001c   Code   RO           41    .text.LL_RCC_SetAPB1Prescaler  main.o
    0x08001c1c   0x08001c1c   0x0000001c   Code   RO           43    .text.LL_RCC_SetAPB2Prescaler  main.o
    0x08001c38   0x08001c38   0x0000001c   Code   RO           45    .text.LL_RCC_SetSysClkSource  main.o
    0x08001c54   0x08001c54   0x0000001c   Code   RO           49    .text.LL_RCC_SetTIMPrescaler  main.o
    0x08001c70   0x08001c70   0x00000012   Code   RO          522    .text.LL_SPI_Enable  hw_spi.o
    0x08001c82   0x08001c82   0x00000002   PAD
    0x08001c84   0x08001c84   0x0000009a   Code   RO          379    .text.LL_SPI_Init   stm32f4xx_ll_spi.o
    0x08001d1e   0x08001d1e   0x00000002   PAD
    0x08001d20   0x08001d20   0x00000010   Code   RO          557    .text.LL_SPI_IsActiveFlag_BSY  st7735.o
    0x08001d30   0x08001d30   0x00000010   Code   RO          553    .text.LL_SPI_IsActiveFlag_TXE  st7735.o
    0x08001d40   0x08001d40   0x00000010   Code   RO          381    .text.LL_SPI_IsEnabled  stm32f4xx_ll_spi.o
    0x08001d50   0x08001d50   0x00000012   Code   RO          383    .text.LL_SPI_SetCRCPolynomial  stm32f4xx_ll_spi.o
    0x08001d62   0x08001d62   0x00000002   PAD
    0x08001d64   0x08001d64   0x0000001a   Code   RO          520    .text.LL_SPI_SetStandard  hw_spi.o
    0x08001d7e   0x08001d7e   0x00000002   PAD
    0x08001d80   0x08001d80   0x0000001a   Code   RO          555    .text.LL_SPI_TransmitData8  st7735.o
    0x08001d9a   0x08001d9a   0x00000002   PAD
    0x08001d9c   0x08001d9c   0x00000014   Code   RO          283    .text.LL_SetSystemCoreClock  stm32f4xx_ll_utils.o
    0x08001db0   0x08001db0   0x00000018   Code   RO           55    .text.LL_USART_ClearFlag_IDLE  main.o
    0x08001dc8   0x08001dc8   0x00000010   Code   RO           53    .text.LL_USART_IsActiveFlag_IDLE  main.o
    0x08001dd8   0x08001dd8   0x00000010   Code   RO           71    .text.LL_USART_IsActiveFlag_TC  main.o
    0x08001de8   0x08001de8   0x0000004a   Code   RO          281    .text.LL_mDelay     stm32f4xx_ll_utils.o
    0x08001e32   0x08001e32   0x00000002   PAD
    0x08001e34   0x08001e34   0x00000004   Code   RO           91    .text.MemManage_Handler  stm32f4xx_it.o
    0x08001e38   0x08001e38   0x00000004   Code   RO           87    .text.NMI_Handler   stm32f4xx_it.o
    0x08001e3c   0x08001e3c   0x0000006c   Code   RO           21    .text.NVIC_EncodePriority  main.o
    0x08001ea8   0x08001ea8   0x00000002   Code   RO          101    .text.PendSV_Handler  stm32f4xx_it.o
    0x08001eaa   0x08001eaa   0x00000002   PAD
    0x08001eac   0x08001eac   0x0000005c   Code   RO          516    .text.SPI_init      hw_spi.o
    0x08001f08   0x08001f08   0x000000e4   Code   RO          563    .text.ST7735_DrawChar  st7735.o
    0x08001fec   0x08001fec   0x000000ae   Code   RO          545    .text.ST7735_DrawPixel  st7735.o
    0x0800209a   0x0800209a   0x00000002   PAD
    0x0800209c   0x0800209c   0x00000046   Code   RO          565    .text.ST7735_DrawString  st7735.o
    0x080020e2   0x080020e2   0x00000002   PAD
    0x080020e4   0x080020e4   0x000000a8   Code   RO          561    .text.ST7735_FillScreen  st7735.o
    0x0800218c   0x0800218c   0x0000005c   Code   RO          537    .text.ST7735_Init   st7735.o
    0x080021e8   0x080021e8   0x00000030   Code   RO          539    .text.ST7735_Reset  st7735.o
    0x08002218   0x08002218   0x00000010   Code   RO          549    .text.ST7735_Select  st7735.o
    0x08002228   0x08002228   0x00000064   Code   RO          547    .text.ST7735_SetAddressWindow  st7735.o
    0x0800228c   0x0800228c   0x00000010   Code   RO          559    .text.ST7735_Unselect  st7735.o
    0x0800229c   0x0800229c   0x0000005a   Code   RO          541    .text.ST7735_WriteCommand  st7735.o
    0x080022f6   0x080022f6   0x00000002   PAD
    0x080022f8   0x080022f8   0x0000005a   Code   RO          543    .text.ST7735_WriteData  st7735.o
    0x08002352   0x08002352   0x00000002   PAD
    0x08002354   0x08002354   0x00000002   Code   RO           97    .text.SVC_Handler   stm32f4xx_it.o
    0x08002356   0x08002356   0x00000002   PAD
    0x08002358   0x08002358   0x00000002   Code   RO          103    .text.SysTick_Handler  stm32f4xx_it.o
    0x0800235a   0x0800235a   0x00000002   PAD
    0x0800235c   0x0800235c   0x0000007a   Code   RO           25    .text.SystemClock_Config  main.o
    0x080023d6   0x080023d6   0x00000002   PAD
    0x080023d8   0x080023d8   0x00000012   Code   RO          441    .text.SystemInit    system_stm32f4xx.o
    0x080023ea   0x080023ea   0x00000002   PAD
    0x080023ec   0x080023ec   0x0000017a   Code   RO           51    .text.USART2_IRQHandler  main.o
    0x08002566   0x08002566   0x00000002   PAD
    0x08002568   0x08002568   0x00000004   Code   RO           95    .text.UsageFault_Handler  stm32f4xx_it.o
    0x0800256c   0x0800256c   0x00000010   Code   RO           23    .text.__NVIC_GetPriorityGrouping  main.o
    0x0800257c   0x0800257c   0x00000042   Code   RO           19    .text.__NVIC_SetPriority  main.o
    0x080025be   0x080025be   0x00000002   PAD
    0x080025c0   0x080025c0   0x0000003c   Code   RO           17    .text.__NVIC_SetPriorityGrouping  main.o
    0x080025fc   0x080025fc   0x000000d0   Code   RO           11    .text.main          main.o
    0x080026cc   0x080026cc   0x0000003e   Code   RO          749    CL$$btod_d2e        c_w.l(btod.o)
    0x0800270a   0x0800270a   0x00000046   Code   RO          751    CL$$btod_d2e_denorm_low  c_w.l(btod.o)
    0x08002750   0x08002750   0x00000060   Code   RO          750    CL$$btod_d2e_norm_op1  c_w.l(btod.o)
    0x080027b0   0x080027b0   0x00000338   Code   RO          759    CL$$btod_div_common  c_w.l(btod.o)
    0x08002ae8   0x08002ae8   0x000000dc   Code   RO          756    CL$$btod_e2e        c_w.l(btod.o)
    0x08002bc4   0x08002bc4   0x0000002a   Code   RO          753    CL$$btod_ediv       c_w.l(btod.o)
    0x08002bee   0x08002bee   0x0000002a   Code   RO          752    CL$$btod_emul       c_w.l(btod.o)
    0x08002c18   0x08002c18   0x00000244   Code   RO          758    CL$$btod_mult_common  c_w.l(btod.o)
    0x08002e5c   0x08002e5c   0x00000030   Code   RO          790    i.__ARM_fpclassify  m_wm.l(fpclassify.o)
    0x08002e8c   0x08002e8c   0x0000000e   Code   RO          652    i._is_digit         c_w.l(__printf_wp.o)
    0x08002e9a   0x08002e9a   0x00000002   PAD
    0x08002e9c   0x08002e9c   0x0000002c   Code   RO          774    locale$$code        c_w.l(lc_numeric_c.o)
    0x08002ec8   0x08002ec8   0x0000002c   Code   RO          802    locale$$code        c_w.l(lc_ctype_c.o)
    0x08002ef4   0x08002ef4   0x0000000c   Code   RO          685    x$fpl$dretinf       fz_wm.l(dretinf.o)
    0x08002f00   0x08002f00   0x00000056   Code   RO          587    x$fpl$f2d           fz_wm.l(f2d.o)
    0x08002f56   0x08002f56   0x0000008c   Code   RO          687    x$fpl$fnaninf       fz_wm.l(fnaninf.o)
    0x08002fe2   0x08002fe2   0x0000001a   Code   RO          876    x$fpl$fpinit        fz_wm.l(fpinit.o)
    0x08002ffc   0x08002ffc   0x00000004   Code   RO          689    x$fpl$printf1       fz_wm.l(printf1.o)
    0x08003000   0x08003000   0x00000004   Code   RO          691    x$fpl$printf2       fz_wm.l(printf2.o)
    0x08003004   0x08003004   0x00000000   Code   RO          697    x$fpl$usenofp       fz_wm.l(usenofp.o)
    0x08003004   0x08003004   0x00000008   Data   RO          611    .constdata          c_w.l(_printf_wctomb.o)
    0x0800300c   0x0800300c   0x00000028   Data   RO          640    .constdata          c_w.l(_printf_hex_int_ll_ptr.o)
    0x08003034   0x08003034   0x00000011   Data   RO          660    .constdata          c_w.l(__printf_flags_ss_wp.o)
    0x08003045   0x08003045   0x00000026   Data   RO          724    .constdata          c_w.l(_printf_fp_hex.o)
    0x0800306b   0x0800306b   0x00000001   PAD
    0x0800306c   0x0800306c   0x00000094   Data   RO          747    .constdata          c_w.l(bigflt0.o)
    0x08003100   0x08003100   0x000001db   Data   RO          531    .rodata.Font5x7     font5x7.o
    0x080032db   0x080032db   0x00000008   Data   RO           78    .rodata.STREAM_OFFSET_TAB  main.o
    0x080032e3   0x080032e3   0x0000000e   Data   RO           77    .rodata.str1.1      main.o
    0x080032f1   0x080032f1   0x00000003   PAD
    0x080032f4   0x080032f4   0x00000020   Data   RO          937    Region$$Table       anon$$obj.o
    0x08003314   0x08003314   0x0000001c   Data   RO          773    locale$$data        c_w.l(lc_numeric_c.o)
    0x08003330   0x08003330   0x00000110   Data   RO          801    locale$$data        c_w.l(lc_ctype_c.o)


    Execution Region RW_IRAM1 (Exec base: 0x20000000, Load base: 0x08003440, Size: 0x000006b8, Max: 0x00010000, ABSOLUTE)

    Exec Addr    Load Addr    Size         Type   Attr      Idx    E Section Name        Object

    0x20000000   0x08003440   0x00000004   Data   RW          445    .data.SystemCoreClock  system_stm32f4xx.o
    0x20000004   0x08003444   0x00000006   Data   RW           76    .data.tx_bye        main.o
    0x2000000a   0x0800344a   0x00000008   Data   RW           75    .data.tx_hello      main.o
    0x20000012   0x08003452   0x00000006   PAD
    0x20000018        -       0x00000060   Zero   RW          793    .bss                c_w.l(libspace.o)
    0x20000078        -       0x00000040   Zero   RW          507    .bss.rx_buf         hw_dma.o
    0x200000b8        -       0x00000200   Zero   RW            2    HEAP                startup_stm32f401xc.o
    0x200002b8        -       0x00000400   Zero   RW            1    STACK               startup_stm32f401xc.o


==============================================================================

Image component sizes


      Code (inc. data)   RO Data    RW Data    ZI Data      Debug   Object Name

         0          0        475          0          0        513   font5x7.o
         0          0          0          0         64       3457   hw_dma.o
       348          0          0          0          0       2975   hw_gpio.o
       170          0          0          0          0       2540   hw_spi.o
      1582          0         22         14          0       9611   main.o
      1184          0          0          0          0       4068   st7735.o
        64         26        404          0       1536        860   startup_stm32f401xc.o
        28          0          0          0          0       1016   stm32f4xx_it.o
       918          0          0          0          0       5031   stm32f4xx_ll_gpio.o
       188          0          0          0          0       5188   stm32f4xx_ll_spi.o
       168          0          0          0          0       6768   stm32f4xx_ll_utils.o
        18          0          0          4          0       2588   system_stm32f4xx.o

    ----------------------------------------------------------------------
      4728         26        936         20       1604      44615   Object Totals
         0          0         32          0          0          0   (incl. Generated)
        60          0          3          2          4          0   (incl. Padding)

    ----------------------------------------------------------------------

      Code (inc. data)   RO Data    RW Data    ZI Data      Debug   Library Member Name

         8          0          0          0          0         68   __main.o
       392          4         17          0          0         92   __printf_flags_ss_wp.o
        14          0          0          0          0         68   __printf_wp.o
         0          0          0          0          0          0   __rtentry.o
        12          0          0          0          0          0   __rtentry2.o
         6          0          0          0          0          0   __rtentry4.o
        94          8          0          0          0          0   __scatter.o
        26          0          0          0          0          0   __scatter_copy.o
        28          0          0          0          0          0   __scatter_zi.o
        72          0          0          0          0         96   _c16rtomb.o
         6          0          0          0          0          0   _printf_a.o
         6          0          0          0          0          0   _printf_c.o
        44          0          0          0          0        108   _printf_char.o
        48          6          0          0          0         96   _printf_char_common.o
        40          0          0          0          0         68   _printf_charcount.o
         6          0          0          0          0          0   _printf_d.o
       120         16          0          0          0         92   _printf_dec.o
         6          0          0          0          0          0   _printf_e.o
         6          0          0          0          0          0   _printf_f.o
      1052          0          0          0          0        148   _printf_fp_dec.o
       764          8         38          0          0        100   _printf_fp_hex.o
       128         16          0          0          0         84   _printf_fp_infnan.o
         6          0          0          0          0          0   _printf_g.o
       148          4         40          0          0        160   _printf_hex_int_ll_ptr.o
         6          0          0          0          0          0   _printf_i.o
       178          0          0          0          0         88   _printf_intcommon.o
        10          0          0          0          0          0   _printf_l.o
         6          0          0          0          0          0   _printf_lc.o
        10          0          0          0          0          0   _printf_ll.o
         6          0          0          0          0          0   _printf_lld.o
         6          0          0          0          0          0   _printf_lli.o
         6          0          0          0          0          0   _printf_llo.o
         6          0          0          0          0          0   _printf_llu.o
         6          0          0          0          0          0   _printf_llx.o
       124         16          0          0          0         92   _printf_longlong_dec.o
         6          0          0          0          0          0   _printf_ls.o
         6          0          0          0          0          0   _printf_n.o
         6          0          0          0          0          0   _printf_o.o
       112          8          0          0          0        124   _printf_oct_int_ll.o
         6          0          0          0          0          0   _printf_p.o
        78          0          0          0          0        108   _printf_pad.o
         0          0          0          0          0          0   _printf_percent.o
         4          0          0          0          0          0   _printf_percent_end.o
         6          0          0          0          0          0   _printf_s.o
        82          0          0          0          0         80   _printf_str.o
        36          0          0          0          0         84   _printf_truncate.o
         6          0          0          0          0          0   _printf_u.o
        44          0          0          0          0        108   _printf_wchar.o
       188          6          8          0          0         92   _printf_wctomb.o
         6          0          0          0          0          0   _printf_x.o
        10          0          0          0          0         68   _sputc.o
       228          4        148          0          0         96   bigflt0.o
      1936        128          0          0          0        668   btod.o
        18          0          0          0          0         80   exit.o
         6          0          0          0          0        152   heapauxi.o
         0          0          0          0          0          0   indicate_semi.o
        44         10        272          0          0         76   lc_ctype_c.o
        44         10         28          0          0         76   lc_numeric_c.o
         2          0          0          0          0          0   libinit.o
        34          0          0          0          0          0   libinit2.o
         2          0          0          0          0          0   libshutdown.o
         2          0          0          0          0          0   libshutdown2.o
         8          4          0          0         96         68   libspace.o
       138          0          0          0          0         80   lludiv10.o
        16          4          0          0          0         76   rt_ctype_table.o
         8          4          0          0          0         68   rt_locale_intlibspace.o
        78          0          0          0          0         80   rt_memclr_w.o
         2          0          0          0          0          0   rtexit.o
        10          0          0          0          0          0   rtexit2.o
        44          6          0          0          0         84   sprintf.o
       124          0          0          0          0         88   strcmpv7em.o
        12          4          0          0          0         68   sys_exit.o
        74          0          0          0          0         80   sys_stackheap_outer.o
         2          0          0          0          0         68   use_no_semi.o
        12          0          0          0          0        116   dretinf.o
        86          4          0          0          0        132   f2d.o
       140          4          0          0          0        132   fnaninf.o
        26          0          0          0          0        116   fpinit.o
         4          0          0          0          0        116   printf1.o
         4          0          0          0          0        116   printf2.o
         0          0          0          0          0          0   usenofp.o
        48          0          0          0          0        124   fpclassify.o

    ----------------------------------------------------------------------
      7160        274        552          0         96       4784   Library Totals
        16          0          1          0          0          0   (incl. Padding)

    ----------------------------------------------------------------------

      Code (inc. data)   RO Data    RW Data    ZI Data      Debug   Library Name

      6824        266        551          0         96       3932   c_w.l
       272          8          0          0          0        728   fz_wm.l
        48          0          0          0          0        124   m_wm.l

    ----------------------------------------------------------------------
      7160        274        552          0         96       4784   Library Totals

    ----------------------------------------------------------------------

==============================================================================


      Code (inc. data)   RO Data    RW Data    ZI Data      Debug   

     11888        300       1488         20       1700      46727   Grand Totals
     11888        300       1488         20       1700      46727   ELF Image Totals
     11888        300       1488         20          0          0   ROM Totals

==============================================================================

    Total RO  Size (Code + RO Data)                13376 (  13.06kB)
    Total RW  Size (RW Data + ZI Data)              1720 (   1.68kB)
    Total ROM Size (Code + RO Data + RW Data)      13396 (  13.08kB)

==============================================================================

