Component: Arm Compiler for Embedded 6.24 Tool: armlink [5f371500]

==============================================================================

Section Cross References

    startup_stm32f401xc.o(STACK) refers (Special) to heapauxi.o(.text) for __use_two_region_memory
    startup_stm32f401xc.o(HEAP) refers (Special) to heapauxi.o(.text) for __use_two_region_memory
    startup_stm32f401xc.o(RESET) refers (Special) to heapauxi.o(.text) for __use_two_region_memory
    startup_stm32f401xc.o(RESET) refers to startup_stm32f401xc.o(STACK) for __initial_sp
    startup_stm32f401xc.o(RESET) refers to startup_stm32f401xc.o(.text) for Reset_Handler
    startup_stm32f401xc.o(RESET) refers to stm32f4xx_it.o(.text.NMI_Handler) for NMI_Handler
    startup_stm32f401xc.o(RESET) refers to stm32f4xx_it.o(.text.HardFault_Handler) for HardFault_Handler
    startup_stm32f401xc.o(RESET) refers to stm32f4xx_it.o(.text.MemManage_Handler) for MemManage_Handler
    startup_stm32f401xc.o(RESET) refers to stm32f4xx_it.o(.text.BusFault_Handler) for BusFault_Handler
    startup_stm32f401xc.o(RESET) refers to stm32f4xx_it.o(.text.UsageFault_Handler) for UsageFault_Handler
    startup_stm32f401xc.o(RESET) refers to stm32f4xx_it.o(.text.SVC_Handler) for SVC_Handler
    startup_stm32f401xc.o(RESET) refers to stm32f4xx_it.o(.text.DebugMon_Handler) for DebugMon_Handler
    startup_stm32f401xc.o(RESET) refers to stm32f4xx_it.o(.text.PendSV_Handler) for PendSV_Handler
    startup_stm32f401xc.o(RESET) refers to stm32f4xx_it.o(.text.SysTick_Handler) for SysTick_Handler
    startup_stm32f401xc.o(RESET) refers to main.o(.text.USART2_IRQHandler) for USART2_IRQHandler
    startup_stm32f401xc.o(.text) refers (Special) to heapauxi.o(.text) for __use_two_region_memory
    startup_stm32f401xc.o(.text) refers to system_stm32f4xx.o(.text.SystemInit) for SystemInit
    startup_stm32f401xc.o(.text) refers to __main.o(!!!main) for __main
    startup_stm32f401xc.o(.text) refers to startup_stm32f401xc.o(HEAP) for Heap_Mem
    startup_stm32f401xc.o(.text) refers to startup_stm32f401xc.o(STACK) for Stack_Mem
    main.o(.text.main) refers to main.o(.text.LL_APB2_GRP1_EnableClock) for LL_APB2_GRP1_EnableClock
    main.o(.text.main) refers to main.o(.text.LL_APB1_GRP1_EnableClock) for LL_APB1_GRP1_EnableClock
    main.o(.text.main) refers to main.o(.text.__NVIC_SetPriorityGrouping) for __NVIC_SetPriorityGrouping
    main.o(.text.main) refers to main.o(.text.__NVIC_GetPriorityGrouping) for __NVIC_GetPriorityGrouping
    main.o(.text.main) refers to main.o(.text.NVIC_EncodePriority) for NVIC_EncodePriority
    main.o(.text.main) refers to main.o(.text.__NVIC_SetPriority) for __NVIC_SetPriority
    main.o(.text.main) refers to hw_gpio.o(.text.GPIO_USART2_Init) for GPIO_USART2_Init
    main.o(.text.main) refers to hw_usart.o(.text.USART2_Init) for USART2_Init
    main.o(.text.main) refers to hw_dma.o(.text.DMA_USART2_TX_Init) for DMA_USART2_TX_Init
    main.o(.text.main) refers to hw_dma.o(.text.DMA_USART2_RX_Init) for DMA_USART2_RX_Init
    main.o(.text.main) refers to hw_dma.o(.bss.rx_buf) for rx_buf
    main.o(.ARM.exidx.text.main) refers to main.o(.text.main) for [Anonymous Symbol]
    main.o(.ARM.exidx.text.LL_APB2_GRP1_EnableClock) refers to main.o(.text.LL_APB2_GRP1_EnableClock) for [Anonymous Symbol]
    main.o(.ARM.exidx.text.LL_APB1_GRP1_EnableClock) refers to main.o(.text.LL_APB1_GRP1_EnableClock) for [Anonymous Symbol]
    main.o(.ARM.exidx.text.__NVIC_SetPriorityGrouping) refers to main.o(.text.__NVIC_SetPriorityGrouping) for [Anonymous Symbol]
    main.o(.ARM.exidx.text.__NVIC_SetPriority) refers to main.o(.text.__NVIC_SetPriority) for [Anonymous Symbol]
    main.o(.ARM.exidx.text.NVIC_EncodePriority) refers to main.o(.text.NVIC_EncodePriority) for [Anonymous Symbol]
    main.o(.ARM.exidx.text.__NVIC_GetPriorityGrouping) refers to main.o(.text.__NVIC_GetPriorityGrouping) for [Anonymous Symbol]
    main.o(.text.SystemClock_Config) refers to main.o(.text.LL_FLASH_SetLatency) for LL_FLASH_SetLatency
    main.o(.text.SystemClock_Config) refers to main.o(.text.LL_FLASH_GetLatency) for LL_FLASH_GetLatency
    main.o(.text.SystemClock_Config) refers to main.o(.text.LL_PWR_SetRegulVoltageScaling) for LL_PWR_SetRegulVoltageScaling
    main.o(.text.SystemClock_Config) refers to main.o(.text.LL_RCC_HSI_SetCalibTrimming) for LL_RCC_HSI_SetCalibTrimming
    main.o(.text.SystemClock_Config) refers to main.o(.text.LL_RCC_HSI_Enable) for LL_RCC_HSI_Enable
    main.o(.text.SystemClock_Config) refers to main.o(.text.LL_RCC_HSI_IsReady) for LL_RCC_HSI_IsReady
    main.o(.text.SystemClock_Config) refers to main.o(.text.LL_RCC_SetAHBPrescaler) for LL_RCC_SetAHBPrescaler
    main.o(.text.SystemClock_Config) refers to main.o(.text.LL_RCC_SetAPB1Prescaler) for LL_RCC_SetAPB1Prescaler
    main.o(.text.SystemClock_Config) refers to main.o(.text.LL_RCC_SetAPB2Prescaler) for LL_RCC_SetAPB2Prescaler
[...]
    Removing main.o(.ARM.use_no_argv), (4 bytes).
    Removing stm32f4xx_it.o(.text), (0 bytes).
    Removing stm32f4xx_it.o(.ARM.exidx.text.NMI_Handler), (8 bytes).
    Removing stm32f4xx_it.o(.ARM.exidx.text.HardFault_Handler), (8 bytes).
    Removing stm32f4xx_it.o(.ARM.exidx.text.MemManage_Handler), (8 bytes).
    Removing stm32f4xx_it.o(.ARM.exidx.text.BusFault_Handler), (8 bytes).
    Removing stm32f4xx_it.o(.ARM.exidx.text.UsageFault_Handler), (8 bytes).
    Removing stm32f4xx_it.o(.ARM.exidx.text.SVC_Handler), (8 bytes).
    Removing stm32f4xx_it.o(.ARM.exidx.text.DebugMon_Handler), (8 bytes).
    Removing stm32f4xx_it.o(.ARM.exidx.text.PendSV_Handler), (8 bytes).
    Removing stm32f4xx_it.o(.ARM.exidx.text.SysTick_Handler), (8 bytes).
    Removing stm32f4xx_ll_gpio.o(.text), (0 bytes).
    Removing stm32f4xx_ll_gpio.o(.text.LL_GPIO_DeInit), (228 bytes).
    Removing stm32f4xx_ll_gpio.o(.ARM.exidx.text.LL_GPIO_DeInit), (8 bytes).
    Removing stm32f4xx_ll_gpio.o(.text.LL_AHB1_GRP1_ForceReset), (24 bytes).
    Removing stm32f4xx_ll_gpio.o(.ARM.exidx.text.LL_AHB1_GRP1_ForceReset), (8 bytes).
    Removing stm32f4xx_ll_gpio.o(.text.LL_AHB1_GRP1_ReleaseReset), (24 bytes).
    Removing stm32f4xx_ll_gpio.o(.ARM.exidx.text.LL_AHB1_GRP1_ReleaseReset), (8 bytes).
    Removing stm32f4xx_ll_gpio.o(.ARM.exidx.text.LL_GPIO_Init), (8 bytes).
    Removing stm32f4xx_ll_gpio.o(.ARM.exidx.text.LL_GPIO_SetPinSpeed), (8 bytes).
    Removing stm32f4xx_ll_gpio.o(.ARM.exidx.text.LL_GPIO_SetPinOutputType), (8 bytes).
    Removing stm32f4xx_ll_gpio.o(.ARM.exidx.text.LL_GPIO_SetPinPull), (8 bytes).
    Removing stm32f4xx_ll_gpio.o(.ARM.exidx.text.LL_GPIO_SetAFPin_0_7), (8 bytes).
    Removing stm32f4xx_ll_gpio.o(.ARM.exidx.text.LL_GPIO_SetAFPin_8_15), (8 bytes).
    Removing stm32f4xx_ll_gpio.o(.ARM.exidx.text.LL_GPIO_SetPinMode), (8 bytes).
    Removing stm32f4xx_ll_gpio.o(.text.LL_GPIO_StructInit), (40 bytes).
    Removing stm32f4xx_ll_gpio.o(.ARM.exidx.text.LL_GPIO_StructInit), (8 bytes).
    Removing stm32f4xx_ll_usart.o(.text), (0 bytes).
    Removing stm32f4xx_ll_usart.o(.text.LL_USART_DeInit), (130 bytes).
    Removing stm32f4xx_ll_usart.o(.ARM.exidx.text.LL_USART_DeInit), (8 bytes).
    Removing stm32f4xx_ll_usart.o(.text.LL_APB2_GRP1_ForceReset), (24 bytes).
    Removing stm32f4xx_ll_usart.o(.ARM.exidx.text.LL_APB2_GRP1_ForceReset), (8 bytes).
    Removing stm32f4xx_ll_usart.o(.text.LL_APB2_GRP1_ReleaseReset), (24 bytes).
    Removing stm32f4xx_ll_usart.o(.ARM.exidx.text.LL_APB2_GRP1_ReleaseReset), (8 bytes).
    Removing stm32f4xx_ll_usart.o(.text.LL_APB1_GRP1_ForceReset), (24 bytes).
    Removing stm32f4xx_ll_usart.o(.ARM.exidx.text.LL_APB1_GRP1_ForceReset), (8 bytes).
    Removing stm32f4xx_ll_usart.o(.text.LL_APB1_GRP1_ReleaseReset), (24 bytes).
    Removing stm32f4xx_ll_usart.o(.ARM.exidx.text.LL_APB1_GRP1_ReleaseReset), (8 bytes).
    Removing stm32f4xx_ll_usart.o(.ARM.exidx.text.LL_USART_Init), (8 bytes).
    Removing stm32f4xx_ll_usart.o(.ARM.exidx.text.LL_USART_IsEnabled), (8 bytes).
    Removing stm32f4xx_ll_usart.o(.ARM.exidx.text.LL_USART_SetStopBitsLength), (8 bytes).
    Removing stm32f4xx_ll_usart.o(.ARM.exidx.text.LL_USART_SetHWFlowCtrl), (8 bytes).
    Removing stm32f4xx_ll_usart.o(.ARM.exidx.text.LL_USART_SetBaudRate), (8 bytes).
    Removing stm32f4xx_ll_usart.o(.text.LL_USART_StructInit), (44 bytes).
    Removing stm32f4xx_ll_usart.o(.ARM.exidx.text.LL_USART_StructInit), (8 bytes).
    Removing stm32f4xx_ll_usart.o(.text.LL_USART_ClockInit), (90 bytes).
    Removing stm32f4xx_ll_usart.o(.ARM.exidx.text.LL_USART_ClockInit), (8 bytes).
    Removing stm32f4xx_ll_usart.o(.text.LL_USART_DisableSCLKOutput), (18 bytes).
    Removing stm32f4xx_ll_usart.o(.ARM.exidx.text.LL_USART_DisableSCLKOutput), (8 bytes).
    Removing stm32f4xx_ll_usart.o(.text.LL_USART_ClockStructInit), (26 bytes).
    Removing stm32f4xx_ll_usart.o(.ARM.exidx.text.LL_USART_ClockStructInit), (8 bytes).
    Removing stm32f4xx_ll_dma.o(.text), (0 bytes).
    Removing stm32f4xx_ll_dma.o(.ARM.exidx.text.LL_DMA_DeInit), (8 bytes).
    Removing stm32f4xx_ll_dma.o(.ARM.exidx.text.LL_AHB1_GRP1_ForceReset), (8 bytes).
    Removing stm32f4xx_ll_dma.o(.ARM.exidx.text.LL_AHB1_GRP1_ReleaseReset), (8 bytes).
    Removing stm32f4xx_ll_dma.o(.ARM.exidx.text.LL_DMA_DisableStream), (8 bytes).
    Removing stm32f4xx_ll_dma.o(.ARM.exidx.text.LL_DMA_SetChannelSelection), (8 bytes).
    Removing stm32f4xx_ll_dma.o(.ARM.exidx.text.LL_DMA_Init), (8 bytes).
    Removing stm32f4xx_ll_dma.o(.ARM.exidx.text.LL_DMA_ConfigTransfer), (8 bytes).
    Removing stm32f4xx_ll_dma.o(.ARM.exidx.text.LL_DMA_ConfigFifo), (8 bytes).
    Removing stm32f4xx_ll_dma.o(.ARM.exidx.text.LL_DMA_SetMemoryBurstxfer), (8 bytes).
    Removing stm32f4xx_ll_dma.o(.ARM.exidx.text.LL_DMA_SetPeriphBurstxfer), (8 bytes).
    Removing stm32f4xx_ll_dma.o(.ARM.exidx.text.LL_DMA_SetMemoryAddress), (8 bytes).
    Removing stm32f4xx_ll_dma.o(.ARM.exidx.text.LL_DMA_SetPeriphAddress), (8 bytes).
    Removing stm32f4xx_ll_dma.o(.ARM.exidx.text.LL_DMA_SetDataLength), (8 bytes).
    Removing stm32f4xx_ll_dma.o(.text.LL_DMA_StructInit), (70 bytes).
    Removing stm32f4xx_ll_dma.o(.ARM.exidx.text.LL_DMA_StructInit), (8 bytes).
    Removing stm32f4xx_ll_rcc.o(.text), (0 bytes).
    Removing stm32f4xx_ll_rcc.o(.text.LL_RCC_DeInit), (196 bytes).
    Removing stm32f4xx_ll_rcc.o(.ARM.exidx.text.LL_RCC_DeInit), (8 bytes).
    Removing stm32f4xx_ll_rcc.o(.text.LL_RCC_HSI_Enable), (18 bytes).
    Removing stm32f4xx_ll_rcc.o(.ARM.exidx.text.LL_RCC_HSI_Enable), (8 bytes).
    Removing stm32f4xx_ll_rcc.o(.text.LL_RCC_HSI_IsReady), (16 bytes).
    Removing stm32f4xx_ll_rcc.o(.ARM.exidx.text.LL_RCC_HSI_IsReady), (8 bytes).
    Removing stm32f4xx_ll_rcc.o(.text.LL_RCC_HSI_SetCalibTrimming), (30 bytes).
    Removing stm32f4xx_ll_rcc.o(.ARM.exidx.text.LL_RCC_HSI_SetCalibTrimming), (8 bytes).
    Removing stm32f4xx_ll_rcc.o(.text.LL_RCC_PLL_IsReady), (16 bytes).
    Removing stm32f4xx_ll_rcc.o(.ARM.exidx.text.LL_RCC_PLL_IsReady), (8 bytes).
    Removing stm32f4xx_ll_rcc.o(.ARM.exidx.text.LL_RCC_GetSystemClocksFreq), (8 bytes).
    Removing stm32f4xx_ll_rcc.o(.ARM.exidx.text.RCC_GetSystemClockFreq), (8 bytes).
    Removing stm32f4xx_ll_rcc.o(.ARM.exidx.text.RCC_GetHCLKClockFreq), (8 bytes).
    Removing stm32f4xx_ll_rcc.o(.ARM.exidx.text.RCC_GetPCLK1ClockFreq), (8 bytes).
    Removing stm32f4xx_ll_rcc.o(.ARM.exidx.text.RCC_GetPCLK2ClockFreq), (8 bytes).
    Removing stm32f4xx_ll_rcc.o(.text.LL_RCC_GetI2SClockFreq), (84 bytes).
    Removing stm32f4xx_ll_rcc.o(.ARM.exidx.text.LL_RCC_GetI2SClockFreq), (8 bytes).
    Removing stm32f4xx_ll_rcc.o(.text.LL_RCC_GetI2SClockSource), (22 bytes).
    Removing stm32f4xx_ll_rcc.o(.ARM.exidx.text.LL_RCC_GetI2SClockSource), (8 bytes).
    Removing stm32f4xx_ll_rcc.o(.text.LL_RCC_PLLI2S_IsReady), (16 bytes).
    Removing stm32f4xx_ll_rcc.o(.ARM.exidx.text.LL_RCC_PLLI2S_IsReady), (8 bytes).
    Removing stm32f4xx_ll_rcc.o(.text.RCC_PLLI2S_GetFreqDomain_I2S), (114 bytes).
    Removing stm32f4xx_ll_rcc.o(.ARM.exidx.text.RCC_PLLI2S_GetFreqDomain_I2S), (8 bytes).
    Removing stm32f4xx_ll_rcc.o(.text.LL_RCC_GetSDIOClockFreq), (44 bytes).
    Removing stm32f4xx_ll_rcc.o(.ARM.exidx.text.LL_RCC_GetSDIOClockFreq), (8 bytes).
    Removing stm32f4xx_ll_rcc.o(.text.RCC_PLL_GetFreqDomain_48M), (118 bytes).
    Removing stm32f4xx_ll_rcc.o(.ARM.exidx.text.RCC_PLL_GetFreqDomain_48M), (8 bytes).
    Removing stm32f4xx_ll_rcc.o(.text.LL_RCC_GetUSBClockFreq), (32 bytes).
    Removing stm32f4xx_ll_rcc.o(.ARM.exidx.text.LL_RCC_GetUSBClockFreq), (8 bytes).
    Removing stm32f4xx_ll_rcc.o(.ARM.exidx.text.LL_RCC_GetSysClkSource), (8 bytes).
    Removing stm32f4xx_ll_rcc.o(.ARM.exidx.text.RCC_PLL_GetFreqDomain_SYS), (8 bytes).
    Removing stm32f4xx_ll_rcc.o(.ARM.exidx.text.LL_RCC_GetAHBPrescaler), (8 bytes).
    Removing stm32f4xx_ll_rcc.o(.ARM.exidx.text.LL_RCC_GetAPB1Prescaler), (8 bytes).
    Removing stm32f4xx_ll_rcc.o(.ARM.exidx.text.LL_RCC_GetAPB2Prescaler), (8 bytes).
    Removing stm32f4xx_ll_rcc.o(.ARM.exidx.text.LL_RCC_PLL_GetMainSource), (8 bytes).
    Removing stm32f4xx_ll_rcc.o(.ARM.exidx.text.LL_RCC_PLL_GetDivider), (8 bytes).
    Removing stm32f4xx_ll_rcc.o(.ARM.exidx.text.LL_RCC_PLL_GetN), (8 bytes).
    Removing stm32f4xx_ll_rcc.o(.ARM.exidx.text.LL_RCC_PLL_GetP), (8 bytes).
    Removing stm32f4xx_ll_rcc.o(.text.LL_RCC_PLL_GetQ), (16 bytes).
    Removing stm32f4xx_ll_rcc.o(.ARM.exidx.text.LL_RCC_PLL_GetQ), (8 bytes).
    Removing stm32f4xx_ll_rcc.o(.text.LL_RCC_PLLI2S_GetMainSource), (16 bytes).
    Removing stm32f4xx_ll_rcc.o(.ARM.exidx.text.LL_RCC_PLLI2S_GetMainSource), (8 bytes).
    Removing stm32f4xx_ll_rcc.o(.text.LL_RCC_PLLI2S_GetDivider), (16 bytes).
    Removing stm32f4xx_ll_rcc.o(.ARM.exidx.text.LL_RCC_PLLI2S_GetDivider), (8 bytes).
    Removing stm32f4xx_ll_rcc.o(.text.LL_RCC_PLLI2S_GetN), (16 bytes).
    Removing stm32f4xx_ll_rcc.o(.ARM.exidx.text.LL_RCC_PLLI2S_GetN), (8 bytes).
    Removing stm32f4xx_ll_rcc.o(.text.LL_RCC_PLLI2S_GetR), (16 bytes).
    Removing stm32f4xx_ll_rcc.o(.ARM.exidx.text.LL_RCC_PLLI2S_GetR), (8 bytes).
    Removing stm32f4xx_ll_utils.o(.text), (0 bytes).
    Removing stm32f4xx_ll_utils.o(.text.LL_Init1msTick), (20 bytes).
    Removing stm32f4xx_ll_utils.o(.ARM.exidx.text.LL_Init1msTick), (8 bytes).
    Removing stm32f4xx_ll_utils.o(.text.LL_InitTick), (54 bytes).
    Removing stm32f4xx_ll_utils.o(.ARM.exidx.text.LL_InitTick), (8 bytes).
    Removing stm32f4xx_ll_utils.o(.text.LL_mDelay), (74 bytes).
    Removing stm32f4xx_ll_utils.o(.ARM.exidx.text.LL_mDelay), (8 bytes).
    Removing stm32f4xx_ll_utils.o(.text.LL_SetSystemCoreClock), (20 bytes).
    Removing stm32f4xx_ll_utils.o(.ARM.exidx.text.LL_SetSystemCoreClock), (8 bytes).
    Removing stm32f4xx_ll_utils.o(.text.LL_SetFlashLatency), (284 bytes).
    Removing stm32f4xx_ll_utils.o(.ARM.exidx.text.LL_SetFlashLatency), (8 bytes).
    Removing stm32f4xx_ll_utils.o(.text.LL_PWR_GetRegulVoltageScaling), (16 bytes).
    Removing stm32f4xx_ll_utils.o(.ARM.exidx.text.LL_PWR_GetRegulVoltageScaling), (8 bytes).
    Removing stm32f4xx_ll_utils.o(.text.LL_FLASH_SetLatency), (28 bytes).
    Removing stm32f4xx_ll_utils.o(.ARM.exidx.text.LL_FLASH_SetLatency), (8 bytes).
    Removing stm32f4xx_ll_utils.o(.text.LL_FLASH_GetLatency), (16 bytes).
    Removing stm32f4xx_ll_utils.o(.ARM.exidx.text.LL_FLASH_GetLatency), (8 bytes).
    Removing stm32f4xx_ll_utils.o(.text.LL_PLL_ConfigSystemClock_HSI), (114 bytes).
    Removing stm32f4xx_ll_utils.o(.ARM.exidx.text.LL_PLL_ConfigSystemClock_HSI), (8 bytes).
    Removing stm32f4xx_ll_utils.o(.text.UTILS_PLL_IsBusy), (50 bytes).
    Removing stm32f4xx_ll_utils.o(.ARM.exidx.text.UTILS_PLL_IsBusy), (8 bytes).
    Removing stm32f4xx_ll_utils.o(.text.UTILS_GetPLLOutputFrequency), (64 bytes).
    Removing stm32f4xx_ll_utils.o(.ARM.exidx.text.UTILS_GetPLLOutputFrequency), (8 bytes).
    Removing stm32f4xx_ll_utils.o(.text.LL_RCC_HSI_IsReady), (16 bytes).
    Removing stm32f4xx_ll_utils.o(.ARM.exidx.text.LL_RCC_HSI_IsReady), (8 bytes).
    Removing stm32f4xx_ll_utils.o(.text.LL_RCC_HSI_Enable), (18 bytes).
    Removing stm32f4xx_ll_utils.o(.ARM.exidx.text.LL_RCC_HSI_Enable), (8 bytes).
    Removing stm32f4xx_ll_utils.o(.text.LL_RCC_PLL_ConfigDomain_SYS), (62 bytes).
    Removing stm32f4xx_ll_utils.o(.ARM.exidx.text.LL_RCC_PLL_ConfigDomain_SYS), (8 bytes).
    Removing stm32f4xx_ll_utils.o(.text.UTILS_EnablePLLAndSwitchSystem), (194 bytes).
    Removing stm32f4xx_ll_utils.o(.ARM.exidx.text.UTILS_EnablePLLAndSwitchSystem), (8 bytes).
    Removing stm32f4xx_ll_utils.o(.text.LL_PLL_ConfigSystemClock_HSE), (134 bytes).
    Removing stm32f4xx_ll_utils.o(.ARM.exidx.text.LL_PLL_ConfigSystemClock_HSE), (8 bytes).
    Removing stm32f4xx_ll_utils.o(.text.LL_RCC_HSE_IsReady), (16 bytes).
    Removing stm32f4xx_ll_utils.o(.ARM.exidx.text.LL_RCC_HSE_IsReady), (8 bytes).
    Removing stm32f4xx_ll_utils.o(.text.LL_RCC_HSE_EnableBypass), (18 bytes).
    Removing stm32f4xx_ll_utils.o(.ARM.exidx.text.LL_RCC_HSE_EnableBypass), (8 bytes).
    Removing stm32f4xx_ll_utils.o(.text.LL_RCC_HSE_DisableBypass), (18 bytes).
    Removing stm32f4xx_ll_utils.o(.ARM.exidx.text.LL_RCC_HSE_DisableBypass), (8 bytes).
    Removing stm32f4xx_ll_utils.o(.text.LL_RCC_HSE_Enable), (18 bytes).
    Removing stm32f4xx_ll_utils.o(.ARM.exidx.text.LL_RCC_HSE_Enable), (8 bytes).
    Removing stm32f4xx_ll_utils.o(.text.LL_RCC_PLL_IsReady), (16 bytes).
    Removing stm32f4xx_ll_utils.o(.ARM.exidx.text.LL_RCC_PLL_IsReady), (8 bytes).
    Removing stm32f4xx_ll_utils.o(.text.LL_RCC_PLLI2S_IsReady), (16 bytes).
    Removing stm32f4xx_ll_utils.o(.ARM.exidx.text.LL_RCC_PLLI2S_IsReady), (8 bytes).
    Removing stm32f4xx_ll_utils.o(.text.LL_RCC_PLL_Enable), (18 bytes).
    Removing stm32f4xx_ll_utils.o(.ARM.exidx.text.LL_RCC_PLL_Enable), (8 bytes).
    Removing stm32f4xx_ll_utils.o(.text.LL_RCC_SetAHBPrescaler), (28 bytes).
    Removing stm32f4xx_ll_utils.o(.ARM.exidx.text.LL_RCC_SetAHBPrescaler), (8 bytes).
    Removing stm32f4xx_ll_utils.o(.text.LL_RCC_SetSysClkSource), (28 bytes).
    Removing stm32f4xx_ll_utils.o(.ARM.exidx.text.LL_RCC_SetSysClkSource), (8 bytes).
    Removing stm32f4xx_ll_utils.o(.text.LL_RCC_GetSysClkSource), (16 bytes).
    Removing stm32f4xx_ll_utils.o(.ARM.exidx.text.LL_RCC_GetSysClkSource), (8 bytes).
    Removing stm32f4xx_ll_utils.o(.text.LL_RCC_SetAPB1Prescaler), (28 bytes).
    Removing stm32f4xx_ll_utils.o(.ARM.exidx.text.LL_RCC_SetAPB1Prescaler), (8 bytes).
    Removing stm32f4xx_ll_utils.o(.text.LL_RCC_SetAPB2Prescaler), (28 bytes).
    Removing stm32f4xx_ll_utils.o(.ARM.exidx.text.LL_RCC_SetAPB2Prescaler), (8 bytes).
    Removing stm32f4xx_ll_exti.o(.text), (0 bytes).
    Removing stm32f4xx_ll_exti.o(.text.LL_EXTI_DeInit), (68 bytes).
    Removing stm32f4xx_ll_exti.o(.ARM.exidx.text.LL_EXTI_DeInit), (8 bytes).
    Removing stm32f4xx_ll_exti.o(.text.LL_EXTI_Init), (254 bytes).
    Removing stm32f4xx_ll_exti.o(.ARM.exidx.text.LL_EXTI_Init), (8 bytes).
    Removing stm32f4xx_ll_exti.o(.text.LL_EXTI_DisableEvent_0_31), (24 bytes).
    Removing stm32f4xx_ll_exti.o(.ARM.exidx.text.LL_EXTI_DisableEvent_0_31), (8 bytes).
    Removing stm32f4xx_ll_exti.o(.text.LL_EXTI_EnableIT_0_31), (24 bytes).
    Removing stm32f4xx_ll_exti.o(.ARM.exidx.text.LL_EXTI_EnableIT_0_31), (8 bytes).
    Removing stm32f4xx_ll_exti.o(.text.LL_EXTI_DisableIT_0_31), (24 bytes).
    Removing stm32f4xx_ll_exti.o(.ARM.exidx.text.LL_EXTI_DisableIT_0_31), (8 bytes).
    Removing stm32f4xx_ll_exti.o(.text.LL_EXTI_EnableEvent_0_31), (24 bytes).
    Removing stm32f4xx_ll_exti.o(.ARM.exidx.text.LL_EXTI_EnableEvent_0_31), (8 bytes).
    Removing stm32f4xx_ll_exti.o(.text.LL_EXTI_DisableFallingTrig_0_31), (24 bytes).
    Removing stm32f4xx_ll_exti.o(.ARM.exidx.text.LL_EXTI_DisableFallingTrig_0_31), (8 bytes).
    Removing stm32f4xx_ll_exti.o(.text.LL_EXTI_EnableRisingTrig_0_31), (24 bytes).
    Removing stm32f4xx_ll_exti.o(.ARM.exidx.text.LL_EXTI_EnableRisingTrig_0_31), (8 bytes).
    Removing stm32f4xx_ll_exti.o(.text.LL_EXTI_DisableRisingTrig_0_31), (24 bytes).
    Removing stm32f4xx_ll_exti.o(.ARM.exidx.text.LL_EXTI_DisableRisingTrig_0_31), (8 bytes).
    Removing stm32f4xx_ll_exti.o(.text.LL_EXTI_EnableFallingTrig_0_31), (24 bytes).
    Removing stm32f4xx_ll_exti.o(.ARM.exidx.text.LL_EXTI_EnableFallingTrig_0_31), (8 bytes).
    Removing stm32f4xx_ll_exti.o(.text.LL_EXTI_StructInit), (28 bytes).
    Removing stm32f4xx_ll_exti.o(.ARM.exidx.text.LL_EXTI_StructInit), (8 bytes).
    Removing system_stm32f4xx.o(.text), (0 bytes).
    Removing system_stm32f4xx.o(.ARM.exidx.text.SystemInit), (8 bytes).
    Removing system_stm32f4xx.o(.text.SystemCoreClockUpdate), (288 bytes).
    Removing system_stm32f4xx.o(.ARM.exidx.text.SystemCoreClockUpdate), (8 bytes).
    Removing system_stm32f4xx.o(.data.SystemCoreClock), (4 bytes).
    Removing hw_gpio.o(.text), (0 bytes).
    Removing hw_gpio.o(.ARM.exidx.text.GPIO_USART2_Init), (8 bytes).
    Removing hw_gpio.o(.ARM.exidx.text.LL_AHB1_GRP1_EnableClock), (8 bytes).
    Removing hw_usart.o(.text), (0 bytes).
    Removing hw_usart.o(.ARM.exidx.text.USART2_Init), (8 bytes).
    Removing hw_usart.o(.ARM.exidx.text.LL_APB1_GRP1_EnableClock), (8 bytes).
    Removing hw_usart.o(.ARM.exidx.text.LL_USART_ConfigAsyncMode), (8 bytes).
    Removing hw_usart.o(.ARM.exidx.text.LL_USART_Enable), (8 bytes).
    Removing hw_usart.o(.ARM.exidx.text.LL_USART_EnableIT_IDLE), (8 bytes).
    Removing hw_usart.o(.ARM.exidx.text.__NVIC_SetPriority), (8 bytes).
    Removing hw_usart.o(.ARM.exidx.text.__NVIC_EnableIRQ), (8 bytes).
    Removing hw_dma.o(.text), (0 bytes).
    Removing hw_dma.o(.ARM.exidx.text.DMA_USART2_RX_Init), (8 bytes).
    Removing hw_dma.o(.ARM.exidx.text.LL_AHB1_GRP1_EnableClock), (8 bytes).
    Removing hw_dma.o(.ARM.exidx.text.LL_DMA_DisableStream), (8 bytes).
    Removing hw_dma.o(.ARM.exidx.text.LL_USART_EnableDMAReq_RX), (8 bytes).
    Removing hw_dma.o(.ARM.exidx.text.LL_DMA_EnableStream), (8 bytes).
    Removing hw_dma.o(.ARM.exidx.text.DMA_USART2_TX_Init), (8 bytes).
    Removing hw_dma.o(.ARM.exidx.text.LL_USART_EnableDMAReq_TX), (8 bytes).

267 unused section(s) (total 5590 bytes) removed from the image.

==============================================================================

Image Symbol Table

    Local Symbols

    Symbol Name                              Value     Ov Type        Size  Object(Section)

    ../clib/angel/boardlib.s                 0x00000000   Number         0  boardinit1.o ABSOLUTE
    ../clib/angel/boardlib.s                 0x00000000   Number         0  boardinit2.o ABSOLUTE
    ../clib/angel/boardlib.s                 0x00000000   Number         0  boardinit3.o ABSOLUTE
    ../clib/angel/boardlib.s                 0x00000000   Number         0  boardshut.o ABSOLUTE
    ../clib/angel/handlers.s                 0x00000000   Number         0  __scatter_copy.o ABSOLUTE
    ../clib/angel/handlers.s                 0x00000000   Number         0  __scatter_zi.o ABSOLUTE
    ../clib/angel/kernel.s                   0x00000000   Number         0  __rtentry.o ABSOLUTE
    ../clib/angel/kernel.s                   0x00000000   Number         0  __rtentry2.o ABSOLUTE
    ../clib/angel/kernel.s                   0x00000000   Number         0  __rtentry4.o ABSOLUTE
    ../clib/angel/kernel.s                   0x00000000   Number         0  rtexit.o ABSOLUTE
    ../clib/angel/kernel.s                   0x00000000   Number         0  rtexit2.o ABSOLUTE
    ../clib/angel/rt.s                       0x00000000   Number         0  aeabi_ldiv0.o ABSOLUTE
    ../clib/angel/rt.s                       0x00000000   Number         0  aeabi_ldiv0_sigfpe.o ABSOLUTE
    ../clib/angel/rt.s                       0x00000000   Number         0  rt_div0.o ABSOLUTE
    ../clib/angel/rt.s                       0x00000000   Number         0  rt_raise.o ABSOLUTE
    ../clib/angel/scatter.s                  0x00000000   Number         0  __scatter.o ABSOLUTE
    ../clib/angel/startup.s                  0x00000000   Number         0  __main.o ABSOLUTE
    ../clib/angel/sys.s                      0x00000000   Number         0  sys_stackheap_outer.o ABSOLUTE
    ../clib/angel/sys.s                      0x00000000   Number         0  libspace.o ABSOLUTE
    ../clib/angel/sys.s                      0x00000000   Number         0  use_no_semi.o ABSOLUTE
    ../clib/angel/sys.s                      0x00000000   Number         0  indicate_semi.o ABSOLUTE
    ../clib/angel/sysapp.c                   0x00000000   Number         0  sys_exit.o ABSOLUTE
    ../clib/angel/sysapp.c                   0x00000000   Number         0  sys_exit_hlt.o ABSOLUTE
    ../clib/angel/sysapp.c                   0x00000000   Number         0  sys_wrch.o ABSOLUTE
    ../clib/angel/sysapp.c                   0x00000000   Number         0  sys_wrch_hlt.o ABSOLUTE
    ../clib/angel/sysapp.c                   0x00000000   Number         0  sys_command.o ABSOLUTE
    ../clib/angel/sysapp.c                   0x00000000   Number         0  sys_command_hlt.o ABSOLUTE
    ../clib/armsys.c                         0x00000000   Number         0  argv_veneer.o ABSOLUTE
    ../clib/armsys.c                         0x00000000   Number         0  argv_veneer.o ABSOLUTE
    ../clib/armsys.c                         0x00000000   Number         0  _get_argv_nomalloc.o ABSOLUTE
    ../clib/armsys.c                         0x00000000   Number         0  no_argv.o ABSOLUTE
    ../clib/heapalloc.c                      0x00000000   Number         0  hrguard.o ABSOLUTE
    ../clib/heapaux.c                        0x00000000   Number         0  heapauxi.o ABSOLUTE
    ../clib/libinit.s                        0x00000000   Number         0  libinit.o ABSOLUTE
    ../clib/libinit.s                        0x00000000   Number         0  libinit2.o ABSOLUTE
    ../clib/libinit.s                        0x00000000   Number         0  libshutdown.o ABSOLUTE
    ../clib/libinit.s                        0x00000000   Number         0  libshutdown2.o ABSOLUTE
    ../clib/longlong.s                       0x00000000   Number         0  lludivv7m.o ABSOLUTE
    ../clib/memcpset.s                       0x00000000   Number         0  rt_memclr_w.o ABSOLUTE
    ../clib/signal.c                         0x00000000   Number         0  defsig_fpe_outer.o ABSOLUTE
    ../clib/signal.c                         0x00000000   Number         0  defsig_fpe_formal.o ABSOLUTE
    ../clib/signal.c                         0x00000000   Number         0  defsig_exit.o ABSOLUTE
    ../clib/signal.c                         0x00000000   Number         0  defsig_fpe_inner.o ABSOLUTE
    ../clib/signal.c                         0x00000000   Number         0  __raise.o ABSOLUTE
    ../clib/signal.c                         0x00000000   Number         0  defsig_general.o ABSOLUTE
    ../clib/signal.c                         0x00000000   Number         0  defsig_abrt_inner.o ABSOLUTE
    ../clib/signal.c                         0x00000000   Number         0  defsig_rtred_inner.o ABSOLUTE
    ../clib/signal.c                         0x00000000   Number         0  defsig_rtmem_inner.o ABSOLUTE
    ../clib/signal.c                         0x00000000   Number         0  defsig_rtmem_outer.o ABSOLUTE
    ../clib/signal.c                         0x00000000   Number         0  defsig_rtmem_formal.o ABSOLUTE
    ../clib/signal.c                         0x00000000   Number         0  defsig_stak_inner.o ABSOLUTE
    ../clib/signal.c                         0x00000000   Number         0  defsig_pvfn_inner.o ABSOLUTE
    ../clib/signal.c                         0x00000000   Number         0  defsig_cppl_inner.o ABSOLUTE
    ../clib/signal.c                         0x00000000   Number         0  defsig_segv_inner.o ABSOLUTE
    ../clib/signal.c                         0x00000000   Number         0  defsig_other.o ABSOLUTE
    ../clib/signal.s                         0x00000000   Number         0  defsig.o ABSOLUTE
    ../clib/stdlib.c                         0x00000000   Number         0  exit.o ABSOLUTE
    ../fplib/fpinit.s                        0x00000000   Number         0  fpinit.o ABSOLUTE
    dc.s                                     0x00000000   Number         0  dc.o ABSOLUTE
    hw_dma.c                                 0x00000000   Number         0  hw_dma.o ABSOLUTE
    hw_gpio.c                                0x00000000   Number         0  hw_gpio.o ABSOLUTE
    hw_usart.c                               0x00000000   Number         0  hw_usart.o ABSOLUTE
    main.c                                   0x00000000   Number         0  main.o ABSOLUTE
    startup_stm32f401xc.s                    0x00000000   Number         0  startup_stm32f401xc.o ABSOLUTE
    stm32f4xx_it.c                           0x00000000   Number         0  stm32f4xx_it.o ABSOLUTE
    stm32f4xx_ll_dma.c                       0x00000000   Number         0  stm32f4xx_ll_dma.o ABSOLUTE
    stm32f4xx_ll_exti.c                      0x00000000   Number         0  stm32f4xx_ll_exti.o ABSOLUTE
    stm32f4xx_ll_gpio.c                      0x00000000   Number         0  stm32f4xx_ll_gpio.o ABSOLUTE
    stm32f4xx_ll_rcc.c                       0x00000000   Number         0  stm32f4xx_ll_rcc.o ABSOLUTE
    stm32f4xx_ll_usart.c                     0x00000000   Number         0  stm32f4xx_ll_usart.o ABSOLUTE
    stm32f4xx_ll_utils.c                     0x00000000   Number         0  stm32f4xx_ll_utils.o ABSOLUTE
    system_stm32f4xx.c                       0x00000000   Number         0  system_stm32f4xx.o ABSOLUTE
    RESET                                    0x08000000   Section      404  startup_stm32f401xc.o(RESET)
    !!!main                                  0x08000194   Section        8  __main.o(!!!main)
    !!!scatter                               0x0800019c   Section       92  __scatter.o(!!!scatter)
    !!handler_copy                           0x080001f8   Section       26  __scatter_copy.o(!!handler_copy)
    !!handler_null                           0x08000214   Section        2  __scatter.o(!!handler_null)
    !!handler_zi                             0x08000218   Section       28  __scatter_zi.o(!!handler_zi)
    .ARM.Collect$$libinit$$00000000          0x08000234   Section        2  libinit.o(.ARM.Collect$$libinit$$00000000)
    .ARM.Collect$$libinit$$00000001          0x08000236   Section        4  libinit2.o(.ARM.Collect$$libinit$$00000001)
    .ARM.Collect$$libinit$$00000004          0x0800023a   Section        0  libinit2.o(.ARM.Collect$$libinit$$00000004)
    .ARM.Collect$$libinit$$00000006          0x0800023a   Section        0  libinit2.o(.ARM.Collect$$libinit$$00000006)
    .ARM.Collect$$libinit$$0000000C          0x0800023a   Section        0  libinit2.o(.ARM.Collect$$libinit$$0000000C)
    .ARM.Collect$$libinit$$0000000E          0x0800023a   Section        0  libinit2.o(.ARM.Collect$$libinit$$0000000E)
    .ARM.Collect$$libinit$$00000010          0x0800023a   Section        0  libinit2.o(.ARM.Collect$$libinit$$00000010)
    .ARM.Collect$$libinit$$00000013          0x0800023a   Section        0  libinit2.o(.ARM.Collect$$libinit$$00000013)
    .ARM.Collect$$libinit$$00000015          0x0800023a   Section        0  libinit2.o(.ARM.Collect$$libinit$$00000015)
    .ARM.Collect$$libinit$$00000017          0x0800023a   Section        0  libinit2.o(.ARM.Collect$$libinit$$00000017)
    .ARM.Collect$$libinit$$00000019          0x0800023a   Section        0  libinit2.o(.ARM.Collect$$libinit$$00000019)
    .ARM.Collect$$libinit$$0000001B          0x0800023a   Section        0  libinit2.o(.ARM.Collect$$libinit$$0000001B)
    .ARM.Collect$$libinit$$0000001D          0x0800023a   Section        0  libinit2.o(.ARM.Collect$$libinit$$0000001D)
    .ARM.Collect$$libinit$$0000001F          0x0800023a   Section        0  libinit2.o(.ARM.Collect$$libinit$$0000001F)
    .ARM.Collect$$libinit$$00000021          0x0800023a   Section        0  libinit2.o(.ARM.Collect$$libinit$$00000021)
    .ARM.Collect$$libinit$$00000023          0x0800023a   Section        0  libinit2.o(.ARM.Collect$$libinit$$00000023)
    .ARM.Collect$$libinit$$00000025          0x0800023a   Section        0  libinit2.o(.ARM.Collect$$libinit$$00000025)
    .ARM.Collect$$libinit$$00000027          0x0800023a   Section        0  libinit2.o(.ARM.Collect$$libinit$$00000027)
    .ARM.Collect$$libinit$$0000002E          0x0800023a   Section        0  libinit2.o(.ARM.Collect$$libinit$$0000002E)
    .ARM.Collect$$libinit$$00000030          0x0800023a   Section        0  libinit2.o(.ARM.Collect$$libinit$$00000030)
    .ARM.Collect$$libinit$$00000032          0x0800023a   Section        0  libinit2.o(.ARM.Collect$$libinit$$00000032)
    .ARM.Collect$$libinit$$00000034          0x0800023a   Section        0  libinit2.o(.ARM.Collect$$libinit$$00000034)
    .ARM.Collect$$libinit$$00000035          0x0800023a   Section        2  libinit2.o(.ARM.Collect$$libinit$$00000035)
    .ARM.Collect$$libshutdown$$00000000      0x0800023c   Section        2  libshutdown.o(.ARM.Collect$$libshutdown$$00000000)
    .ARM.Collect$$libshutdown$$00000002      0x0800023e   Section        0  libshutdown2.o(.ARM.Collect$$libshutdown$$00000002)
    .ARM.Collect$$libshutdown$$00000004      0x0800023e   Section        0  libshutdown2.o(.ARM.Collect$$libshutdown$$00000004)
    .ARM.Collect$$libshutdown$$00000007      0x0800023e   Section        0  libshutdown2.o(.ARM.Collect$$libshutdown$$00000007)
    .ARM.Collect$$libshutdown$$0000000A      0x0800023e   Section        0  libshutdown2.o(.ARM.Collect$$libshutdown$$0000000A)
    .ARM.Collect$$libshutdown$$0000000C      0x0800023e   Section        0  libshutdown2.o(.ARM.Collect$$libshutdown$$0000000C)
    .ARM.Collect$$libshutdown$$0000000F      0x0800023e   Section        0  libshutdown2.o(.ARM.Collect$$libshutdown$$0000000F)
    .ARM.Collect$$libshutdown$$00000010      0x0800023e   Section        2  libshutdown2.o(.ARM.Collect$$libshutdown$$00000010)
    .ARM.Collect$$rtentry$$00000000          0x08000240   Section        0  __rtentry.o(.ARM.Collect$$rtentry$$00000000)
    .ARM.Collect$$rtentry$$00000002          0x08000240   Section        0  __rtentry2.o(.ARM.Collect$$rtentry$$00000002)
    .ARM.Collect$$rtentry$$00000004          0x08000240   Section        6  __rtentry4.o(.ARM.Collect$$rtentry$$00000004)
    .ARM.Collect$$rtentry$$00000009          0x08000246   Section        0  __rtentry2.o(.ARM.Collect$$rtentry$$00000009)
    .ARM.Collect$$rtentry$$0000000A          0x08000246   Section        4  __rtentry2.o(.ARM.Collect$$rtentry$$0000000A)
    .ARM.Collect$$rtentry$$0000000C          0x0800024a   Section        0  __rtentry2.o(.ARM.Collect$$rtentry$$0000000C)
    .ARM.Collect$$rtentry$$0000000D          0x0800024a   Section        8  __rtentry2.o(.ARM.Collect$$rtentry$$0000000D)
    .ARM.Collect$$rtexit$$00000000           0x08000252   Section        2  rtexit.o(.ARM.Collect$$rtexit$$00000000)
    .ARM.Collect$$rtexit$$00000002           0x08000254   Section        0  rtexit2.o(.ARM.Collect$$rtexit$$00000002)
    .ARM.Collect$$rtexit$$00000003           0x08000254   Section        4  rtexit2.o(.ARM.Collect$$rtexit$$00000003)
    .ARM.Collect$$rtexit$$00000004           0x08000258   Section        6  rtexit2.o(.ARM.Collect$$rtexit$$00000004)
    $v0                                      0x08000260   Number         0  startup_stm32f401xc.o(.text)
    .text                                    0x08000260   Section       64  startup_stm32f401xc.o(.text)
    .text                                    0x080002a0   Section      240  lludivv7m.o(.text)
    .text                                    0x08000390   Section       78  rt_memclr_w.o(.text)
    .text                                    0x080003de   Section        0  heapauxi.o(.text)
    .text                                    0x080003e4   Section       74  sys_stackheap_outer.o(.text)
    .text                                    0x0800042e   Section        0  exit.o(.text)
    .text                                    0x08000440   Section        8  libspace.o(.text)
    .text                                    0x08000448   Section        0  sys_exit.o(.text)
    .text                                    0x08000454   Section        2  use_no_semi.o(.text)
    .text                                    0x08000456   Section        0  indicate_semi.o(.text)
    [Anonymous Symbol]                       0x08000458   Section        0  stm32f4xx_it.o(.text.BusFault_Handler)
    [Anonymous Symbol]                       0x0800045c   Section        0  hw_dma.o(.text.DMA_USART2_RX_Init)
    [Anonymous Symbol]                       0x080004ec   Section        0  hw_dma.o(.text.DMA_USART2_TX_Init)
    [Anonymous Symbol]                       0x08000560   Section        0  stm32f4xx_it.o(.text.DebugMon_Handler)
    [Anonymous Symbol]                       0x08000564   Section        0  hw_gpio.o(.text.GPIO_USART2_Init)
    [Anonymous Symbol]                       0x080005b4   Section        0  stm32f4xx_it.o(.text.HardFault_Handler)
    LL_AHB1_GRP1_EnableClock                 0x080005b9   Thumb Code    34  hw_gpio.o(.text.LL_AHB1_GRP1_EnableClock)
    [Anonymous Symbol]                       0x080005b8   Section        0  hw_gpio.o(.text.LL_AHB1_GRP1_EnableClock)
    LL_AHB1_GRP1_EnableClock                 0x080005dd   Thumb Code    34  hw_dma.o(.text.LL_AHB1_GRP1_EnableClock)
    [Anonymous Symbol]                       0x080005dc   Section        0  hw_dma.o(.text.LL_AHB1_GRP1_EnableClock)
    LL_AHB1_GRP1_ForceReset                  0x08000601   Thumb Code    24  stm32f4xx_ll_dma.o(.text.LL_AHB1_GRP1_ForceReset)
    [Anonymous Symbol]                       0x08000600   Section        0  stm32f4xx_ll_dma.o(.text.LL_AHB1_GRP1_ForceReset)
    LL_AHB1_GRP1_ReleaseReset                0x08000619   Thumb Code    24  stm32f4xx_ll_dma.o(.text.LL_AHB1_GRP1_ReleaseReset)
    [Anonymous Symbol]                       0x08000618   Section        0  stm32f4xx_ll_dma.o(.text.LL_AHB1_GRP1_ReleaseReset)
    LL_APB1_GRP1_EnableClock                 0x08000631   Thumb Code    34  main.o(.text.LL_APB1_GRP1_EnableClock)
    [Anonymous Symbol]                       0x08000630   Section        0  main.o(.text.LL_APB1_GRP1_EnableClock)
    LL_APB1_GRP1_EnableClock                 0x08000655   Thumb Code    34  hw_usart.o(.text.LL_APB1_GRP1_EnableClock)
    [Anonymous Symbol]                       0x08000654   Section        0  hw_usart.o(.text.LL_APB1_GRP1_EnableClock)
    LL_APB2_GRP1_EnableClock                 0x08000679   Thumb Code    34  main.o(.text.LL_APB2_GRP1_EnableClock)
    [Anonymous Symbol]                       0x08000678   Section        0  main.o(.text.LL_APB2_GRP1_EnableClock)
    LL_DMA_ClearFlag_TC6                     0x0800069d   Thumb Code    16  main.o(.text.LL_DMA_ClearFlag_TC6)
    [Anonymous Symbol]                       0x0800069c   Section        0  main.o(.text.LL_DMA_ClearFlag_TC6)
    LL_DMA_ConfigFifo                        0x080006ad   Thumb Code    54  stm32f4xx_ll_dma.o(.text.LL_DMA_ConfigFifo)
    [Anonymous Symbol]                       0x080006ac   Section        0  stm32f4xx_ll_dma.o(.text.LL_DMA_ConfigFifo)
    LL_DMA_ConfigTransfer                    0x080006e5   Thumb Code    50  stm32f4xx_ll_dma.o(.text.LL_DMA_ConfigTransfer)
    [Anonymous Symbol]                       0x080006e4   Section        0  stm32f4xx_ll_dma.o(.text.LL_DMA_ConfigTransfer)
    [Anonymous Symbol]                       0x08000718   Section        0  stm32f4xx_ll_dma.o(.text.LL_DMA_DeInit)
    LL_DMA_DisableStream                     0x08000ae5   Thumb Code    32  main.o(.text.LL_DMA_DisableStream)
    [Anonymous Symbol]                       0x08000ae4   Section        0  main.o(.text.LL_DMA_DisableStream)
    LL_DMA_DisableStream                     0x08000b05   Thumb Code    32  stm32f4xx_ll_dma.o(.text.LL_DMA_DisableStream)
    [Anonymous Symbol]                       0x08000b04   Section        0  stm32f4xx_ll_dma.o(.text.LL_DMA_DisableStream)
    LL_DMA_DisableStream                     0x08000b25   Thumb Code    32  hw_dma.o(.text.LL_DMA_DisableStream)
    [Anonymous Symbol]                       0x08000b24   Section        0  hw_dma.o(.text.LL_DMA_DisableStream)
    LL_DMA_EnableStream                      0x08000b45   Thumb Code    32  main.o(.text.LL_DMA_EnableStream)
    [Anonymous Symbol]                       0x08000b44   Section        0  main.o(.text.LL_DMA_EnableStream)
    LL_DMA_EnableStream                      0x08000b65   Thumb Code    32  hw_dma.o(.text.LL_DMA_EnableStream)
    [Anonymous Symbol]                       0x08000b64   Section        0  hw_dma.o(.text.LL_DMA_EnableStream)
    LL_DMA_GetDataLength                     0x08000b85   Thumb Code    30  main.o(.text.LL_DMA_GetDataLength)
    [Anonymous Symbol]                       0x08000b84   Section        0  main.o(.text.LL_DMA_GetDataLength)
    [Anonymous Symbol]                       0x08000ba4   Section        0  stm32f4xx_ll_dma.o(.text.LL_DMA_Init)
    LL_DMA_IsActiveFlag_TC6                  0x08000c55   Thumb Code    16  main.o(.text.LL_DMA_IsActiveFlag_TC6)
    [Anonymous Symbol]                       0x08000c54   Section        0  main.o(.text.LL_DMA_IsActiveFlag_TC6)
    LL_DMA_SetChannelSelection               0x08000c65   Thumb Code    44  stm32f4xx_ll_dma.o(.text.LL_DMA_SetChannelSelection)
    [Anonymous Symbol]                       0x08000c64   Section        0  stm32f4xx_ll_dma.o(.text.LL_DMA_SetChannelSelection)
    LL_DMA_SetDataLength                     0x08000c91   Thumb Code    50  main.o(.text.LL_DMA_SetDataLength)
    [Anonymous Symbol]                       0x08000c90   Section        0  main.o(.text.LL_DMA_SetDataLength)
    LL_DMA_SetDataLength                     0x08000cc5   Thumb Code    50  stm32f4xx_ll_dma.o(.text.LL_DMA_SetDataLength)
    [Anonymous Symbol]                       0x08000cc4   Section        0  stm32f4xx_ll_dma.o(.text.LL_DMA_SetDataLength)
    LL_DMA_SetMemoryAddress                  0x08000cf9   Thumb Code    32  main.o(.text.LL_DMA_SetMemoryAddress)
    [Anonymous Symbol]                       0x08000cf8   Section        0  main.o(.text.LL_DMA_SetMemoryAddress)
    LL_DMA_SetMemoryAddress                  0x08000d19   Thumb Code    32  stm32f4xx_ll_dma.o(.text.LL_DMA_SetMemoryAddress)
    [Anonymous Symbol]                       0x08000d18   Section        0  stm32f4xx_ll_dma.o(.text.LL_DMA_SetMemoryAddress)
    LL_DMA_SetMemoryBurstxfer                0x08000d39   Thumb Code    44  stm32f4xx_ll_dma.o(.text.LL_DMA_SetMemoryBurstxfer)
    [Anonymous Symbol]                       0x08000d38   Section        0  stm32f4xx_ll_dma.o(.text.LL_DMA_SetMemoryBurstxfer)
    LL_DMA_SetPeriphAddress                  0x08000d65   Thumb Code    32  stm32f4xx_ll_dma.o(.text.LL_DMA_SetPeriphAddress)
    [Anonymous Symbol]                       0x08000d64   Section        0  stm32f4xx_ll_dma.o(.text.LL_DMA_SetPeriphAddress)
    LL_DMA_SetPeriphBurstxfer                0x08000d85   Thumb Code    44  stm32f4xx_ll_dma.o(.text.LL_DMA_SetPeriphBurstxfer)
    [Anonymous Symbol]                       0x08000d84   Section        0  stm32f4xx_ll_dma.o(.text.LL_DMA_SetPeriphBurstxfer)
    [Anonymous Symbol]                       0x08000db0   Section        0  stm32f4xx_ll_gpio.o(.text.LL_GPIO_Init)
    LL_GPIO_SetAFPin_0_7                     0x08000eb9   Thumb Code   124  stm32f4xx_ll_gpio.o(.text.LL_GPIO_SetAFPin_0_7)
    [Anonymous Symbol]                       0x08000eb8   Section        0  stm32f4xx_ll_gpio.o(.text.LL_GPIO_SetAFPin_0_7)
    LL_GPIO_SetAFPin_8_15                    0x08000f35   Thumb Code   128  stm32f4xx_ll_gpio.o(.text.LL_GPIO_SetAFPin_8_15)
    [Anonymous Symbol]                       0x08000f34   Section        0  stm32f4xx_ll_gpio.o(.text.LL_GPIO_SetAFPin_8_15)
    LL_GPIO_SetPinMode                       0x08000fb5   Thumb Code   124  stm32f4xx_ll_gpio.o(.text.LL_GPIO_SetPinMode)
    [Anonymous Symbol]                       0x08000fb4   Section        0  stm32f4xx_ll_gpio.o(.text.LL_GPIO_SetPinMode)
    LL_GPIO_SetPinOutputType                 0x08001031   Thumb Code    30  stm32f4xx_ll_gpio.o(.text.LL_GPIO_SetPinOutputType)
    [Anonymous Symbol]                       0x08001030   Section        0  stm32f4xx_ll_gpio.o(.text.LL_GPIO_SetPinOutputType)
    LL_GPIO_SetPinPull                       0x08001051   Thumb Code   124  stm32f4xx_ll_gpio.o(.text.LL_GPIO_SetPinPull)
    [Anonymous Symbol]                       0x08001050   Section        0  stm32f4xx_ll_gpio.o(.text.LL_GPIO_SetPinPull)
    LL_GPIO_SetPinSpeed                      0x080010cd   Thumb Code   124  stm32f4xx_ll_gpio.o(.text.LL_GPIO_SetPinSpeed)
    [Anonymous Symbol]                       0x080010cc   Section        0  stm32f4xx_ll_gpio.o(.text.LL_GPIO_SetPinSpeed)
    LL_RCC_GetAHBPrescaler                   0x08001149   Thumb Code    16  stm32f4xx_ll_rcc.o(.text.LL_RCC_GetAHBPrescaler)
    [Anonymous Symbol]                       0x08001148   Section        0  stm32f4xx_ll_rcc.o(.text.LL_RCC_GetAHBPrescaler)
    LL_RCC_GetAPB1Prescaler                  0x08001159   Thumb Code    16  stm32f4xx_ll_rcc.o(.text.LL_RCC_GetAPB1Prescaler)
    [Anonymous Symbol]                       0x08001158   Section        0  stm32f4xx_ll_rcc.o(.text.LL_RCC_GetAPB1Prescaler)
    LL_RCC_GetAPB2Prescaler                  0x08001169   Thumb Code    16  stm32f4xx_ll_rcc.o(.text.LL_RCC_GetAPB2Prescaler)
    [Anonymous Symbol]                       0x08001168   Section        0  stm32f4xx_ll_rcc.o(.text.LL_RCC_GetAPB2Prescaler)
    LL_RCC_GetSysClkSource                   0x08001179   Thumb Code    16  stm32f4xx_ll_rcc.o(.text.LL_RCC_GetSysClkSource)
    [Anonymous Symbol]                       0x08001178   Section        0  stm32f4xx_ll_rcc.o(.text.LL_RCC_GetSysClkSource)
    [Anonymous Symbol]                       0x08001188   Section        0  stm32f4xx_ll_rcc.o(.text.LL_RCC_GetSystemClocksFreq)
    LL_RCC_PLL_GetDivider                    0x080011c1   Thumb Code    16  stm32f4xx_ll_rcc.o(.text.LL_RCC_PLL_GetDivider)
    [Anonymous Symbol]                       0x080011c0   Section        0  stm32f4xx_ll_rcc.o(.text.LL_RCC_PLL_GetDivider)
    LL_RCC_PLL_GetMainSource                 0x080011d1   Thumb Code    16  stm32f4xx_ll_rcc.o(.text.LL_RCC_PLL_GetMainSource)
    [Anonymous Symbol]                       0x080011d0   Section        0  stm32f4xx_ll_rcc.o(.text.LL_RCC_PLL_GetMainSource)
    LL_RCC_PLL_GetN                          0x080011e1   Thumb Code    16  stm32f4xx_ll_rcc.o(.text.LL_RCC_PLL_GetN)
    [Anonymous Symbol]                       0x080011e0   Section        0  stm32f4xx_ll_rcc.o(.text.LL_RCC_PLL_GetN)
    LL_RCC_PLL_GetP                          0x080011f1   Thumb Code    16  stm32f4xx_ll_rcc.o(.text.LL_RCC_PLL_GetP)
    [Anonymous Symbol]                       0x080011f0   Section        0  stm32f4xx_ll_rcc.o(.text.LL_RCC_PLL_GetP)
    LL_USART_ClearFlag_IDLE                  0x08001201   Thumb Code    24  main.o(.text.LL_USART_ClearFlag_IDLE)
    [Anonymous Symbol]                       0x08001200   Section        0  main.o(.text.LL_USART_ClearFlag_IDLE)
    LL_USART_ConfigAsyncMode                 0x08001219   Thumb Code    28  hw_usart.o(.text.LL_USART_ConfigAsyncMode)
    [Anonymous Symbol]                       0x08001218   Section        0  hw_usart.o(.text.LL_USART_ConfigAsyncMode)
    LL_USART_Enable                          0x08001235   Thumb Code    18  hw_usart.o(.text.LL_USART_Enable)
    [Anonymous Symbol]                       0x08001234   Section        0  hw_usart.o(.text.LL_USART_Enable)
    LL_USART_EnableDMAReq_RX                 0x08001249   Thumb Code    42  hw_dma.o(.text.LL_USART_EnableDMAReq_RX)
    [Anonymous Symbol]                       0x08001248   Section        0  hw_dma.o(.text.LL_USART_EnableDMAReq_RX)
    LL_USART_EnableDMAReq_TX                 0x08001275   Thumb Code    42  hw_dma.o(.text.LL_USART_EnableDMAReq_TX)
    [Anonymous Symbol]                       0x08001274   Section        0  hw_dma.o(.text.LL_USART_EnableDMAReq_TX)
    LL_USART_EnableIT_IDLE                   0x080012a1   Thumb Code    42  hw_usart.o(.text.LL_USART_EnableIT_IDLE)
    [Anonymous Symbol]                       0x080012a0   Section        0  hw_usart.o(.text.LL_USART_EnableIT_IDLE)
    [Anonymous Symbol]                       0x080012cc   Section        0  stm32f4xx_ll_usart.o(.text.LL_USART_Init)
    LL_USART_IsActiveFlag_IDLE               0x080013a1   Thumb Code    16  main.o(.text.LL_USART_IsActiveFlag_IDLE)
    [Anonymous Symbol]                       0x080013a0   Section        0  main.o(.text.LL_USART_IsActiveFlag_IDLE)
    LL_USART_IsActiveFlag_TC                 0x080013b1   Thumb Code    16  main.o(.text.LL_USART_IsActiveFlag_TC)
    [Anonymous Symbol]                       0x080013b0   Section        0  main.o(.text.LL_USART_IsActiveFlag_TC)
    LL_USART_IsEnabled                       0x080013c1   Thumb Code    16  stm32f4xx_ll_usart.o(.text.LL_USART_IsEnabled)
    [Anonymous Symbol]                       0x080013c0   Section        0  stm32f4xx_ll_usart.o(.text.LL_USART_IsEnabled)
    LL_USART_SetBaudRate                     0x080013d1   Thumb Code   176  stm32f4xx_ll_usart.o(.text.LL_USART_SetBaudRate)
    [Anonymous Symbol]                       0x080013d0   Section        0  stm32f4xx_ll_usart.o(.text.LL_USART_SetBaudRate)
    LL_USART_SetHWFlowCtrl                   0x08001481   Thumb Code    26  stm32f4xx_ll_usart.o(.text.LL_USART_SetHWFlowCtrl)
    [Anonymous Symbol]                       0x08001480   Section        0  stm32f4xx_ll_usart.o(.text.LL_USART_SetHWFlowCtrl)
    LL_USART_SetStopBitsLength               0x0800149d   Thumb Code    26  stm32f4xx_ll_usart.o(.text.LL_USART_SetStopBitsLength)
    [Anonymous Symbol]                       0x0800149c   Section        0  stm32f4xx_ll_usart.o(.text.LL_USART_SetStopBitsLength)
    [Anonymous Symbol]                       0x080014b8   Section        0  stm32f4xx_it.o(.text.MemManage_Handler)
    [Anonymous Symbol]                       0x080014bc   Section        0  stm32f4xx_it.o(.text.NMI_Handler)
    NVIC_EncodePriority                      0x080014c1   Thumb Code   108  main.o(.text.NVIC_EncodePriority)
    [Anonymous Symbol]                       0x080014c0   Section        0  main.o(.text.NVIC_EncodePriority)
    [Anonymous Symbol]                       0x0800152c   Section        0  stm32f4xx_it.o(.text.PendSV_Handler)
    [Anonymous Symbol]                       0x08001530   Section        0  stm32f4xx_ll_rcc.o(.text.RCC_GetHCLKClockFreq)
    [Anonymous Symbol]                       0x08001558   Section        0  stm32f4xx_ll_rcc.o(.text.RCC_GetPCLK1ClockFreq)
    [Anonymous Symbol]                       0x0800157c   Section        0  stm32f4xx_ll_rcc.o(.text.RCC_GetPCLK2ClockFreq)
    [Anonymous Symbol]                       0x080015a0   Section        0  stm32f4xx_ll_rcc.o(.text.RCC_GetSystemClockFreq)
    [Anonymous Symbol]                       0x080015f8   Section        0  stm32f4xx_ll_rcc.o(.text.RCC_PLL_GetFreqDomain_SYS)
    [Anonymous Symbol]                       0x08001688   Section        0  stm32f4xx_it.o(.text.SVC_Handler)
    [Anonymous Symbol]                       0x0800168c   Section        0  stm32f4xx_it.o(.text.SysTick_Handler)
    [Anonymous Symbol]                       0x08001690   Section        0  system_stm32f4xx.o(.text.SystemInit)
    [Anonymous Symbol]                       0x080016a4   Section        0  main.o(.text.USART2_IRQHandler)
    [Anonymous Symbol]                       0x08001820   Section        0  hw_usart.o(.text.USART2_Init)
    [Anonymous Symbol]                       0x08001888   Section        0  stm32f4xx_it.o(.text.UsageFault_Handler)
    __NVIC_EnableIRQ                         0x0800188d   Thumb Code    48  hw_usart.o(.text.__NVIC_EnableIRQ)
    [Anonymous Symbol]                       0x0800188c   Section        0  hw_usart.o(.text.__NVIC_EnableIRQ)
    __NVIC_GetPriorityGrouping               0x080018bd   Thumb Code    16  main.o(.text.__NVIC_GetPriorityGrouping)
    [Anonymous Symbol]                       0x080018bc   Section        0  main.o(.text.__NVIC_GetPriorityGrouping)
    __NVIC_SetPriority                       0x080018cd   Thumb Code    66  main.o(.text.__NVIC_SetPriority)
    [Anonymous Symbol]                       0x080018cc   Section        0  main.o(.text.__NVIC_SetPriority)
    __NVIC_SetPriority                       0x08001911   Thumb Code    66  hw_usart.o(.text.__NVIC_SetPriority)
    [Anonymous Symbol]                       0x08001910   Section        0  hw_usart.o(.text.__NVIC_SetPriority)
    __NVIC_SetPriorityGrouping               0x08001955   Thumb Code    60  main.o(.text.__NVIC_SetPriorityGrouping)
    [Anonymous Symbol]                       0x08001954   Section        0  main.o(.text.__NVIC_SetPriorityGrouping)
    [Anonymous Symbol]                       0x08001990   Section        0  main.o(.text.main)
    $v0                                      0x080019e6   Number         0  fpinit.o(x$fpl$fpinit)
    x$fpl$fpinit                             0x080019e6   Section       26  fpinit.o(x$fpl$fpinit)
    STREAM_OFFSET_TAB                        0x08001a18   Data           8  main.o(.rodata.STREAM_OFFSET_TAB)
    [Anonymous Symbol]                       0x08001a18   Section        0  main.o(.rodata.STREAM_OFFSET_TAB)
    STREAM_OFFSET_TAB                        0x08001a20   Data           8  stm32f4xx_ll_dma.o(.rodata.STREAM_OFFSET_TAB)
    [Anonymous Symbol]                       0x08001a20   Section        0  stm32f4xx_ll_dma.o(.rodata.STREAM_OFFSET_TAB)
    STREAM_OFFSET_TAB                        0x08001a28   Data           8  hw_dma.o(.rodata.STREAM_OFFSET_TAB)
    [Anonymous Symbol]                       0x08001a28   Section        0  hw_dma.o(.rodata.STREAM_OFFSET_TAB)
    .bss                                     0x20000010   Section       96  libspace.o(.bss)
    Heap_Mem                                 0x200000b0   Data         512  startup_stm32f401xc.o(HEAP)
    HEAP                                     0x200000b0   Section      512  startup_stm32f401xc.o(HEAP)
    Stack_Mem                                0x200002b0   Data        1024  startup_stm32f401xc.o(STACK)
    STACK                                    0x200002b0   Section     1024  startup_stm32f401xc.o(STACK)
    __initial_sp                             0x200006b0   Data           0  startup_stm32f401xc.o(STACK)

    Global Symbols

    Symbol Name                              Value     Ov Type        Size  Object(Section)

    BuildAttributes$$THM_ISAv4$E$P$D$K$B$S$7EM$VFPi3$EXTD16$VFPS$VFMA$PE$A:L22UL41UL21$X:L11$S22US41US21$IEEE1$IW$~IW$USESV6$~STKCKD$USESV7$~SHL$OSPACE$ROPI$EBA8$UX$STANDARDLIB$REQ8$PRES8$EABIv2 0x00000000   Number         0  anon$$obj.o ABSOLUTE
    __ARM_exceptions_init                     - Undefined Weak Reference
    __alloca_initialize                       - Undefined Weak Reference
    __arm_preinit_                            - Undefined Weak Reference
    __arm_relocate_pie_                       - Undefined Weak Reference
    __cpp_initialize__aeabi_                  - Undefined Weak Reference
    __cxa_finalize                            - Undefined Weak Reference
    __rt_locale                               - Undefined Weak Reference
    __sigvec_lookup                           - Undefined Weak Reference
    _atexit_init                              - Undefined Weak Reference
    _call_atexit_fns                          - Undefined Weak Reference
    _clock_init                               - Undefined Weak Reference
    _fp_trap_init                             - Undefined Weak Reference
    _fp_trap_shutdown                         - Undefined Weak Reference
    _get_lc_collate                           - Undefined Weak Reference
    _get_lc_ctype                             - Undefined Weak Reference
    _get_lc_monetary                          - Undefined Weak Reference
    _get_lc_numeric                           - Undefined Weak Reference
    _get_lc_time                              - Undefined Weak Reference
    _getenv_init                              - Undefined Weak Reference
    _handle_redirection                       - Undefined Weak Reference
    _init_alloc                               - Undefined Weak Reference
    _init_user_alloc                          - Undefined Weak Reference
    _initio                                   - Undefined Weak Reference
    _rand_init                                - Undefined Weak Reference
    _signal_finish                            - Undefined Weak Reference
    _signal_init                              - Undefined Weak Reference
    _terminate_alloc                          - Undefined Weak Reference
    _terminate_user_alloc                     - Undefined Weak Reference
    _terminateio                              - Undefined Weak Reference
    __Vectors_Size                           0x00000194   Number         0  startup_stm32f401xc.o ABSOLUTE
    __Vectors                                0x08000000   Data           4  startup_stm32f401xc.o(RESET)
    __Vectors_End                            0x08000194   Data           0  startup_stm32f401xc.o(RESET)
    __main                                   0x08000195   Thumb Code     8  __main.o(!!!main)
    __scatterload                            0x0800019d   Thumb Code     0  __scatter.o(!!!scatter)
    __scatterload_rt2                        0x0800019d   Thumb Code    84  __scatter.o(!!!scatter)
    __scatterload_rt2_thumb_only             0x0800019d   Thumb Code     0  __scatter.o(!!!scatter)
    __scatterload_loop                       0x080001a7   Thumb Code     0  __scatter.o(!!!scatter)
    __scatterload_copy                       0x080001f9   Thumb Code    26  __scatter_copy.o(!!handler_copy)
    __scatterload_null                       0x08000215   Thumb Code     2  __scatter.o(!!handler_null)
    __scatterload_zeroinit                   0x08000219   Thumb Code    28  __scatter_zi.o(!!handler_zi)
    __rt_lib_init                            0x08000235   Thumb Code     0  libinit.o(.ARM.Collect$$libinit$$00000000)
    __rt_lib_init_fp_1                       0x08000237   Thumb Code     0  libinit2.o(.ARM.Collect$$libinit$$00000001)
    __rt_lib_init_alloca_1                   0x0800023b   Thumb Code     0  libinit2.o(.ARM.Collect$$libinit$$00000030)
    __rt_lib_init_argv_1                     0x0800023b   Thumb Code     0  libinit2.o(.ARM.Collect$$libinit$$0000002E)
    __rt_lib_init_atexit_1                   0x0800023b   Thumb Code     0  libinit2.o(.ARM.Collect$$libinit$$0000001D)
    __rt_lib_init_clock_1                    0x0800023b   Thumb Code     0  libinit2.o(.ARM.Collect$$libinit$$00000023)
    __rt_lib_init_cpp_1                      0x0800023b   Thumb Code     0  libinit2.o(.ARM.Collect$$libinit$$00000034)
    __rt_lib_init_exceptions_1               0x0800023b   Thumb Code     0  libinit2.o(.ARM.Collect$$libinit$$00000032)
    __rt_lib_init_fp_trap_1                  0x0800023b   Thumb Code     0  libinit2.o(.ARM.Collect$$libinit$$00000021)
    __rt_lib_init_getenv_1                   0x0800023b   Thumb Code     0  libinit2.o(.ARM.Collect$$libinit$$00000025)
    __rt_lib_init_heap_1                     0x0800023b   Thumb Code     0  libinit2.o(.ARM.Collect$$libinit$$0000000C)
    __rt_lib_init_lc_collate_1               0x0800023b   Thumb Code     0  libinit2.o(.ARM.Collect$$libinit$$00000013)
    __rt_lib_init_lc_ctype_1                 0x0800023b   Thumb Code     0  libinit2.o(.ARM.Collect$$libinit$$00000015)
    __rt_lib_init_lc_monetary_1              0x0800023b   Thumb Code     0  libinit2.o(.ARM.Collect$$libinit$$00000017)
    __rt_lib_init_lc_numeric_1               0x0800023b   Thumb Code     0  libinit2.o(.ARM.Collect$$libinit$$00000019)
    __rt_lib_init_lc_time_1                  0x0800023b   Thumb Code     0  libinit2.o(.ARM.Collect$$libinit$$0000001B)
    __rt_lib_init_preinit_1                  0x0800023b   Thumb Code     0  libinit2.o(.ARM.Collect$$libinit$$00000006)
    __rt_lib_init_rand_1                     0x0800023b   Thumb Code     0  libinit2.o(.ARM.Collect$$libinit$$00000010)
    __rt_lib_init_relocate_pie_1             0x0800023b   Thumb Code     0  libinit2.o(.ARM.Collect$$libinit$$00000004)
    __rt_lib_init_return                     0x0800023b   Thumb Code     0  libinit2.o(.ARM.Collect$$libinit$$00000035)
    __rt_lib_init_signal_1                   0x0800023b   Thumb Code     0  libinit2.o(.ARM.Collect$$libinit$$0000001F)
    __rt_lib_init_stdio_1                    0x0800023b   Thumb Code     0  libinit2.o(.ARM.Collect$$libinit$$00000027)
    __rt_lib_init_user_alloc_1               0x0800023b   Thumb Code     0  libinit2.o(.ARM.Collect$$libinit$$0000000E)
    __rt_lib_shutdown                        0x0800023d   Thumb Code     0  libshutdown.o(.ARM.Collect$$libshutdown$$00000000)
    __rt_lib_shutdown_cpp_1                  0x0800023f   Thumb Code     0  libshutdown2.o(.ARM.Collect$$libshutdown$$00000002)
    __rt_lib_shutdown_fp_trap_1              0x0800023f   Thumb Code     0  libshutdown2.o(.ARM.Collect$$libshutdown$$00000007)
    __rt_lib_shutdown_heap_1                 0x0800023f   Thumb Code     0  libshutdown2.o(.ARM.Collect$$libshutdown$$0000000F)
    __rt_lib_shutdown_return                 0x0800023f   Thumb Code     0  libshutdown2.o(.ARM.Collect$$libshutdown$$00000010)
    __rt_lib_shutdown_signal_1               0x0800023f   Thumb Code     0  libshutdown2.o(.ARM.Collect$$libshutdown$$0000000A)
    __rt_lib_shutdown_stdio_1                0x0800023f   Thumb Code     0  libshutdown2.o(.ARM.Collect$$libshutdown$$00000004)
    __rt_lib_shutdown_user_alloc_1           0x0800023f   Thumb Code     0  libshutdown2.o(.ARM.Collect$$libshutdown$$0000000C)
    __rt_entry                               0x08000241   Thumb Code     0  __rtentry.o(.ARM.Collect$$rtentry$$00000000)
    __rt_entry_presh_1                       0x08000241   Thumb Code     0  __rtentry2.o(.ARM.Collect$$rtentry$$00000002)
    __rt_entry_sh                            0x08000241   Thumb Code     0  __rtentry4.o(.ARM.Collect$$rtentry$$00000004)
    __rt_entry_li                            0x08000247   Thumb Code     0  __rtentry2.o(.ARM.Collect$$rtentry$$0000000A)
    __rt_entry_postsh_1                      0x08000247   Thumb Code     0  __rtentry2.o(.ARM.Collect$$rtentry$$00000009)
    __rt_entry_main                          0x0800024b   Thumb Code     0  __rtentry2.o(.ARM.Collect$$rtentry$$0000000D)
    __rt_entry_postli_1                      0x0800024b   Thumb Code     0  __rtentry2.o(.ARM.Collect$$rtentry$$0000000C)
    __rt_exit                                0x08000253   Thumb Code     0  rtexit.o(.ARM.Collect$$rtexit$$00000000)
    __rt_exit_ls                             0x08000255   Thumb Code     0  rtexit2.o(.ARM.Collect$$rtexit$$00000003)
    __rt_exit_prels_1                        0x08000255   Thumb Code     0  rtexit2.o(.ARM.Collect$$rtexit$$00000002)
    __rt_exit_exit                           0x08000259   Thumb Code     0  rtexit2.o(.ARM.Collect$$rtexit$$00000004)
    Reset_Handler                            0x08000261   Thumb Code     8  startup_stm32f401xc.o(.text)
    ADC_IRQHandler                           0x0800027b   Thumb Code     0  startup_stm32f401xc.o(.text)
    DMA1_Stream0_IRQHandler                  0x0800027b   Thumb Code     0  startup_stm32f401xc.o(.text)
    DMA1_Stream1_IRQHandler                  0x0800027b   Thumb Code     0  startup_stm32f401xc.o(.text)
    DMA1_Stream2_IRQHandler                  0x0800027b   Thumb Code     0  startup_stm32f401xc.o(.text)
    DMA1_Stream3_IRQHandler                  0x0800027b   Thumb Code     0  startup_stm32f401xc.o(.text)
    DMA1_Stream4_IRQHandler                  0x0800027b   Thumb Code     0  startup_stm32f401xc.o(.text)
    DMA1_Stream5_IRQHandler                  0x0800027b   Thumb Code     0  startup_stm32f401xc.o(.text)
    DMA1_Stream6_IRQHandler                  0x0800027b   Thumb Code     0  startup_stm32f401xc.o(.text)
    DMA1_Stream7_IRQHandler                  0x0800027b   Thumb Code     0  startup_stm32f401xc.o(.text)
    DMA2_Stream0_IRQHandler                  0x0800027b   Thumb Code     0  startup_stm32f401xc.o(.text)
    DMA2_Stream1_IRQHandler                  0x0800027b   Thumb Code     0  startup_stm32f401xc.o(.text)
    DMA2_Stream2_IRQHandler                  0x0800027b   Thumb Code     0  startup_stm32f401xc.o(.text)
    DMA2_Stream3_IRQHandler                  0x0800027b   Thumb Code     0  startup_stm32f401xc.o(.text)
    DMA2_Stream4_IRQHandler                  0x0800027b   Thumb Code     0  startup_stm32f401xc.o(.text)
    DMA2_Stream5_IRQHandler                  0x0800027b   Thumb Code     0  startup_stm32f401xc.o(.text)
    DMA2_Stream6_IRQHandler                  0x0800027b   Thumb Code     0  startup_stm32f401xc.o(.text)
    DMA2_Stream7_IRQHandler                  0x0800027b   Thumb Code     0  startup_stm32f401xc.o(.text)
    EXTI0_IRQHandler                         0x0800027b   Thumb Code     0  startup_stm32f401xc.o(.text)
    EXTI15_10_IRQHandler                     0x0800027b   Thumb Code     0  startup_stm32f401xc.o(.text)
    EXTI1_IRQHandler                         0x0800027b   Thumb Code     0  startup_stm32f401xc.o(.text)
    EXTI2_IRQHandler                         0x0800027b   Thumb Code     0  startup_stm32f401xc.o(.text)
    EXTI3_IRQHandler                         0x0800027b   Thumb Code     0  startup_stm32f401xc.o(.text)
    EXTI4_IRQHandler                         0x0800027b   Thumb Code     0  startup_stm32f401xc.o(.text)
    EXTI9_5_IRQHandler                       0x0800027b   Thumb Code     0  startup_stm32f401xc.o(.text)
    FLASH_IRQHandler                         0x0800027b   Thumb Code     0  startup_stm32f401xc.o(.text)
    FPU_IRQHandler                           0x0800027b   Thumb Code     0  startup_stm32f401xc.o(.text)
    I2C1_ER_IRQHandler                       0x0800027b   Thumb Code     0  startup_stm32f401xc.o(.text)
    I2C1_EV_IRQHandler                       0x0800027b   Thumb Code     0  startup_stm32f401xc.o(.text)
    I2C2_ER_IRQHandler                       0x0800027b   Thumb Code     0  startup_stm32f401xc.o(.text)
    I2C2_EV_IRQHandler                       0x0800027b   Thumb Code     0  startup_stm32f401xc.o(.text)
    I2C3_ER_IRQHandler                       0x0800027b   Thumb Code     0  startup_stm32f401xc.o(.text)
    I2C3_EV_IRQHandler                       0x0800027b   Thumb Code     0  startup_stm32f401xc.o(.text)
    OTG_FS_IRQHandler                        0x0800027b   Thumb Code     0  startup_stm32f401xc.o(.text)
    OTG_FS_WKUP_IRQHandler                   0x0800027b   Thumb Code     0  startup_stm32f401xc.o(.text)
    PVD_IRQHandler                           0x0800027b   Thumb Code     0  startup_stm32f401xc.o(.text)
    RCC_IRQHandler                           0x0800027b   Thumb Code     0  startup_stm32f401xc.o(.text)
    RTC_Alarm_IRQHandler                     0x0800027b   Thumb Code     0  startup_stm32f401xc.o(.text)
    RTC_WKUP_IRQHandler                      0x0800027b   Thumb Code     0  startup_stm32f401xc.o(.text)
    SDIO_IRQHandler                          0x0800027b   Thumb Code     0  startup_stm32f401xc.o(.text)
    SPI1_IRQHandler                          0x0800027b   Thumb Code     0  startup_stm32f401xc.o(.text)
    SPI2_IRQHandler                          0x0800027b   Thumb Code     0  startup_stm32f401xc.o(.text)
    SPI3_IRQHandler                          0x0800027b   Thumb Code     0  startup_stm32f401xc.o(.text)
    SPI4_IRQHandler                          0x0800027b   Thumb Code     0  startup_stm32f401xc.o(.text)
    TAMP_STAMP_IRQHandler                    0x0800027b   Thumb Code     0  startup_stm32f401xc.o(.text)
    TIM1_BRK_TIM9_IRQHandler                 0x0800027b   Thumb Code     0  startup_stm32f401xc.o(.text)
    TIM1_CC_IRQHandler                       0x0800027b   Thumb Code     0  startup_stm32f401xc.o(.text)
    TIM1_TRG_COM_TIM11_IRQHandler            0x0800027b   Thumb Code     0  startup_stm32f401xc.o(.text)
    TIM1_UP_TIM10_IRQHandler                 0x0800027b   Thumb Code     0  startup_stm32f401xc.o(.text)
    TIM2_IRQHandler                          0x0800027b   Thumb Code     0  startup_stm32f401xc.o(.text)
    TIM3_IRQHandler                          0x0800027b   Thumb Code     0  startup_stm32f401xc.o(.text)
    TIM4_IRQHandler                          0x0800027b   Thumb Code     0  startup_stm32f401xc.o(.text)
    TIM5_IRQHandler                          0x0800027b   Thumb Code     0  startup_stm32f401xc.o(.text)
    USART1_IRQHandler                        0x0800027b   Thumb Code     0  startup_stm32f401xc.o(.text)
    USART6_IRQHandler                        0x0800027b   Thumb Code     0  startup_stm32f401xc.o(.text)
    WWDG_IRQHandler                          0x0800027b   Thumb Code     0  startup_stm32f401xc.o(.text)
    __user_initial_stackheap                 0x0800027d   Thumb Code     0  startup_stm32f401xc.o(.text)
    __aeabi_uldivmod                         0x080002a1   Thumb Code     0  lludivv7m.o(.text)
    _ll_udiv                                 0x080002a1   Thumb Code   240  lludivv7m.o(.text)
    __aeabi_memclr4                          0x08000391   Thumb Code     0  rt_memclr_w.o(.text)
    __aeabi_memclr8                          0x08000391   Thumb Code     0  rt_memclr_w.o(.text)
    __rt_memclr_w                            0x08000391   Thumb Code     0  rt_memclr_w.o(.text)
    _memset_w                                0x08000395   Thumb Code    74  rt_memclr_w.o(.text)
    __use_two_region_memory                  0x080003df   Thumb Code     2  heapauxi.o(.text)
    __rt_heap_escrow$2region                 0x080003e1   Thumb Code     2  heapauxi.o(.text)
    __rt_heap_expand$2region                 0x080003e3   Thumb Code     2  heapauxi.o(.text)
    __user_setup_stackheap                   0x080003e5   Thumb Code    74  sys_stackheap_outer.o(.text)
    exit                                     0x0800042f   Thumb Code    18  exit.o(.text)
    __user_libspace                          0x08000441   Thumb Code     8  libspace.o(.text)
    __user_perproc_libspace                  0x08000441   Thumb Code     0  libspace.o(.text)
    __user_perthread_libspace                0x08000441   Thumb Code     0  libspace.o(.text)
    _sys_exit                                0x08000449   Thumb Code     8  sys_exit.o(.text)
    __I$use$semihosting                      0x08000455   Thumb Code     0  use_no_semi.o(.text)
    __use_no_semihosting_swi                 0x08000455   Thumb Code     2  use_no_semi.o(.text)
    __semihosting_library_function           0x08000457   Thumb Code     0  indicate_semi.o(.text)
    BusFault_Handler                         0x08000459   Thumb Code     4  stm32f4xx_it.o(.text.BusFault_Handler)
    DMA_USART2_RX_Init                       0x0800045d   Thumb Code   144  hw_dma.o(.text.DMA_USART2_RX_Init)
    DMA_USART2_TX_Init                       0x080004ed   Thumb Code   116  hw_dma.o(.text.DMA_USART2_TX_Init)
    DebugMon_Handler                         0x08000561   Thumb Code     2  stm32f4xx_it.o(.text.DebugMon_Handler)
    GPIO_USART2_Init                         0x08000565   Thumb Code    80  hw_gpio.o(.text.GPIO_USART2_Init)
    HardFault_Handler                        0x080005b5   Thumb Code     4  stm32f4xx_it.o(.text.HardFault_Handler)
    LL_DMA_DeInit                            0x08000719   Thumb Code   972  stm32f4xx_ll_dma.o(.text.LL_DMA_DeInit)
    LL_DMA_Init                              0x08000ba5   Thumb Code   174  stm32f4xx_ll_dma.o(.text.LL_DMA_Init)
    LL_GPIO_Init                             0x08000db1   Thumb Code   264  stm32f4xx_ll_gpio.o(.text.LL_GPIO_Init)
    LL_RCC_GetSystemClocksFreq               0x08001189   Thumb Code    54  stm32f4xx_ll_rcc.o(.text.LL_RCC_GetSystemClocksFreq)
    LL_USART_Init                            0x080012cd   Thumb Code   210  stm32f4xx_ll_usart.o(.text.LL_USART_Init)
    MemManage_Handler                        0x080014b9   Thumb Code     4  stm32f4xx_it.o(.text.MemManage_Handler)
    NMI_Handler                              0x080014bd   Thumb Code     4  stm32f4xx_it.o(.text.NMI_Handler)
    PendSV_Handler                           0x0800152d   Thumb Code     2  stm32f4xx_it.o(.text.PendSV_Handler)
    RCC_GetHCLKClockFreq                     0x08001531   Thumb Code    38  stm32f4xx_ll_rcc.o(.text.RCC_GetHCLKClockFreq)
    RCC_GetPCLK1ClockFreq                    0x08001559   Thumb Code    36  stm32f4xx_ll_rcc.o(.text.RCC_GetPCLK1ClockFreq)
    RCC_GetPCLK2ClockFreq                    0x0800157d   Thumb Code    36  stm32f4xx_ll_rcc.o(.text.RCC_GetPCLK2ClockFreq)
    RCC_GetSystemClockFreq                   0x080015a1   Thumb Code    88  stm32f4xx_ll_rcc.o(.text.RCC_GetSystemClockFreq)
    RCC_PLL_GetFreqDomain_SYS                0x080015f9   Thumb Code   142  stm32f4xx_ll_rcc.o(.text.RCC_PLL_GetFreqDomain_SYS)
    SVC_Handler                              0x08001689   Thumb Code     2  stm32f4xx_it.o(.text.SVC_Handler)
    SysTick_Handler                          0x0800168d   Thumb Code     2  stm32f4xx_it.o(.text.SysTick_Handler)
    SystemInit                               0x08001691   Thumb Code    18  system_stm32f4xx.o(.text.SystemInit)
    USART2_IRQHandler                        0x080016a5   Thumb Code   378  main.o(.text.USART2_IRQHandler)
    USART2_Init                              0x08001821   Thumb Code   104  hw_usart.o(.text.USART2_Init)
    UsageFault_Handler                       0x08001889   Thumb Code     4  stm32f4xx_it.o(.text.UsageFault_Handler)
    main                                     0x08001991   Thumb Code    86  main.o(.text.main)
    _fp_init                                 0x080019e7   Thumb Code    26  fpinit.o(x$fpl$fpinit)
    __fplib_config_fpu_vfp                   0x080019ff   Thumb Code     0  fpinit.o(x$fpl$fpinit)
    __fplib_config_pureend_doubles           0x080019ff   Thumb Code     0  fpinit.o(x$fpl$fpinit)
    AHBPrescTable                            0x08001a00   Data          16  system_stm32f4xx.o(.rodata.AHBPrescTable)
    APBPrescTable                            0x08001a10   Data           8  system_stm32f4xx.o(.rodata.APBPrescTable)
    Region$$Table$$Base                      0x08001a30   Number         0  anon$$obj.o(Region$$Table)
    Region$$Table$$Limit                     0x08001a50   Number         0  anon$$obj.o(Region$$Table)
    tx_bye                                   0x20000000   Data           6  main.o(.data.tx_bye)
    tx_hello                                 0x20000006   Data           8  main.o(.data.tx_hello)
    __libspace_start                         0x20000010   Data          96  libspace.o(.bss)
    __temporary_stack_top$libspace           0x20000070   Data           0  libspace.o(.bss)
    rx_buf                                   0x20000070   Data          64  hw_dma.o(.bss.rx_buf)



==============================================================================

Memory Map of the image

  Image Entry point : 0x08000195

  Load Region LR_IROM1 (Base: 0x08000000, Size: 0x00001a60, Max: 0x00040000, ABSOLUTE)

    Execution Region ER_IROM1 (Exec base: 0x08000000, Load base: 0x08000000, Size: 0x00001a50, Max: 0x00040000, ABSOLUTE)

    Exec Addr    Load Addr    Size         Type   Attr      Idx    E Section Name        Object

    0x08000000   0x08000000   0x00000194   Data   RO            3    RESET               startup_stm32f401xc.o
    0x08000194   0x08000194   0x00000008   Code   RO          448  * !!!main             c_w.l(__main.o)
    0x0800019c   0x0800019c   0x0000005c   Code   RO          623    !!!scatter          c_w.l(__scatter.o)
    0x080001f8   0x080001f8   0x0000001a   Code   RO          627    !!handler_copy      c_w.l(__scatter_copy.o)
    0x08000212   0x08000212   0x00000002   PAD
    0x08000214   0x08000214   0x00000002   Code   RO          624    !!handler_null      c_w.l(__scatter.o)
    0x08000216   0x08000216   0x00000002   PAD
    0x08000218   0x08000218   0x0000001c   Code   RO          629    !!handler_zi        c_w.l(__scatter_zi.o)
    0x08000234   0x08000234   0x00000002   Code   RO          485    .ARM.Collect$$libinit$$00000000  c_w.l(libinit.o)
    0x08000236   0x08000236   0x00000004   Code   RO          497    .ARM.Collect$$libinit$$00000001  c_w.l(libinit2.o)
    0x0800023a   0x0800023a   0x00000000   Code   RO          500    .ARM.Collect$$libinit$$00000004  c_w.l(libinit2.o)
    0x0800023a   0x0800023a   0x00000000   Code   RO          502    .ARM.Collect$$libinit$$00000006  c_w.l(libinit2.o)
    0x0800023a   0x0800023a   0x00000000   Code   RO          505    .ARM.Collect$$libinit$$0000000C  c_w.l(libinit2.o)
    0x0800023a   0x0800023a   0x00000000   Code   RO          507    .ARM.Collect$$libinit$$0000000E  c_w.l(libinit2.o)
    0x0800023a   0x0800023a   0x00000000   Code   RO          509    .ARM.Collect$$libinit$$00000010  c_w.l(libinit2.o)
    0x0800023a   0x0800023a   0x00000000   Code   RO          512    .ARM.Collect$$libinit$$00000013  c_w.l(libinit2.o)
    0x0800023a   0x0800023a   0x00000000   Code   RO          514    .ARM.Collect$$libinit$$00000015  c_w.l(libinit2.o)
    0x0800023a   0x0800023a   0x00000000   Code   RO          516    .ARM.Collect$$libinit$$00000017  c_w.l(libinit2.o)
    0x0800023a   0x0800023a   0x00000000   Code   RO          518    .ARM.Collect$$libinit$$00000019  c_w.l(libinit2.o)
    0x0800023a   0x0800023a   0x00000000   Code   RO          520    .ARM.Collect$$libinit$$0000001B  c_w.l(libinit2.o)
    0x0800023a   0x0800023a   0x00000000   Code   RO          522    .ARM.Collect$$libinit$$0000001D  c_w.l(libinit2.o)
    0x0800023a   0x0800023a   0x00000000   Code   RO          524    .ARM.Collect$$libinit$$0000001F  c_w.l(libinit2.o)
    0x0800023a   0x0800023a   0x00000000   Code   RO          526    .ARM.Collect$$libinit$$00000021  c_w.l(libinit2.o)
    0x0800023a   0x0800023a   0x00000000   Code   RO          528    .ARM.Collect$$libinit$$00000023  c_w.l(libinit2.o)
    0x0800023a   0x0800023a   0x00000000   Code   RO          530    .ARM.Collect$$libinit$$00000025  c_w.l(libinit2.o)
    0x0800023a   0x0800023a   0x00000000   Code   RO          532    .ARM.Collect$$libinit$$00000027  c_w.l(libinit2.o)
    0x0800023a   0x0800023a   0x00000000   Code   RO          536    .ARM.Collect$$libinit$$0000002E  c_w.l(libinit2.o)
    0x0800023a   0x0800023a   0x00000000   Code   RO          538    .ARM.Collect$$libinit$$00000030  c_w.l(libinit2.o)
    0x0800023a   0x0800023a   0x00000000   Code   RO          540    .ARM.Collect$$libinit$$00000032  c_w.l(libinit2.o)
    0x0800023a   0x0800023a   0x00000000   Code   RO          542    .ARM.Collect$$libinit$$00000034  c_w.l(libinit2.o)
    0x0800023a   0x0800023a   0x00000002   Code   RO          543    .ARM.Collect$$libinit$$00000035  c_w.l(libinit2.o)
    0x0800023c   0x0800023c   0x00000002   Code   RO          578    .ARM.Collect$$libshutdown$$00000000  c_w.l(libshutdown.o)
    0x0800023e   0x0800023e   0x00000000   Code   RO          606    .ARM.Collect$$libshutdown$$00000002  c_w.l(libshutdown2.o)
    0x0800023e   0x0800023e   0x00000000   Code   RO          608    .ARM.Collect$$libshutdown$$00000004  c_w.l(libshutdown2.o)
    0x0800023e   0x0800023e   0x00000000   Code   RO          611    .ARM.Collect$$libshutdown$$00000007  c_w.l(libshutdown2.o)
    0x0800023e   0x0800023e   0x00000000   Code   RO          614    .ARM.Collect$$libshutdown$$0000000A  c_w.l(libshutdown2.o)
    0x0800023e   0x0800023e   0x00000000   Code   RO          616    .ARM.Collect$$libshutdown$$0000000C  c_w.l(libshutdown2.o)
    0x0800023e   0x0800023e   0x00000000   Code   RO          619    .ARM.Collect$$libshutdown$$0000000F  c_w.l(libshutdown2.o)
    0x0800023e   0x0800023e   0x00000002   Code   RO          620    .ARM.Collect$$libshutdown$$00000010  c_w.l(libshutdown2.o)
    0x08000240   0x08000240   0x00000000   Code   RO          450    .ARM.Collect$$rtentry$$00000000  c_w.l(__rtentry.o)
    0x08000240   0x08000240   0x00000000   Code   RO          456    .ARM.Collect$$rtentry$$00000002  c_w.l(__rtentry2.o)
    0x08000240   0x08000240   0x00000006   Code   RO          468    .ARM.Collect$$rtentry$$00000004  c_w.l(__rtentry4.o)
    0x08000246   0x08000246   0x00000000   Code   RO          458    .ARM.Collect$$rtentry$$00000009  c_w.l(__rtentry2.o)
    0x08000246   0x08000246   0x00000004   Code   RO          459    .ARM.Collect$$rtentry$$0000000A  c_w.l(__rtentry2.o)
    0x0800024a   0x0800024a   0x00000000   Code   RO          461    .ARM.Collect$$rtentry$$0000000C  c_w.l(__rtentry2.o)
    0x0800024a   0x0800024a   0x00000008   Code   RO          462    .ARM.Collect$$rtentry$$0000000D  c_w.l(__rtentry2.o)
    0x08000252   0x08000252   0x00000002   Code   RO          489    .ARM.Collect$$rtexit$$00000000  c_w.l(rtexit.o)
    0x08000254   0x08000254   0x00000000   Code   RO          549    .ARM.Collect$$rtexit$$00000002  c_w.l(rtexit2.o)
    0x08000254   0x08000254   0x00000004   Code   RO          550    .ARM.Collect$$rtexit$$00000003  c_w.l(rtexit2.o)
    0x08000258   0x08000258   0x00000006   Code   RO          551    .ARM.Collect$$rtexit$$00000004  c_w.l(rtexit2.o)
    0x0800025e   0x0800025e   0x00000002   PAD
    0x08000260   0x08000260   0x00000040   Code   RO            4    .text               startup_stm32f401xc.o
    0x080002a0   0x080002a0   0x000000f0   Code   RO          442    .text               c_w.l(lludivv7m.o)
    0x08000390   0x08000390   0x0000004e   Code   RO          444    .text               c_w.l(rt_memclr_w.o)
    0x080003de   0x080003de   0x00000006   Code   RO          446    .text               c_w.l(heapauxi.o)
    0x080003e4   0x080003e4   0x0000004a   Code   RO          472    .text               c_w.l(sys_stackheap_outer.o)
    0x0800042e   0x0800042e   0x00000012   Code   RO          474    .text               c_w.l(exit.o)
    0x08000440   0x08000440   0x00000008   Code   RO          486    .text               c_w.l(libspace.o)
    0x08000448   0x08000448   0x0000000c   Code   RO          544    .text               c_w.l(sys_exit.o)
    0x08000454   0x08000454   0x00000002   Code   RO          567    .text               c_w.l(use_no_semi.o)
    0x08000456   0x08000456   0x00000000   Code   RO          569    .text               c_w.l(indicate_semi.o)
    0x08000456   0x08000456   0x00000002   PAD
    0x08000458   0x08000458   0x00000004   Code   RO           92    .text.BusFault_Handler  stm32f4xx_it.o
    0x0800045c   0x0800045c   0x00000090   Code   RO          418    .text.DMA_USART2_RX_Init  hw_dma.o
    0x080004ec   0x080004ec   0x00000074   Code   RO          428    .text.DMA_USART2_TX_Init  hw_dma.o
    0x08000560   0x08000560   0x00000002   Code   RO           98    .text.DebugMon_Handler  stm32f4xx_it.o
    0x08000562   0x08000562   0x00000002   PAD
    0x08000564   0x08000564   0x00000050   Code   RO          386    .text.GPIO_USART2_Init  hw_gpio.o
    0x080005b4   0x080005b4   0x00000004   Code   RO           88    .text.HardFault_Handler  stm32f4xx_it.o
    0x080005b8   0x080005b8   0x00000022   Code   RO          388    .text.LL_AHB1_GRP1_EnableClock  hw_gpio.o
    0x080005da   0x080005da   0x00000002   PAD
    0x080005dc   0x080005dc   0x00000022   Code   RO          420    .text.LL_AHB1_GRP1_EnableClock  hw_dma.o
    0x080005fe   0x080005fe   0x00000002   PAD
    0x08000600   0x08000600   0x00000018   Code   RO          177    .text.LL_AHB1_GRP1_ForceReset  stm32f4xx_ll_dma.o
    0x08000618   0x08000618   0x00000018   Code   RO          179    .text.LL_AHB1_GRP1_ReleaseReset  stm32f4xx_ll_dma.o
    0x08000630   0x08000630   0x00000022   Code   RO           15    .text.LL_APB1_GRP1_EnableClock  main.o
    0x08000652   0x08000652   0x00000002   PAD
    0x08000654   0x08000654   0x00000022   Code   RO          399    .text.LL_APB1_GRP1_EnableClock  hw_usart.o
    0x08000676   0x08000676   0x00000002   PAD
    0x08000678   0x08000678   0x00000022   Code   RO           13    .text.LL_APB2_GRP1_EnableClock  main.o
    0x0800069a   0x0800069a   0x00000002   PAD
    0x0800069c   0x0800069c   0x00000010   Code   RO           69    .text.LL_DMA_ClearFlag_TC6  main.o
    0x080006ac   0x080006ac   0x00000036   Code   RO          189    .text.LL_DMA_ConfigFifo  stm32f4xx_ll_dma.o
    0x080006e2   0x080006e2   0x00000002   PAD
    0x080006e4   0x080006e4   0x00000032   Code   RO          187    .text.LL_DMA_ConfigTransfer  stm32f4xx_ll_dma.o
    0x08000716   0x08000716   0x00000002   PAD
    0x08000718   0x08000718   0x000003cc   Code   RO          175    .text.LL_DMA_DeInit  stm32f4xx_ll_dma.o
    0x08000ae4   0x08000ae4   0x00000020   Code   RO           59    .text.LL_DMA_DisableStream  main.o
    0x08000b04   0x08000b04   0x00000020   Code   RO          181    .text.LL_DMA_DisableStream  stm32f4xx_ll_dma.o
    0x08000b24   0x08000b24   0x00000020   Code   RO          422    .text.LL_DMA_DisableStream  hw_dma.o
    0x08000b44   0x08000b44   0x00000020   Code   RO           65    .text.LL_DMA_EnableStream  main.o
    0x08000b64   0x08000b64   0x00000020   Code   RO          426    .text.LL_DMA_EnableStream  hw_dma.o
    0x08000b84   0x08000b84   0x0000001e   Code   RO           57    .text.LL_DMA_GetDataLength  main.o
    0x08000ba2   0x08000ba2   0x00000002   PAD
    0x08000ba4   0x08000ba4   0x000000ae   Code   RO          185    .text.LL_DMA_Init   stm32f4xx_ll_dma.o
    0x08000c52   0x08000c52   0x00000002   PAD
    0x08000c54   0x08000c54   0x00000010   Code   RO           67    .text.LL_DMA_IsActiveFlag_TC6  main.o
    0x08000c64   0x08000c64   0x0000002c   Code   RO          183    .text.LL_DMA_SetChannelSelection  stm32f4xx_ll_dma.o
    0x08000c90   0x08000c90   0x00000032   Code   RO           63    .text.LL_DMA_SetDataLength  main.o
    0x08000cc2   0x08000cc2   0x00000002   PAD
    0x08000cc4   0x08000cc4   0x00000032   Code   RO          199    .text.LL_DMA_SetDataLength  stm32f4xx_ll_dma.o
    0x08000cf6   0x08000cf6   0x00000002   PAD
    0x08000cf8   0x08000cf8   0x00000020   Code   RO           61    .text.LL_DMA_SetMemoryAddress  main.o
    0x08000d18   0x08000d18   0x00000020   Code   RO          195    .text.LL_DMA_SetMemoryAddress  stm32f4xx_ll_dma.o
    0x08000d38   0x08000d38   0x0000002c   Code   RO          191    .text.LL_DMA_SetMemoryBurstxfer  stm32f4xx_ll_dma.o
    0x08000d64   0x08000d64   0x00000020   Code   RO          197    .text.LL_DMA_SetPeriphAddress  stm32f4xx_ll_dma.o
    0x08000d84   0x08000d84   0x0000002c   Code   RO          193    .text.LL_DMA_SetPeriphBurstxfer  stm32f4xx_ll_dma.o
    0x08000db0   0x08000db0   0x00000108   Code   RO          117    .text.LL_GPIO_Init  stm32f4xx_ll_gpio.o
    0x08000eb8   0x08000eb8   0x0000007c   Code   RO          125    .text.LL_GPIO_SetAFPin_0_7  stm32f4xx_ll_gpio.o
    0x08000f34   0x08000f34   0x00000080   Code   RO          127    .text.LL_GPIO_SetAFPin_8_15  stm32f4xx_ll_gpio.o
    0x08000fb4   0x08000fb4   0x0000007c   Code   RO          129    .text.LL_GPIO_SetPinMode  stm32f4xx_ll_gpio.o
    0x08001030   0x08001030   0x0000001e   Code   RO          121    .text.LL_GPIO_SetPinOutputType  stm32f4xx_ll_gpio.o
    0x0800104e   0x0800104e   0x00000002   PAD
    0x08001050   0x08001050   0x0000007c   Code   RO          123    .text.LL_GPIO_SetPinPull  stm32f4xx_ll_gpio.o
    0x080010cc   0x080010cc   0x0000007c   Code   RO          119    .text.LL_GPIO_SetPinSpeed  stm32f4xx_ll_gpio.o
    0x08001148   0x08001148   0x00000010   Code   RO          249    .text.LL_RCC_GetAHBPrescaler  stm32f4xx_ll_rcc.o
    0x08001158   0x08001158   0x00000010   Code   RO          251    .text.LL_RCC_GetAPB1Prescaler  stm32f4xx_ll_rcc.o
    0x08001168   0x08001168   0x00000010   Code   RO          253    .text.LL_RCC_GetAPB2Prescaler  stm32f4xx_ll_rcc.o
    0x08001178   0x08001178   0x00000010   Code   RO          245    .text.LL_RCC_GetSysClkSource  stm32f4xx_ll_rcc.o
    0x08001188   0x08001188   0x00000036   Code   RO          221    .text.LL_RCC_GetSystemClocksFreq  stm32f4xx_ll_rcc.o
    0x080011be   0x080011be   0x00000002   PAD
    0x080011c0   0x080011c0   0x00000010   Code   RO          257    .text.LL_RCC_PLL_GetDivider  stm32f4xx_ll_rcc.o
    0x080011d0   0x080011d0   0x00000010   Code   RO          255    .text.LL_RCC_PLL_GetMainSource  stm32f4xx_ll_rcc.o
    0x080011e0   0x080011e0   0x00000010   Code   RO          259    .text.LL_RCC_PLL_GetN  stm32f4xx_ll_rcc.o
    0x080011f0   0x080011f0   0x00000010   Code   RO          261    .text.LL_RCC_PLL_GetP  stm32f4xx_ll_rcc.o
    0x08001200   0x08001200   0x00000018   Code   RO           55    .text.LL_USART_ClearFlag_IDLE  main.o
    0x08001218   0x08001218   0x0000001c   Code   RO          401    .text.LL_USART_ConfigAsyncMode  hw_usart.o
    0x08001234   0x08001234   0x00000012   Code   RO          403    .text.LL_USART_Enable  hw_usart.o
    0x08001246   0x08001246   0x00000002   PAD
    0x08001248   0x08001248   0x0000002a   Code   RO          424    .text.LL_USART_EnableDMAReq_RX  hw_dma.o
    0x08001272   0x08001272   0x00000002   PAD
    0x08001274   0x08001274   0x0000002a   Code   RO          430    .text.LL_USART_EnableDMAReq_TX  hw_dma.o
    0x0800129e   0x0800129e   0x00000002   PAD
    0x080012a0   0x080012a0   0x0000002a   Code   RO          405    .text.LL_USART_EnableIT_IDLE  hw_usart.o
    0x080012ca   0x080012ca   0x00000002   PAD
    0x080012cc   0x080012cc   0x000000d2   Code   RO          150    .text.LL_USART_Init  stm32f4xx_ll_usart.o
    0x0800139e   0x0800139e   0x00000002   PAD
    0x080013a0   0x080013a0   0x00000010   Code   RO           53    .text.LL_USART_IsActiveFlag_IDLE  main.o
    0x080013b0   0x080013b0   0x00000010   Code   RO           71    .text.LL_USART_IsActiveFlag_TC  main.o
    0x080013c0   0x080013c0   0x00000010   Code   RO          152    .text.LL_USART_IsEnabled  stm32f4xx_ll_usart.o
    0x080013d0   0x080013d0   0x000000b0   Code   RO          158    .text.LL_USART_SetBaudRate  stm32f4xx_ll_usart.o
    0x08001480   0x08001480   0x0000001a   Code   RO          156    .text.LL_USART_SetHWFlowCtrl  stm32f4xx_ll_usart.o
    0x0800149a   0x0800149a   0x00000002   PAD
    0x0800149c   0x0800149c   0x0000001a   Code   RO          154    .text.LL_USART_SetStopBitsLength  stm32f4xx_ll_usart.o
    0x080014b6   0x080014b6   0x00000002   PAD
    0x080014b8   0x080014b8   0x00000004   Code   RO           90    .text.MemManage_Handler  stm32f4xx_it.o
    0x080014bc   0x080014bc   0x00000004   Code   RO           86    .text.NMI_Handler   stm32f4xx_it.o
    0x080014c0   0x080014c0   0x0000006c   Code   RO           21    .text.NVIC_EncodePriority  main.o
    0x0800152c   0x0800152c   0x00000002   Code   RO          100    .text.PendSV_Handler  stm32f4xx_it.o
    0x0800152e   0x0800152e   0x00000002   PAD
    0x08001530   0x08001530   0x00000026   Code   RO          225    .text.RCC_GetHCLKClockFreq  stm32f4xx_ll_rcc.o
    0x08001556   0x08001556   0x00000002   PAD
    0x08001558   0x08001558   0x00000024   Code   RO          227    .text.RCC_GetPCLK1ClockFreq  stm32f4xx_ll_rcc.o
    0x0800157c   0x0800157c   0x00000024   Code   RO          229    .text.RCC_GetPCLK2ClockFreq  stm32f4xx_ll_rcc.o
    0x080015a0   0x080015a0   0x00000058   Code   RO          223    .text.RCC_GetSystemClockFreq  stm32f4xx_ll_rcc.o
    0x080015f8   0x080015f8   0x0000008e   Code   RO          247    .text.RCC_PLL_GetFreqDomain_SYS  stm32f4xx_ll_rcc.o
    0x08001686   0x08001686   0x00000002   PAD
    0x08001688   0x08001688   0x00000002   Code   RO           96    .text.SVC_Handler   stm32f4xx_it.o
    0x0800168a   0x0800168a   0x00000002   PAD
    0x0800168c   0x0800168c   0x00000002   Code   RO          102    .text.SysTick_Handler  stm32f4xx_it.o
    0x0800168e   0x0800168e   0x00000002   PAD
    0x08001690   0x08001690   0x00000012   Code   RO          372    .text.SystemInit    system_stm32f4xx.o
    0x080016a2   0x080016a2   0x00000002   PAD
    0x080016a4   0x080016a4   0x0000017a   Code   RO           51    .text.USART2_IRQHandler  main.o
    0x0800181e   0x0800181e   0x00000002   PAD
    0x08001820   0x08001820   0x00000068   Code   RO          397    .text.USART2_Init   hw_usart.o
    0x08001888   0x08001888   0x00000004   Code   RO           94    .text.UsageFault_Handler  stm32f4xx_it.o
    0x0800188c   0x0800188c   0x00000030   Code   RO          409    .text.__NVIC_EnableIRQ  hw_usart.o
    0x080018bc   0x080018bc   0x00000010   Code   RO           23    .text.__NVIC_GetPriorityGrouping  main.o
    0x080018cc   0x080018cc   0x00000042   Code   RO           19    .text.__NVIC_SetPriority  main.o
    0x0800190e   0x0800190e   0x00000002   PAD
    0x08001910   0x08001910   0x00000042   Code   RO          407    .text.__NVIC_SetPriority  hw_usart.o
    0x08001952   0x08001952   0x00000002   PAD
    0x08001954   0x08001954   0x0000003c   Code   RO           17    .text.__NVIC_SetPriorityGrouping  main.o
    0x08001990   0x08001990   0x00000056   Code   RO           11    .text.main          main.o
    0x080019e6   0x080019e6   0x0000001a   Code   RO          561    x$fpl$fpinit        fz_wm.l(fpinit.o)
    0x08001a00   0x08001a00   0x00000010   Data   RO          377    .rodata.AHBPrescTable  system_stm32f4xx.o
    0x08001a10   0x08001a10   0x00000008   Data   RO          378    .rodata.APBPrescTable  system_stm32f4xx.o
    0x08001a18   0x08001a18   0x00000008   Data   RO           77    .rodata.STREAM_OFFSET_TAB  main.o
    0x08001a20   0x08001a20   0x00000008   Data   RO          203    .rodata.STREAM_OFFSET_TAB  stm32f4xx_ll_dma.o
    0x08001a28   0x08001a28   0x00000008   Data   RO          433    .rodata.STREAM_OFFSET_TAB  hw_dma.o
    0x08001a30   0x08001a30   0x00000020   Data   RO          622    Region$$Table       anon$$obj.o


    Execution Region RW_IRAM1 (Exec base: 0x20000000, Load base: 0x08001a50, Size: 0x000006b0, Max: 0x00010000, ABSOLUTE)

    Exec Addr    Load Addr    Size         Type   Attr      Idx    E Section Name        Object

    0x20000000   0x08001a50   0x00000006   Data   RW           76    .data.tx_bye        main.o
    0x20000006   0x08001a56   0x00000008   Data   RW           75    .data.tx_hello      main.o
    0x2000000e   0x08001a5e   0x00000002   PAD
    0x20000010        -       0x00000060   Zero   RW          487    .bss                c_w.l(libspace.o)
    0x20000070        -       0x00000040   Zero   RW          432    .bss.rx_buf         hw_dma.o
    0x200000b0        -       0x00000200   Zero   RW            2    HEAP                startup_stm32f401xc.o
    0x200002b0        -       0x00000400   Zero   RW            1    STACK               startup_stm32f401xc.o


==============================================================================

Image component sizes


      Code (inc. data)   RO Data    RW Data    ZI Data      Debug   Object Name

       442          0          8          0         64       3633   hw_dma.o
       114          0          0          0          0       2216   hw_gpio.o
       340          0          0          0          0       5217   hw_usart.o
      1046          0          8         14          0       9401   main.o
        64         26        404          0       1536        860   startup_stm32f401xc.o
        28          0          0          0          0       1016   stm32f4xx_it.o
      1576          0          8          0          0       5300   stm32f4xx_ll_dma.o
       918          0          0          0          0       5031   stm32f4xx_ll_gpio.o
       522          0          0          0          0       6141   stm32f4xx_ll_rcc.o
       454          0          0          0          0       4906   stm32f4xx_ll_usart.o
        18          0         24          0          0       2588   system_stm32f4xx.o

    ----------------------------------------------------------------------
      5582         26        484         16       1600      46309   Object Totals
         0          0         32          0          0          0   (incl. Generated)
        60          0          0          2          0          0   (incl. Padding)

    ----------------------------------------------------------------------

      Code (inc. data)   RO Data    RW Data    ZI Data      Debug   Library Member Name

         8          0          0          0          0         68   __main.o
         0          0          0          0          0          0   __rtentry.o
        12          0          0          0          0          0   __rtentry2.o
         6          0          0          0          0          0   __rtentry4.o
        94          8          0          0          0          0   __scatter.o
        26          0          0          0          0          0   __scatter_copy.o
        28          0          0          0          0          0   __scatter_zi.o
        18          0          0          0          0         80   exit.o
         6          0          0          0          0        152   heapauxi.o
         0          0          0          0          0          0   indicate_semi.o
         2          0          0          0          0          0   libinit.o
         6          0          0          0          0          0   libinit2.o
         2          0          0          0          0          0   libshutdown.o
         2          0          0          0          0          0   libshutdown2.o
         8          4          0          0         96         68   libspace.o
       240          0          0          0          0        100   lludivv7m.o
        78          0          0          0          0         80   rt_memclr_w.o
         2          0          0          0          0          0   rtexit.o
        10          0          0          0          0          0   rtexit2.o
        12          4          0          0          0         68   sys_exit.o
        74          0          0          0          0         80   sys_stackheap_outer.o
         2          0          0          0          0         68   use_no_semi.o
        26          0          0          0          0        116   fpinit.o

    ----------------------------------------------------------------------
       670         16          0          0         96        880   Library Totals
         8          0          0          0          0          0   (incl. Padding)

    ----------------------------------------------------------------------

      Code (inc. data)   RO Data    RW Data    ZI Data      Debug   Library Name

       636         16          0          0         96        764   c_w.l
        26          0          0          0          0        116   fz_wm.l

    ----------------------------------------------------------------------
       670         16          0          0         96        880   Library Totals

    ----------------------------------------------------------------------

==============================================================================


      Code (inc. data)   RO Data    RW Data    ZI Data      Debug   

      6252         42        484         16       1696      46817   Grand Totals
      6252         42        484         16       1696      46817   ELF Image Totals
      6252         42        484         16          0          0   ROM Totals

==============================================================================

    Total RO  Size (Code + RO Data)                 6736 (   6.58kB)
    Total RW  Size (RW Data + ZI Data)              1712 (   1.67kB)
    Total ROM Size (Code + RO Data + RW Data)       6752 (   6.59kB)

==============================================================================

